08-28 16:37:52.683  2636  2901 I AppsFilter: interaction: PackageSetting{4a8b25c com.example.flutter_and_agora/10576} -> PackageSetting{8edefff com.yoga_ai/10770} BLOCKED
08-28 16:37:52.683  2636  2901 I AppsFilter: interaction: PackageSetting{dd0552e com.reactnativeoauthtest/10761} -> PackageSetting{8edefff com.yoga_ai/10770} BLOCKED
08-28 16:37:52.683  2636  2901 I AppsFilter: interaction: PackageSetting{4964ce2 com.example.animal_alanet_app_ui/10286} -> PackageSetting{8edefff com.yoga_ai/10770} BLOCKED
08-28 16:37:52.683  2636  2901 I AppsFilter: interaction: PackageSetting{fa971ad com.example.diteapp/10406} -> PackageSetting{8edefff com.yoga_ai/10770} BLOCKED
08-28 16:37:52.683  2636  2901 I AppsFilter: interaction: PackageSetting{4304f71 com.example.instagram_clone/10593} -> PackageSetting{8edefff com.yoga_ai/10770} BLOCKED
08-28 16:37:52.683  2636  2901 I AppsFilter: interaction: PackageSetting{31cb918 com.example.simple_login_app_ui/10330} -> PackageSetting{8edefff com.yoga_ai/10770} BLOCKED
08-28 16:37:52.683  2636  2901 I AppsFilter: interaction: PackageSetting{f0a18f5 com.example.flutter_firebase_geeky_shows/10486} -> PackageSetting{8edefff com.yoga_ai/10770} BLOCKED
08-28 16:37:52.683  2636  2901 I AppsFilter: interaction: PackageSetting{f69662c com.bookapp/10000} -> PackageSetting{8edefff com.yoga_ai/10770} BLOCKED
08-28 16:37:52.683  2636  2901 I AppsFilter: interaction: PackageSetting{f0b9239 com.example.flutter_agora_2/10577} -> PackageSetting{8edefff com.yoga_ai/10770} BLOCKED
08-28 16:37:52.683  2636  2901 I AppsFilter: interaction: PackageSetting{66412a6 com.example.main/10396} -> PackageSetting{8edefff com.yoga_ai/10770} BLOCKED
08-28 16:37:52.683  2636  2901 I AppsFilter: interaction: PackageSetting{d076401 com.example.facebookclone/10322} -> PackageSetting{8edefff com.yoga_ai/10770} BLOCKED
08-28 16:37:52.683  2636  2901 I AppsFilter: interaction: PackageSetting{115f30b com.client/10810} -> PackageSetting{8edefff com.yoga_ai/10770} BLOCKED
08-28 16:37:52.683  2636  2901 I AppsFilter: interaction: PackageSetting{ae60485 com.example.ownpdfreader/10437} -> PackageSetting{8edefff com.yoga_ai/10770} BLOCKED
08-28 16:37:52.683  2636  2901 I AppsFilter: interaction: PackageSetting{3036cd0 com.example.flutter_by_geeky_shows/10317} -> PackageSetting{8edefff com.yoga_ai/10770} BLOCKED
08-28 16:37:52.683  2636  2901 I AppsFilter: interaction: PackageSetting{485ce64 com.example.firebasekotlin/10727} -> PackageSetting{8edefff com.yoga_ai/10770} BLOCKED
08-28 16:37:52.683  2636  2901 I AppsFilter: interaction: PackageSetting{4edbff6 com.example.reddit_clone/10692} -> PackageSetting{8edefff com.yoga_ai/10770} BLOCKED
08-28 16:37:52.683  2636  2901 I AppsFilter: interaction: PackageSetting{aa911cc com.example.androidwithkotlin/10012} -> PackageSetting{8edefff com.yoga_ai/10770} BLOCKED
08-28 16:37:52.683  2636  2901 I AppsFilter: interaction: PackageSetting{d82099c com.example.whatsappandfirebase/10682} -> PackageSetting{8edefff com.yoga_ai/10770} BLOCKED
08-28 16:37:52.683  2636  2901 I AppsFilter: interaction: PackageSetting{97e3de9 com.testapp/10751} -> PackageSetting{8edefff com.yoga_ai/10770} BLOCKED
08-28 16:37:52.683  2636  2901 I AppsFilter: interaction: PackageSetting{1f8a17 com.example.crypto_app/10006} -> PackageSetting{8edefff com.yoga_ai/10770} BLOCKED
08-28 16:37:52.683  2636  2901 I AppsFilter: interaction: PackageSetting{10649a4 com.example.netflixmirror/10204} -> PackageSetting{8edefff com.yoga_ai/10770} BLOCKED
08-28 16:37:52.683  2636  2901 I AppsFilter: interaction: PackageSetting{f9ebd40 com.example.whatsappclone/10304} -> PackageSetting{8edefff com.yoga_ai/10770} BLOCKED
08-28 16:37:52.683  2636  2901 I AppsFilter: interaction: PackageSetting{11210c3 com.example.flutter_twitch_clone/10039} -> PackageSetting{8edefff com.yoga_ai/10770} BLOCKED
08-28 16:37:52.683  2636  2901 I AppsFilter: interaction: PackageSetting{1a90fe6 com.video_stream_client/10813} -> PackageSetting{8edefff com.yoga_ai/10770} BLOCKED
08-28 16:37:52.683  2636  2901 I AppsFilter: interaction: PackageSetting{273d3c com.example.flutter_chat_ui/10474} -> PackageSetting{8edefff com.yoga_ai/10770} BLOCKED
08-28 16:37:52.683  2636  2901 I AppsFilter: interaction: PackageSetting{1e48709 com.example.tasty_recipe/10138} -> PackageSetting{8edefff com.yoga_ai/10770} BLOCKED
08-28 16:37:52.683  2636  2901 I AppsFilter: interaction: PackageSetting{492a6c2 com.example.flutter_firebase_authantication/10038} -> PackageSetting{8edefff com.yoga_ai/10770} BLOCKED
08-28 16:37:52.683  2636  2901 I AppsFilter: interaction: PackageSetting{a6ced36 com.reactnativesocialauth/10762} -> PackageSetting{8edefff com.yoga_ai/10770} BLOCKED
08-28 16:37:52.683  2636  2901 I AppsFilter: interaction: PackageSetting{20b8d5b com.example.goole_product_store/10333} -> PackageSetting{8edefff com.yoga_ai/10770} BLOCKED
08-28 16:37:52.683  2636  2901 I AppsFilter: interaction: PackageSetting{68bf46a com.app_monitor/10182} -> PackageSetting{8edefff com.yoga_ai/10770} BLOCKED
08-28 16:37:52.683  2636  2901 I AppsFilter: interaction: PackageSetting{7a66255 com.example.online_shope_ui/10478} -> PackageSetting{8edefff com.yoga_ai/10770} BLOCKED
08-28 16:37:52.683  2636  2901 I AppsFilter: interaction: PackageSetting{2cd790c com.example.twitter_clone/10684} -> PackageSetting{8edefff com.yoga_ai/10770} BLOCKED
08-28 16:37:52.683  2636  2901 I AppsFilter: interaction: PackageSetting{4e1305e com.weevote/10823} -> PackageSetting{8edefff com.yoga_ai/10770} BLOCKED
08-28 16:37:52.683  2636  2901 I AppsFilter: interaction: PackageSetting{79dafc2 com.example.flutter_travel_ui/10469} -> PackageSetting{8edefff com.yoga_ai/10770} BLOCKED
08-28 16:37:52.683  2636  2901 I AppsFilter: interaction: PackageSetting{fe24ee0 com.example.whatsappuiclone/10256} -> PackageSetting{8edefff com.yoga_ai/10770} BLOCKED
08-28 16:37:52.683  2636  2901 I AppsFilter: interaction: PackageSetting{bce6ec8 com.example.pdfreader/10329} -> PackageSetting{8edefff com.yoga_ai/10770} BLOCKED
08-28 16:37:52.683  2636  2901 I AppsFilter: interaction: PackageSetting{5ff7ea4 com.example.despicablemecharacters/10335} -> PackageSetting{8edefff com.yoga_ai/10770} BLOCKED
08-28 16:37:52.683  2636  2901 I AppsFilter: interaction: PackageSetting{9e1dc06 com.ifwa_foundations/10821} -> PackageSetting{8edefff com.yoga_ai/10770} BLOCKED
08-28 16:37:52.683  2636  2901 I AppsFilter: interaction: PackageSetting{be2f6e1 com.example.discover/10580} -> PackageSetting{8edefff com.yoga_ai/10770} BLOCKED
08-28 16:37:52.683  2636  2901 I AppsFilter: interaction: PackageSetting{e90963a com.example.sample_app/10500} -> PackageSetting{8edefff com.yoga_ai/10770} BLOCKED
08-28 16:37:52.683  2636  2901 I AppsFilter: interaction: PackageSetting{4a8b25c com.example.flutter_and_agora/10576} -> PackageSetting{8edefff com.yoga_ai/10770} BLOCKED
08-28 16:37:52.683  2636  2901 I AppsFilter: interaction: PackageSetting{dd0552e com.reactnativeoauthtest/10761} -> PackageSetting{8edefff com.yoga_ai/10770} BLOCKED
08-28 16:37:52.683  2636  2901 I AppsFilter: interaction: PackageSetting{4964ce2 com.example.animal_alanet_app_ui/10286} -> PackageSetting{8edefff com.yoga_ai/10770} BLOCKED
08-28 16:37:52.683  2636  2901 I AppsFilter: interaction: PackageSetting{fa971ad com.example.diteapp/10406} -> PackageSetting{8edefff com.yoga_ai/10770} BLOCKED
08-28 16:37:52.683  2636  2901 I AppsFilter: interaction: PackageSetting{4304f71 com.example.instagram_clone/10593} -> PackageSetting{8edefff com.yoga_ai/10770} BLOCKED
08-28 16:37:52.683  2636  2901 I AppsFilter: interaction: PackageSetting{31cb918 com.example.simple_login_app_ui/10330} -> PackageSetting{8edefff com.yoga_ai/10770} BLOCKED
08-28 16:37:52.683  2636  2901 I AppsFilter: interaction: PackageSetting{f0a18f5 com.example.flutter_firebase_geeky_shows/10486} -> PackageSetting{8edefff com.yoga_ai/10770} BLOCKED
08-28 16:37:52.683  2636  2901 I AppsFilter: interaction: PackageSetting{f69662c com.bookapp/10000} -> PackageSetting{8edefff com.yoga_ai/10770} BLOCKED
08-28 16:37:52.683  2636  2901 I AppsFilter: interaction: PackageSetting{f0b9239 com.example.flutter_agora_2/10577} -> PackageSetting{8edefff com.yoga_ai/10770} BLOCKED
08-28 16:37:52.683  2636  2901 I AppsFilter: interaction: PackageSetting{66412a6 com.example.main/10396} -> PackageSetting{8edefff com.yoga_ai/10770} BLOCKED
08-28 16:37:52.683  2636  2901 I AppsFilter: interaction: PackageSetting{d076401 com.example.facebookclone/10322} -> PackageSetting{8edefff com.yoga_ai/10770} BLOCKED
08-28 16:37:52.683  2636  2901 I AppsFilter: interaction: PackageSetting{115f30b com.client/10810} -> PackageSetting{8edefff com.yoga_ai/10770} BLOCKED
08-28 16:37:52.683  2636  2901 I AppsFilter: interaction: PackageSetting{ae60485 com.example.ownpdfreader/10437} -> PackageSetting{8edefff com.yoga_ai/10770} BLOCKED
08-28 16:37:52.683  2636  2901 I AppsFilter: interaction: PackageSetting{3036cd0 com.example.flutter_by_geeky_shows/10317} -> PackageSetting{8edefff com.yoga_ai/10770} BLOCKED
08-28 16:37:52.683  2636  2901 I AppsFilter: interaction: PackageSetting{485ce64 com.example.firebasekotlin/10727} -> PackageSetting{8edefff com.yoga_ai/10770} BLOCKED
08-28 16:37:52.683  2636  2901 I AppsFilter: interaction: PackageSetting{4edbff6 com.example.reddit_clone/10692} -> PackageSetting{8edefff com.yoga_ai/10770} BLOCKED
08-28 16:37:52.684  2636  2901 I AppsFilter: interaction: PackageSetting{aa911cc com.example.androidwithkotlin/10012} -> PackageSetting{8edefff com.yoga_ai/10770} BLOCKED
08-28 16:37:52.684  2636  2901 I AppsFilter: interaction: PackageSetting{d82099c com.example.whatsappandfirebase/10682} -> PackageSetting{8edefff com.yoga_ai/10770} BLOCKED
08-28 16:37:52.684  2636  2901 I AppsFilter: interaction: PackageSetting{97e3de9 com.testapp/10751} -> PackageSetting{8edefff com.yoga_ai/10770} BLOCKED
08-28 16:37:52.684  2636  2901 I AppsFilter: interaction: PackageSetting{1f8a17 com.example.crypto_app/10006} -> PackageSetting{8edefff com.yoga_ai/10770} BLOCKED
08-28 16:37:52.684  2636  2901 I AppsFilter: interaction: PackageSetting{10649a4 com.example.netflixmirror/10204} -> PackageSetting{8edefff com.yoga_ai/10770} BLOCKED
08-28 16:37:52.684  2636  2901 I AppsFilter: interaction: PackageSetting{f9ebd40 com.example.whatsappclone/10304} -> PackageSetting{8edefff com.yoga_ai/10770} BLOCKED
08-28 16:37:52.684  2636  2901 I AppsFilter: interaction: PackageSetting{11210c3 com.example.flutter_twitch_clone/10039} -> PackageSetting{8edefff com.yoga_ai/10770} BLOCKED
08-28 16:37:52.684  2636  2901 I AppsFilter: interaction: PackageSetting{1a90fe6 com.video_stream_client/10813} -> PackageSetting{8edefff com.yoga_ai/10770} BLOCKED
08-28 16:37:52.684  2636  2901 I AppsFilter: interaction: PackageSetting{273d3c com.example.flutter_chat_ui/10474} -> PackageSetting{8edefff com.yoga_ai/10770} BLOCKED
08-28 16:37:52.684  2636  2901 I AppsFilter: interaction: PackageSetting{1e48709 com.example.tasty_recipe/10138} -> PackageSetting{8edefff com.yoga_ai/10770} BLOCKED
08-28 16:37:52.684  2636  2901 I AppsFilter: interaction: PackageSetting{492a6c2 com.example.flutter_firebase_authantication/10038} -> PackageSetting{8edefff com.yoga_ai/10770} BLOCKED
08-28 16:37:52.684  2636  2901 I AppsFilter: interaction: PackageSetting{a6ced36 com.reactnativesocialauth/10762} -> PackageSetting{8edefff com.yoga_ai/10770} BLOCKED
08-28 16:37:52.684  2636  2901 I AppsFilter: interaction: PackageSetting{20b8d5b com.example.goole_product_store/10333} -> PackageSetting{8edefff com.yoga_ai/10770} BLOCKED
08-28 16:37:52.684  2636  2901 I AppsFilter: interaction: PackageSetting{68bf46a com.app_monitor/10182} -> PackageSetting{8edefff com.yoga_ai/10770} BLOCKED
08-28 16:37:52.684  2636  2901 I AppsFilter: interaction: PackageSetting{7a66255 com.example.online_shope_ui/10478} -> PackageSetting{8edefff com.yoga_ai/10770} BLOCKED
08-28 16:37:52.684  2636  2901 I AppsFilter: interaction: PackageSetting{2cd790c com.example.twitter_clone/10684} -> PackageSetting{8edefff com.yoga_ai/10770} BLOCKED
08-28 16:37:52.684  2636  2901 I AppsFilter: interaction: PackageSetting{4e1305e com.weevote/10823} -> PackageSetting{8edefff com.yoga_ai/10770} BLOCKED
08-28 16:37:52.684  2636  2901 I AppsFilter: interaction: PackageSetting{79dafc2 com.example.flutter_travel_ui/10469} -> PackageSetting{8edefff com.yoga_ai/10770} BLOCKED
08-28 16:37:52.684  2636  2901 I AppsFilter: interaction: PackageSetting{fe24ee0 com.example.whatsappuiclone/10256} -> PackageSetting{8edefff com.yoga_ai/10770} BLOCKED
08-28 16:37:52.684  2636  2901 I AppsFilter: interaction: PackageSetting{bce6ec8 com.example.pdfreader/10329} -> PackageSetting{8edefff com.yoga_ai/10770} BLOCKED
08-28 16:37:52.686  2636  3930 I WallpaperManagerServiceExt: getFoldWallpaperInfo user=0 which=32 phyDisplay=1
08-28 16:37:52.686  2636  3930 I WallpaperManagerServiceExt: getFoldWallpaperInfo user=0 which=16 phyDisplay=1
08-28 16:37:52.687  2636  2808 W ActivityTaskManager: Force removing ActivityRecord{290ccd1 u0 com.yoga_ai/.MainActivity} t7487 f}}: app died, no saved state
08-28 16:37:52.689  2636  2775 D BatteryStatsImplExtImpl: pausedBatteryLevel:70 activityFocusedTimeInMin:16
08-28 16:37:52.713  2636  2808 V WindowManager: Changing focus from Window{e3cf292 u0 com.yoga_ai/com.yoga_ai.MainActivity} to null,diplayid=0
08-28 16:37:52.713  2636  2775 D TaskChangeNotificationControllerExtImpl: Skip pass Snapshot to listener:android.app.ITaskStackListener$Stub$Proxy@d85ba6d
08-28 16:37:52.735  2636  2808 W WindowManager: Exception thrown during dispatchAppVisibility Window{e3cf292 u0 com.yoga_ai/com.yoga_ai.MainActivity}
08-28 16:37:52.735  2636  2808 W WindowManager: android.os.DeadObjectException
08-28 16:37:52.735  2636  2808 W WindowManager: 	at android.os.BinderProxy.transactNative(Native Method)
08-28 16:37:52.735  2636  2808 W WindowManager: 	at android.os.BinderProxy.transact(BinderProxy.java:672)
08-28 16:37:52.735  2636  2808 W WindowManager: 	at android.view.IWindow$Stub$Proxy.dispatchAppVisibility(IWindow.java:536)
08-28 16:37:52.735  2636  2808 W WindowManager: 	at com.android.server.wm.WindowState.sendAppVisibilityToClients(WindowState.java:3747)
08-28 16:37:52.735  2636  2808 W WindowManager: 	at com.android.server.wm.WindowContainer.sendAppVisibilityToClients(WindowContainer.java:1266)
08-28 16:37:52.735  2636  2808 W WindowManager: 	at com.android.server.wm.WindowToken.setClientVisible(WindowToken.java:421)
08-28 16:37:52.735  2636  2808 W WindowManager: 	at com.android.server.wm.ActivityRecord.setClientVisible(ActivityRecord.java:7357)
08-28 16:37:52.735  2636  2808 W WindowManager: 	at com.android.server.wm.ActivityRecord.postApplyAnimation(ActivityRecord.java:5903)
08-28 16:37:52.735  2636  2808 W WindowManager: 	at com.android.server.wm.ActivityRecord.commitVisibility(ActivityRecord.java:5858)
08-28 16:37:52.735  2636  2808 W WindowManager: 	at com.android.server.wm.ActivityRecord.commitVisibility(ActivityRecord.java:5862)
08-28 16:37:52.735  2636  2808 W WindowManager: 	at com.android.server.wm.ActivityRecord.onRemovedFromDisplay(ActivityRecord.java:4587)
08-28 16:37:52.735  2636  2808 W WindowManager: 	at com.android.server.wm.DisplayContent.removeAppToken(DisplayContent.java:1436)
08-28 16:37:52.735  2636  2808 W WindowManager: 	at com.android.server.wm.ActivityRecord.removeFromHistory(ActivityRecord.java:4202)
08-28 16:37:52.735  2636  2808 W WindowManager: 	at com.android.server.wm.ActivityRecord.handleAppDied(ActivityRecord.java:4497)
08-28 16:37:52.735  2636  2808 W WindowManager: 	at com.android.server.wm.WindowProcessController.handleAppDied(WindowProcessController.java:1308)
08-28 16:37:52.735  2636  2808 W WindowManager: 	at com.android.server.wm.ActivityTaskManagerService$LocalService.handleAppDied(ActivityTaskManagerService.java:6247)
08-28 16:37:52.735  2636  2808 W WindowManager: 	at com.android.server.am.ActivityManagerService.handleAppDiedLocked(ActivityManagerService.java:3574)
08-28 16:37:52.735  2636  2808 W WindowManager: 	at com.android.server.am.ProcessList.removeProcessLocked(ProcessList.java:3055)
08-28 16:37:52.735  2636  2808 W WindowManager: 	at com.android.server.am.ProcessList.killPackageProcessesLSP(ProcessList.java:2992)
08-28 16:37:52.735  2636  2808 W WindowManager: 	at com.android.server.am.ActivityManagerService.forceStopPackageLocked(ActivityManagerService.java:5010)
08-28 16:37:52.735  2636  2808 W WindowManager: 	at com.android.server.am.ActivityManagerService$MainHandler.handleMessage(ActivityManagerService.java:1912)
08-28 16:37:52.735  2636  2808 W WindowManager: 	at android.os.Handler.dispatchMessage(Handler.java:106)
08-28 16:37:52.735  2636  2808 W WindowManager: 	at android.os.Looper.loopOnce(Looper.java:240)
08-28 16:37:52.735  2636  2808 W WindowManager: 	at android.os.Looper.loop(Looper.java:351)
08-28 16:37:52.735  2636  2808 W WindowManager: 	at android.os.HandlerThread.run(HandlerThread.java:67)
08-28 16:37:52.735  2636  2808 W WindowManager: 	at com.android.server.ServiceThread.run(ServiceThread.java:44)
08-28 16:37:52.737  2636  2808 W WindowManager: Exception thrown during dispatchAppVisibility Window{c218e2c u0 com.yoga_ai/com.yoga_ai.MainActivity}
08-28 16:37:52.737  2636  2808 W WindowManager: android.os.DeadObjectException
08-28 16:37:52.737  2636  2808 W WindowManager: 	at android.os.BinderProxy.transactNative(Native Method)
08-28 16:37:52.737  2636  2808 W WindowManager: 	at android.os.BinderProxy.transact(BinderProxy.java:672)
08-28 16:37:52.737  2636  2808 W WindowManager: 	at android.view.IWindow$Stub$Proxy.dispatchAppVisibility(IWindow.java:536)
08-28 16:37:52.737  2636  2808 W WindowManager: 	at com.android.server.wm.WindowState.sendAppVisibilityToClients(WindowState.java:3747)
08-28 16:37:52.737  2636  2808 W WindowManager: 	at com.android.server.wm.WindowContainer.sendAppVisibilityToClients(WindowContainer.java:1266)
08-28 16:37:52.737  2636  2808 W WindowManager: 	at com.android.server.wm.WindowToken.setClientVisible(WindowToken.java:421)
08-28 16:37:52.737  2636  2808 W WindowManager: 	at com.android.server.wm.ActivityRecord.setClientVisible(ActivityRecord.java:7357)
08-28 16:37:52.737  2636  2808 W WindowManager: 	at com.android.server.wm.ActivityRecord.postApplyAnimation(ActivityRecord.java:5903)
08-28 16:37:52.737  2636  2808 W WindowManager: 	at com.android.server.wm.ActivityRecord.commitVisibility(ActivityRecord.java:5858)
08-28 16:37:52.737  2636  2808 W WindowManager: 	at com.android.server.wm.ActivityRecord.commitVisibility(ActivityRecord.java:5862)
08-28 16:37:52.737  2636  2808 W WindowManager: 	at com.android.server.wm.ActivityRecord.onRemovedFromDisplay(ActivityRecord.java:4587)
08-28 16:37:52.737  2636  2808 W WindowManager: 	at com.android.server.wm.DisplayContent.removeAppToken(DisplayContent.java:1436)
08-28 16:37:52.737  2636  2808 W WindowManager: 	at com.android.server.wm.ActivityRecord.removeFromHistory(ActivityRecord.java:4202)
08-28 16:37:52.737  2636  2808 W WindowManager: 	at com.android.server.wm.ActivityRecord.handleAppDied(ActivityRecord.java:4497)
08-28 16:37:52.737  2636  2808 W WindowManager: 	at com.android.server.wm.WindowProcessController.handleAppDied(WindowProcessController.java:1308)
08-28 16:37:52.737  2636  2808 W WindowManager: 	at com.android.server.wm.ActivityTaskManagerService$LocalService.handleAppDied(ActivityTaskManagerService.java:6247)
08-28 16:37:52.737  2636  2808 W WindowManager: 	at com.android.server.am.ActivityManagerService.handleAppDiedLocked(ActivityManagerService.java:3574)
08-28 16:37:52.737  2636  2808 W WindowManager: 	at com.android.server.am.ProcessList.removeProcessLocked(ProcessList.java:3055)
08-28 16:37:52.737  2636  2808 W WindowManager: 	at com.android.server.am.ProcessList.killPackageProcessesLSP(ProcessList.java:2992)
08-28 16:37:52.737  2636  2808 W WindowManager: 	at com.android.server.am.ActivityManagerService.forceStopPackageLocked(ActivityManagerService.java:5010)
08-28 16:37:52.737  2636  2808 W WindowManager: 	at com.android.server.am.ActivityManagerService$MainHandler.handleMessage(ActivityManagerService.java:1912)
08-28 16:37:52.737  2636  2808 W WindowManager: 	at android.os.Handler.dispatchMessage(Handler.java:106)
08-28 16:37:52.737  2636  2808 W WindowManager: 	at android.os.Looper.loopOnce(Looper.java:240)
08-28 16:37:52.737  2636  2808 W WindowManager: 	at android.os.Looper.loop(Looper.java:351)
08-28 16:37:52.737  2636  2808 W WindowManager: 	at android.os.HandlerThread.run(HandlerThread.java:67)
08-28 16:37:52.737  2636  2808 W WindowManager: 	at com.android.server.ServiceThread.run(ServiceThread.java:44)
08-28 16:37:52.756  2636  2901 D PackageManager: skipInstallInMultiUser com.yoga_ai
08-28 16:37:52.757  2636  2901 I PackageManager: Permission ownership changed. Updating all permissions.
08-28 16:37:52.773  2636  3824 D DisplayManagerService: Display listener for pid 7892 died.
08-28 16:37:52.796  2636  2808 D OplusMirageWindowManagerService: onTaskRemoved displayid:0 taskId:7487 callers:com.android.server.wm.MirageWindowManagerExtImpl.onTaskRemoved:47 com.android.server.wm.TaskDisplayArea.removeChildTask:398 com.android.server.wm.TaskDisplayArea.removeChild:387 com.android.server.wm.WindowContainer.removeImmediately:891 com.android.server.wm.TaskFragment.removeImmediately:2904 
08-28 16:37:52.796  2636  2808 I OplusScreenSecurityMask: onStackRemoved task = Task{36e28c5 #7487 type=standard A=10770:com.yoga_ai U=0 visible=false visibleRequested=false mode=fullscreen translucent=true sz=0} record = null displayId = 0
08-28 16:37:52.797  2636  2808 D TaskFragmentExtImpl: remove ActivityRecord{290ccd1 u0 com.yoga_ai/.MainActivity} t-1 f}} to mActivityRecordSum = Counter{ }
08-28 16:37:52.846  2636  2901 D OplusSensitivePermGrantPolicyManager: no OplusPermissionKey in com.oplus.uiengine
08-28 16:37:52.846  2636  2901 D OplusSensitivePermGrantPolicyManager: no OplusPermissionKey in com.oplus.uiengine
08-28 16:37:52.903  2636  2901 D OplusSensitivePermGrantPolicyManager: no OplusPermissionKey in com.oplus.portrait
08-28 16:37:52.903  2636  2901 D OplusSensitivePermGrantPolicyManager: no OplusPermissionKey in com.oplus.portrait
08-28 16:37:52.952  2636  2901 D OplusSensitivePermGrantPolicyManager: no OplusPermissionKey in com.snapchat.android
08-28 16:37:52.953  2636  2901 D OplusSensitivePermGrantPolicyManager: no OplusPermissionKey in com.snapchat.android
08-28 16:37:53.039  2636  2901 D OplusPackageAbiHelper: notifyPackageAddOrChange :com.yoga_ai primaryabi = arm64-v8a secondabi = null
08-28 16:37:53.077  2636  2772 W Looper  : Slow dispatch took 316ms android.fg h=android.os.Handler c=<recycled PooledLambda@7e08970> m=0
08-28 16:37:53.077  2636  2772 W Looper  : Slow delivery took 317ms android.fg h=android.os.Handler c=<recycled PooledLambda@a81d56e> m=0
08-28 16:37:53.089  2636  2888 D VRR [OPlusRefreshRateService]: onConfigChanged physicalDisplayId: 4630946827272645761 modeId: 1
08-28 16:37:53.094  2636  2901 E ArtManagerService: Failed to prepare profile for com.yoga_ai:/data/app/~~Zo7DViULMy7tqu3aeXopKA==/com.yoga_ai-iB7BHhwRtnw4_MkQxCLxFw==/base.apk
08-28 16:37:53.098  2636  2808 I OplusJoystickManager: handleApplicationSwitch deprecated!
08-28 16:37:53.098  2636  4833 D OplusAppSwitchListener: Detect com.yoga_ai switch to background
08-28 16:37:53.098  2636  4833 D OplusEapManager: mTargetExitName :com.yoga_ai
08-28 16:37:53.099  2636  2808 D ActivityTaskManager: onWindowFocusChanged Task{bcdf0be #6 type=home I=com.android.launcher/.Launcher U=0 rootTaskId=1 visible=true visibleRequested=true mode=fullscreen translucent=true sz=1} would transfer to compact
08-28 16:37:53.105  2636  4833 D VRR [OPlusFrontAppManager]: OnAppSwitchObserver: onAppExit , info.targetName = com.yoga_ai
08-28 16:37:53.105  2636  4833 D VRR [OPlusFrontAppManager]: packageName: null
08-28 16:37:53.107  2636  2888 D VRR [OPlusRefreshRateService]: handleFrontAppChange pkgName: null
08-28 16:37:53.107  2636  2888 D VRR [OPlusExternalRefreshRateManager]: setFrontPackageName pkgName: null CurPkgName: com.yoga_ai
08-28 16:37:53.109  2636  4833 D OplusAppSwitchListener: Detect com.android.launcher switch to foreground
08-28 16:37:53.109  2636  4833 D OplusEapManager: mTargetEnterName :com.android.launcher
08-28 16:37:53.110  2636  2808 D TaskFragmentExtImpl: addColorModeOnResume resume=true pkg = com.android.launcher
08-28 16:37:53.111  2636  4833 D VRR [OPlusFrontAppManager]: OnAppSwitchObserver: onAppEnter , info.targetName = com.android.launcher
08-28 16:37:53.111  2636  4833 D VRR [OPlusFrontAppManager]: packageName: com.android.launcher
08-28 16:37:53.111  2636  2888 D VRR [OPlusRefreshRateService]: handleFrontAppChange pkgName: com.android.launcher
08-28 16:37:53.111  2636  2888 D VRR [OPlusExternalRefreshRateManager]: setFrontPackageName pkgName: com.android.launcher CurPkgName: null
08-28 16:37:53.117  2636  7668 D VRR [OPlusRefreshRateService]:  setFrameRateTargetControl [ 0.0 , com.yoga_ai , false , com.oplus.battery ]
08-28 16:37:53.117  2636  7668 D VRR [OPlusRefreshRateService]:  setFrameRateTargetControl from [0, 1000, android.uid.system:1000]
08-28 16:37:53.117  2636  7668 D VRR [OPlusExternalRefreshRateManager]:  [FRTC] FrameRate : 0 com.yoga_ai false com.oplus.battery 0 1000
08-28 16:37:53.119  2636  2888 D VRR [OPlusSurfaceFlingerController]:  add frtc FrameRate : 0 com.yoga_ai false com.oplus.battery
08-28 16:37:53.132  3982  3982 I Quality : Skipped: false 0 cost 5.8320827 refreshRate 11089585 bit true processName com.android.launcher
08-28 16:37:53.136  2636  7668 V WindowManager: Relayout Window{13c774f u0 (1-1)-Window{d97fa20 alpha=1.0 fl=}}: viewVisibility=0, oldvis=8, req=1080x2400
08-28 16:37:53.141  2636  4376 D CompatibilityChangeReporter: Compat change id reported: 157233955; UID 1000; state: ENABLED
08-28 16:37:53.144  2636  2808 D OplusKeepAliveManager: TOP_APP is ProcessRecord{a8ef6ae 3982:com.android.launcher/u0a107} uid is 10107
08-28 16:37:53.144  2636  2825 E OplusThermalStats: Error getting package info: com.android.launcher
08-28 16:37:53.144  2636  2901 E ArtManagerService: Failed to prepare profile for com.yoga_ai:/data/app/~~Zo7DViULMy7tqu3aeXopKA==/com.yoga_ai-iB7BHhwRtnw4_MkQxCLxFw==/base.apk
08-28 16:37:53.145  2636  2901 E ArtManagerService: Failed to prepare profile for com.yoga_ai:/data/app/~~Zo7DViULMy7tqu3aeXopKA==/com.yoga_ai-iB7BHhwRtnw4_MkQxCLxFw==/base.apk
08-28 16:37:53.145  2636  2901 E ArtManagerService: Failed to prepare profile for com.yoga_ai:/data/app/~~Zo7DViULMy7tqu3aeXopKA==/com.yoga_ai-iB7BHhwRtnw4_MkQxCLxFw==/base.apk
08-28 16:37:53.147  2636  2775 V WindowManager: Unknown focus tokens, dropping reportFocusChanged
08-28 16:37:53.147  2636  6876 V WindowManager: Relayout Window{7633206 u0 com.android.launcher/com.android.launcher.Launcher}: viewVisibility=0, oldvis=8, req=1080x2400
08-28 16:37:53.150  4788 13894 D iopgp   : OnPackageChangeEvent:Received PackageChangeEvent{packageName=com.yoga_ai,version=1,lastUpdateTimeMillis=1724845072679}
08-28 16:37:53.150  4788 13894 D iopgp   : Same version package com.yoga_ai with version 1
08-28 16:37:53.150  4788 13894 D iopgp   : OnPackageChangeEvent:old package version is 1
08-28 16:37:53.153  2636  2775 D OplusBatteryManager: getPsyBatteryRm: 3247
08-28 16:37:53.153  2636  2775 D BatteryStatsImplExtImpl: resumedUid:10107 resumedBatteryLevel:70  resumedPackage:com.android.launcher  resumedBatteryRealtimeCapacity:3247
08-28 16:37:53.154  2636  6876 V WindowManager: Changing focus from null to Window{7633206 u0 com.android.launcher/com.android.launcher.Launcher},diplayid=0
08-28 16:37:53.169  4788 13894 D iopgp   : Clean up files for package com.yoga_ai with version 1
08-28 16:37:53.169  4788 13894 D iopgp   : Clean up files for activity com.yoga_ai.MainActivity
08-28 16:37:53.189  2636  2888 D VRR [OPlusRefreshRateService]: handleConfigIdChange physicalDisplayId: 4630946827272645761 configId: 1
08-28 16:37:53.216  2636  7666 D WindowManager: finishDrawingWindow: Window{7633206 u0 com.android.launcher/com.android.launcher.Launcher} mDrawState=DRAW_PENDING
08-28 16:37:53.233  2636  7667 D WindowManager: finishDrawingWindow: Window{13c774f u0 (1-1)-Window{d97fa20 alpha=1.0 fl=}} mDrawState=DRAW_PENDING
08-28 16:37:53.234  2636  3678 V WindowManager: Relayout Window{5a8f0ff u0 com.android.systemui.ImageWallpaper}: viewVisibility=0, oldvis=0, req=1080x2400
08-28 16:37:53.260  2636  3678 I WindowStateExtImpl: onSurfaceShowChange show = true mPackageName = com.android.launcher parentPkgName = com.android.launcher
08-28 16:37:53.271  2636  2901 I PackageManager: set persist.sys.package.SHA1 as 13ef51c8730c5a6f1de0b79a59ae12ec3a104df1
08-28 16:37:53.297  2636  3679 V ActivityManager: Got obituary of 7892:com.yoga_ai
08-28 16:37:53.305  2636  2901 D PackageManager: notifyPackageXmlVerify done. result=true
08-28 16:37:53.309  2636  3678 D OplusAppListInterceptManager: shouldFilterTask
08-28 16:37:53.309  2636  3678 D OplusAppListInterceptManager: shouldFilterTask::packageName = com.yoga_ai
08-28 16:37:53.309  2636  3678 D OplusAppListInterceptManager: shouldFilterTask
08-28 16:37:53.309  2636  3678 D OplusAppListInterceptManager: shouldFilterTask::packageName = com.android.settings
08-28 16:37:53.310  2636  3678 D CompatibilityChangeReporter: Compat change id reported: 197654537; UID 1000; state: ENABLED
08-28 16:37:53.310  2636  3678 D OplusSplitScreenManagerService: com.android.settings unSupportsSplitScreen by blockList or ForbidActivityList
08-28 16:37:53.310  2636  3678 D OplusSplitScreenManagerService: com.android.settings unSupportsSplitScreen by blockList or ForbidActivityList
08-28 16:37:53.310  2636  3678 D OplusAppListInterceptManager: shouldFilterTask
08-28 16:37:53.310  2636  3678 D OplusAppListInterceptManager: shouldFilterTask::packageName = com.whatsapp
08-28 16:37:53.311  2636  3678 D OplusAppListInterceptManager: shouldFilterTask
08-28 16:37:53.311  2636  3678 D OplusAppListInterceptManager: shouldFilterTask::packageName = com.whatsapp.w4b
08-28 16:37:53.316  2636  2680 D InputMethodManagerService: isSecurity: attribute.packageName=com.android.launcher mCurMethodId=com.google.android.inputmethod.latin/com.android.inputmethod.latin.LatinIME
08-28 16:37:53.316  2636  2680 D InputMethodManagerService: isSecurity= false (  enable=false needShow=false inBlackList=false isExist=true )
08-28 16:37:53.319  3982  3982 I Quality : Skipped: false 1 cost 13.285735 refreshRate 11088780 bit true processName com.android.launcher
08-28 16:37:53.325  2636  2680 D OplusAppListInterceptManager: shouldFilterTask
08-28 16:37:53.325  2636  2680 D OplusAppListInterceptManager: shouldFilterTask::packageName = com.yoga_ai
08-28 16:37:53.325  2636  2680 D OplusAppListInterceptManager: shouldFilterTask
08-28 16:37:53.325  2636  2680 D OplusAppListInterceptManager: shouldFilterTask::packageName = com.android.settings
08-28 16:37:53.325  2636  2680 D OplusSplitScreenManagerService: com.android.settings unSupportsSplitScreen by blockList or ForbidActivityList
08-28 16:37:53.325  2636  2680 D OplusSplitScreenManagerService: com.android.settings unSupportsSplitScreen by blockList or ForbidActivityList
08-28 16:37:53.325  2636  2680 D OplusAppListInterceptManager: shouldFilterTask
08-28 16:37:53.325  2636  2680 D OplusAppListInterceptManager: shouldFilterTask::packageName = com.whatsapp
08-28 16:37:53.325  2636  2680 D OplusAppListInterceptManager: shouldFilterTask
08-28 16:37:53.325  2636  2680 D OplusAppListInterceptManager: shouldFilterTask::packageName = com.whatsapp.w4b
08-28 16:37:53.327  2636  2775 I VRR [OPlusRefreshRateManager]: hasADFRFeature return false
08-28 16:37:53.327  2636  2775 I DisplayManagerService: Comparing display specs: baseModeId=2 allowGroupSwitching=false primaryRefreshRateRange=[0 90] appRequestRefreshRateRange=[0 90] vrrPolicy=POLICY_DEFAULT, existing: baseModeId=1 allowGroupSwitching=false primaryRefreshRateRange=[0 90] appRequestRefreshRateRange=[0 90] vrrPolicy=POLICY_DEFAULT
08-28 16:37:53.327  2636  2775 D DisplayManagerServiceExtImpl: scheduleTraversalLocked intraversal=false
08-28 16:37:53.351  2636  2901 D PackageManager: send ACTION_PACKAGE_FULLY_REMOVED reason:mDataRemoved=false !mIsRemovedPackageSystemUpdate=true
08-28 16:37:53.355  2636  2636 D CompatibilityChangeReporter: Compat change id reported: 135634846; UID 10183; state: DISABLED
08-28 16:37:53.355  2636  2636 D CompatibilityChangeReporter: Compat change id reported: 177438394; UID 10183; state: DISABLED
08-28 16:37:53.355  2636  2636 D CompatibilityChangeReporter: Compat change id reported: 135772972; UID 10183; state: DISABLED
08-28 16:37:53.355  2636  2636 D CompatibilityChangeReporter: Compat change id reported: 135754954; UID 10183; state: ENABLED
08-28 16:37:53.356  2636  2809 D CompatibilityChangeReporter: Compat change id reported: 143937733; UID 10183; state: ENABLED
08-28 16:37:53.358  2636  2636 W Looper  : Slow dispatch took 681ms main h=com.android.server.job.JobSchedulerService$JobHandler c=null m=3
08-28 16:37:53.358  2636  2636 W Looper  : Slow delivery took 681ms main h=com.android.server.job.controllers.PrefetchController$PcHandler c=null m=2
08-28 16:37:53.382  2636  2636 W Looper  : Drained
08-28 16:37:53.391  2636  2819 D CompatibilityChangeReporter: Compat change id reported: 135634846; UID 10202; state: DISABLED
08-28 16:37:53.391  2636  2819 D CompatibilityChangeReporter: Compat change id reported: 177438394; UID 10202; state: DISABLED
08-28 16:37:53.391  2636  2819 D CompatibilityChangeReporter: Compat change id reported: 135772972; UID 10202; state: DISABLED
08-28 16:37:53.391  2636  2819 D CompatibilityChangeReporter: Compat change id reported: 135754954; UID 10202; state: ENABLED
08-28 16:37:53.393  2636  2775 W ActivityManager: setHasOverlayUi called on unknown pid: 7892
08-28 16:37:53.435  2636  2809 W ActivityManager: Slow operation: 83ms so far, now at startProcess: returned from zygote!
08-28 16:37:53.505  2636  2776 V OplusZoomWindowManagerService: onAnimationFinished:  r = ActivityRecord{2b81955 u0 com.android.launcher/.Launcher} t6}
08-28 16:37:53.506  2636  2776 I OplusAppSwitchManagerService:  handleAppVisible , r = ActivityRecord{2b81955 u0 com.android.launcher/.Launcher} t6}
08-28 16:37:53.513  2636  2776 D DisplayManagerService: performTraversalInternal pendingTraversal
08-28 16:37:53.513  2636  2776 D DisplayDevice: setLayerStackLocked id=local:4630946827272645761 token=android.os.BinderProxy@75a533b stack=0->0
08-28 16:37:53.521  2636  2776 D DisplayManagerService: performTraversalInternal pendingTraversal
08-28 16:37:53.522  2636  2776 D DisplayDevice: setLayerStackLocked id=local:4630946827272645761 token=android.os.BinderProxy@75a533b stack=0->0
08-28 16:37:53.525  2636  2777 I Quality : 01 10 22
08-28 16:37:53.545  2636  2775 D DisplayManagerService: MSG_REQUEST_TRAVERSAL pendingCompleted=false
08-28 16:37:53.546  2636  3901 D InputMethodManagerService: onHandleImeWindowVisibleStatus: vis = 0, needsToShowImeSwitcher = false
08-28 16:37:53.549  2636  2772 W Looper  : Slow dispatch took 106ms android.fg h=android.os.Handler c=<recycled PooledLambda@7c35a72> m=0
08-28 16:37:53.610  2636  2877 D CameraDelegate: handleMessage:200
08-28 16:37:53.633  2636  2901 I AppsFilter: interaction: PackageSetting{5ff7ea4 com.example.despicablemecharacters/10335} -> PackageSetting{8edefff com.yoga_ai/10770} BLOCKED
08-28 16:37:53.633  2636  2901 I AppsFilter: interaction: PackageSetting{9e1dc06 com.ifwa_foundations/10821} -> PackageSetting{8edefff com.yoga_ai/10770} BLOCKED
08-28 16:37:53.633  2636  2901 I AppsFilter: interaction: PackageSetting{be2f6e1 com.example.discover/10580} -> PackageSetting{8edefff com.yoga_ai/10770} BLOCKED
08-28 16:37:53.633  2636  2901 I AppsFilter: interaction: PackageSetting{e90963a com.example.sample_app/10500} -> PackageSetting{8edefff com.yoga_ai/10770} BLOCKED
08-28 16:37:53.633  2636  2901 I AppsFilter: interaction: PackageSetting{4a8b25c com.example.flutter_and_agora/10576} -> PackageSetting{8edefff com.yoga_ai/10770} BLOCKED
08-28 16:37:53.633  2636  2901 I AppsFilter: interaction: PackageSetting{dd0552e com.reactnativeoauthtest/10761} -> PackageSetting{8edefff com.yoga_ai/10770} BLOCKED
08-28 16:37:53.633  2636  2901 I AppsFilter: interaction: PackageSetting{4964ce2 com.example.animal_alanet_app_ui/10286} -> PackageSetting{8edefff com.yoga_ai/10770} BLOCKED
08-28 16:37:53.633  2636  2901 I AppsFilter: interaction: PackageSetting{fa971ad com.example.diteapp/10406} -> PackageSetting{8edefff com.yoga_ai/10770} BLOCKED
08-28 16:37:53.633  2636  2901 I AppsFilter: interaction: PackageSetting{4304f71 com.example.instagram_clone/10593} -> PackageSetting{8edefff com.yoga_ai/10770} BLOCKED
08-28 16:37:53.633  2636  2901 I AppsFilter: interaction: PackageSetting{31cb918 com.example.simple_login_app_ui/10330} -> PackageSetting{8edefff com.yoga_ai/10770} BLOCKED
08-28 16:37:53.633  2636  2901 I AppsFilter: interaction: PackageSetting{f0a18f5 com.example.flutter_firebase_geeky_shows/10486} -> PackageSetting{8edefff com.yoga_ai/10770} BLOCKED
08-28 16:37:53.633  2636  2901 I AppsFilter: interaction: PackageSetting{f69662c com.bookapp/10000} -> PackageSetting{8edefff com.yoga_ai/10770} BLOCKED
08-28 16:37:53.633  2636  2901 I AppsFilter: interaction: PackageSetting{f0b9239 com.example.flutter_agora_2/10577} -> PackageSetting{8edefff com.yoga_ai/10770} BLOCKED
08-28 16:37:53.633  2636  2901 I AppsFilter: interaction: PackageSetting{66412a6 com.example.main/10396} -> PackageSetting{8edefff com.yoga_ai/10770} BLOCKED
08-28 16:37:53.633  2636  2901 I AppsFilter: interaction: PackageSetting{d076401 com.example.facebookclone/10322} -> PackageSetting{8edefff com.yoga_ai/10770} BLOCKED
08-28 16:37:53.633  2636  2901 I AppsFilter: interaction: PackageSetting{115f30b com.client/10810} -> PackageSetting{8edefff com.yoga_ai/10770} BLOCKED
08-28 16:37:53.633  2636  2901 I AppsFilter: interaction: PackageSetting{ae60485 com.example.ownpdfreader/10437} -> PackageSetting{8edefff com.yoga_ai/10770} BLOCKED
08-28 16:37:53.633  2636  2901 I AppsFilter: interaction: PackageSetting{3036cd0 com.example.flutter_by_geeky_shows/10317} -> PackageSetting{8edefff com.yoga_ai/10770} BLOCKED
08-28 16:37:53.633  2636  2901 I AppsFilter: interaction: PackageSetting{485ce64 com.example.firebasekotlin/10727} -> PackageSetting{8edefff com.yoga_ai/10770} BLOCKED
08-28 16:37:53.633  2636  2901 I AppsFilter: interaction: PackageSetting{4edbff6 com.example.reddit_clone/10692} -> PackageSetting{8edefff com.yoga_ai/10770} BLOCKED
08-28 16:37:53.634  2636  2901 I AppsFilter: interaction: PackageSetting{aa911cc com.example.androidwithkotlin/10012} -> PackageSetting{8edefff com.yoga_ai/10770} BLOCKED
08-28 16:37:53.634  2636  2901 I AppsFilter: interaction: PackageSetting{d82099c com.example.whatsappandfirebase/10682} -> PackageSetting{8edefff com.yoga_ai/10770} BLOCKED
08-28 16:37:53.634  2636  2901 I AppsFilter: interaction: PackageSetting{97e3de9 com.testapp/10751} -> PackageSetting{8edefff com.yoga_ai/10770} BLOCKED
08-28 16:37:53.634  2636  2901 I AppsFilter: interaction: PackageSetting{1f8a17 com.example.crypto_app/10006} -> PackageSetting{8edefff com.yoga_ai/10770} BLOCKED
08-28 16:37:53.634  2636  2901 I AppsFilter: interaction: PackageSetting{10649a4 com.example.netflixmirror/10204} -> PackageSetting{8edefff com.yoga_ai/10770} BLOCKED
08-28 16:37:53.634  2636  2901 I AppsFilter: interaction: PackageSetting{f9ebd40 com.example.whatsappclone/10304} -> PackageSetting{8edefff com.yoga_ai/10770} BLOCKED
08-28 16:37:53.634  2636  2901 I AppsFilter: interaction: PackageSetting{11210c3 com.example.flutter_twitch_clone/10039} -> PackageSetting{8edefff com.yoga_ai/10770} BLOCKED
08-28 16:37:53.634  2636  2901 I AppsFilter: interaction: PackageSetting{1a90fe6 com.video_stream_client/10813} -> PackageSetting{8edefff com.yoga_ai/10770} BLOCKED
08-28 16:37:53.634  2636  2901 I AppsFilter: interaction: PackageSetting{273d3c com.example.flutter_chat_ui/10474} -> PackageSetting{8edefff com.yoga_ai/10770} BLOCKED
08-28 16:37:53.634  2636  2901 I AppsFilter: interaction: PackageSetting{1e48709 com.example.tasty_recipe/10138} -> PackageSetting{8edefff com.yoga_ai/10770} BLOCKED
08-28 16:37:53.634  2636  2901 I AppsFilter: interaction: PackageSetting{492a6c2 com.example.flutter_firebase_authantication/10038} -> PackageSetting{8edefff com.yoga_ai/10770} BLOCKED
08-28 16:37:53.634  2636  2901 I AppsFilter: interaction: PackageSetting{a6ced36 com.reactnativesocialauth/10762} -> PackageSetting{8edefff com.yoga_ai/10770} BLOCKED
08-28 16:37:53.634  2636  2901 I AppsFilter: interaction: PackageSetting{20b8d5b com.example.goole_product_store/10333} -> PackageSetting{8edefff com.yoga_ai/10770} BLOCKED
08-28 16:37:53.634  2636  2901 I AppsFilter: interaction: PackageSetting{68bf46a com.app_monitor/10182} -> PackageSetting{8edefff com.yoga_ai/10770} BLOCKED
08-28 16:37:53.634  2636  2901 I AppsFilter: interaction: PackageSetting{7a66255 com.example.online_shope_ui/10478} -> PackageSetting{8edefff com.yoga_ai/10770} BLOCKED
08-28 16:37:53.634  2636  2901 I AppsFilter: interaction: PackageSetting{2cd790c com.example.twitter_clone/10684} -> PackageSetting{8edefff com.yoga_ai/10770} BLOCKED
08-28 16:37:53.634  2636  2901 I AppsFilter: interaction: PackageSetting{4e1305e com.weevote/10823} -> PackageSetting{8edefff com.yoga_ai/10770} BLOCKED
08-28 16:37:53.634  2636  2901 I AppsFilter: interaction: PackageSetting{79dafc2 com.example.flutter_travel_ui/10469} -> PackageSetting{8edefff com.yoga_ai/10770} BLOCKED
08-28 16:37:53.635  2636  2901 I AppsFilter: interaction: PackageSetting{fe24ee0 com.example.whatsappuiclone/10256} -> PackageSetting{8edefff com.yoga_ai/10770} BLOCKED
08-28 16:37:53.635  2636  2901 I AppsFilter: interaction: PackageSetting{bce6ec8 com.example.pdfreader/10329} -> PackageSetting{8edefff com.yoga_ai/10770} BLOCKED
08-28 16:37:53.635  2636  2901 I AppsFilter: interaction: PackageSetting{5ff7ea4 com.example.despicablemecharacters/10335} -> PackageSetting{8edefff com.yoga_ai/10770} BLOCKED
08-28 16:37:53.635  2636  2901 I AppsFilter: interaction: PackageSetting{9e1dc06 com.ifwa_foundations/10821} -> PackageSetting{8edefff com.yoga_ai/10770} BLOCKED
08-28 16:37:53.635  2636  2901 I AppsFilter: interaction: PackageSetting{be2f6e1 com.example.discover/10580} -> PackageSetting{8edefff com.yoga_ai/10770} BLOCKED
08-28 16:37:53.635  2636  2901 I AppsFilter: interaction: PackageSetting{e90963a com.example.sample_app/10500} -> PackageSetting{8edefff com.yoga_ai/10770} BLOCKED
08-28 16:37:53.635  2636  2901 I AppsFilter: interaction: PackageSetting{4a8b25c com.example.flutter_and_agora/10576} -> PackageSetting{8edefff com.yoga_ai/10770} BLOCKED
08-28 16:37:53.635  2636  2901 I AppsFilter: interaction: PackageSetting{dd0552e com.reactnativeoauthtest/10761} -> PackageSetting{8edefff com.yoga_ai/10770} BLOCKED
08-28 16:37:53.635  2636  2901 I AppsFilter: interaction: PackageSetting{4964ce2 com.example.animal_alanet_app_ui/10286} -> PackageSetting{8edefff com.yoga_ai/10770} BLOCKED
08-28 16:37:53.635  2636  2901 I AppsFilter: interaction: PackageSetting{fa971ad com.example.diteapp/10406} -> PackageSetting{8edefff com.yoga_ai/10770} BLOCKED
08-28 16:37:53.635  2636  2901 I AppsFilter: interaction: PackageSetting{4304f71 com.example.instagram_clone/10593} -> PackageSetting{8edefff com.yoga_ai/10770} BLOCKED
08-28 16:37:53.635  2636  2901 I AppsFilter: interaction: PackageSetting{31cb918 com.example.simple_login_app_ui/10330} -> PackageSetting{8edefff com.yoga_ai/10770} BLOCKED
08-28 16:37:53.635  2636  2901 I AppsFilter: interaction: PackageSetting{f0a18f5 com.example.flutter_firebase_geeky_shows/10486} -> PackageSetting{8edefff com.yoga_ai/10770} BLOCKED
08-28 16:37:53.635  2636  2901 I AppsFilter: interaction: PackageSetting{f69662c com.bookapp/10000} -> PackageSetting{8edefff com.yoga_ai/10770} BLOCKED
08-28 16:37:53.635  2636  2901 I AppsFilter: interaction: PackageSetting{f0b9239 com.example.flutter_agora_2/10577} -> PackageSetting{8edefff com.yoga_ai/10770} BLOCKED
08-28 16:37:53.635  2636  2901 I AppsFilter: interaction: PackageSetting{66412a6 com.example.main/10396} -> PackageSetting{8edefff com.yoga_ai/10770} BLOCKED
08-28 16:37:53.635  2636  2901 I AppsFilter: interaction: PackageSetting{d076401 com.example.facebookclone/10322} -> PackageSetting{8edefff com.yoga_ai/10770} BLOCKED
08-28 16:37:53.635  2636  2901 I AppsFilter: interaction: PackageSetting{115f30b com.client/10810} -> PackageSetting{8edefff com.yoga_ai/10770} BLOCKED
08-28 16:37:53.635  2636  2901 I AppsFilter: interaction: PackageSetting{ae60485 com.example.ownpdfreader/10437} -> PackageSetting{8edefff com.yoga_ai/10770} BLOCKED
08-28 16:37:53.635  2636  2901 I AppsFilter: interaction: PackageSetting{3036cd0 com.example.flutter_by_geeky_shows/10317} -> PackageSetting{8edefff com.yoga_ai/10770} BLOCKED
08-28 16:37:53.635  2636  2901 I AppsFilter: interaction: PackageSetting{485ce64 com.example.firebasekotlin/10727} -> PackageSetting{8edefff com.yoga_ai/10770} BLOCKED
08-28 16:37:53.635  2636  2901 I AppsFilter: interaction: PackageSetting{4edbff6 com.example.reddit_clone/10692} -> PackageSetting{8edefff com.yoga_ai/10770} BLOCKED
08-28 16:37:53.635  2636  2901 I AppsFilter: interaction: PackageSetting{aa911cc com.example.androidwithkotlin/10012} -> PackageSetting{8edefff com.yoga_ai/10770} BLOCKED
08-28 16:37:53.636  2636  2901 I AppsFilter: interaction: PackageSetting{d82099c com.example.whatsappandfirebase/10682} -> PackageSetting{8edefff com.yoga_ai/10770} BLOCKED
08-28 16:37:53.636  2636  2901 I AppsFilter: interaction: PackageSetting{97e3de9 com.testapp/10751} -> PackageSetting{8edefff com.yoga_ai/10770} BLOCKED
08-28 16:37:53.636  2636  2901 I AppsFilter: interaction: PackageSetting{1f8a17 com.example.crypto_app/10006} -> PackageSetting{8edefff com.yoga_ai/10770} BLOCKED
08-28 16:37:53.640  2636  2901 I AppsFilter: interaction: PackageSetting{10649a4 com.example.netflixmirror/10204} -> PackageSetting{8edefff com.yoga_ai/10770} BLOCKED
08-28 16:37:53.640  2636  2901 I AppsFilter: interaction: PackageSetting{f9ebd40 com.example.whatsappclone/10304} -> PackageSetting{8edefff com.yoga_ai/10770} BLOCKED
08-28 16:37:53.640  2636  2901 I AppsFilter: interaction: PackageSetting{11210c3 com.example.flutter_twitch_clone/10039} -> PackageSetting{8edefff com.yoga_ai/10770} BLOCKED
08-28 16:37:53.640  2636  2901 I AppsFilter: interaction: PackageSetting{1a90fe6 com.video_stream_client/10813} -> PackageSetting{8edefff com.yoga_ai/10770} BLOCKED
08-28 16:37:53.640  2636  2901 I AppsFilter: interaction: PackageSetting{273d3c com.example.flutter_chat_ui/10474} -> PackageSetting{8edefff com.yoga_ai/10770} BLOCKED
08-28 16:37:53.640  2636  2901 I AppsFilter: interaction: PackageSetting{1e48709 com.example.tasty_recipe/10138} -> PackageSetting{8edefff com.yoga_ai/10770} BLOCKED
08-28 16:37:53.640  2636  2901 I AppsFilter: interaction: PackageSetting{492a6c2 com.example.flutter_firebase_authantication/10038} -> PackageSetting{8edefff com.yoga_ai/10770} BLOCKED
08-28 16:37:53.640  2636  2901 I AppsFilter: interaction: PackageSetting{a6ced36 com.reactnativesocialauth/10762} -> PackageSetting{8edefff com.yoga_ai/10770} BLOCKED
08-28 16:37:53.641  2636  2901 I AppsFilter: interaction: PackageSetting{20b8d5b com.example.goole_product_store/10333} -> PackageSetting{8edefff com.yoga_ai/10770} BLOCKED
08-28 16:37:53.641  2636  2901 I AppsFilter: interaction: PackageSetting{68bf46a com.app_monitor/10182} -> PackageSetting{8edefff com.yoga_ai/10770} BLOCKED
08-28 16:37:53.641  2636  2901 I AppsFilter: interaction: PackageSetting{7a66255 com.example.online_shope_ui/10478} -> PackageSetting{8edefff com.yoga_ai/10770} BLOCKED
08-28 16:37:53.641  2636  2901 I AppsFilter: interaction: PackageSetting{2cd790c com.example.twitter_clone/10684} -> PackageSetting{8edefff com.yoga_ai/10770} BLOCKED
08-28 16:37:53.641  2636  2901 I AppsFilter: interaction: PackageSetting{4e1305e com.weevote/10823} -> PackageSetting{8edefff com.yoga_ai/10770} BLOCKED
08-28 16:37:53.641  2636  2901 I AppsFilter: interaction: PackageSetting{79dafc2 com.example.flutter_travel_ui/10469} -> PackageSetting{8edefff com.yoga_ai/10770} BLOCKED
08-28 16:37:53.641  2636  2901 I AppsFilter: interaction: PackageSetting{fe24ee0 com.example.whatsappuiclone/10256} -> PackageSetting{8edefff com.yoga_ai/10770} BLOCKED
08-28 16:37:53.641  2636  2901 I AppsFilter: interaction: PackageSetting{bce6ec8 com.example.pdfreader/10329} -> PackageSetting{8edefff com.yoga_ai/10770} BLOCKED
08-28 16:37:53.643  2636  2680 D CompatibilityChangeReporter: Compat change id reported: 168419799; UID 10144; state: DISABLED
08-28 16:37:53.709  2636  2809 W ActivityManager: Slow operation: 357ms so far, now at startProcess: done updating battery stats
08-28 16:37:53.709  2636  2809 W ActivityManager: Slow operation: 357ms so far, now at startProcess: building log message
08-28 16:37:53.709  2636  2809 I ActivityManager: Start proc 17403:com.maertsno.m/u0a183 for service {com.maertsno.m/androidx.work.impl.background.systemjob.SystemJobService}
08-28 16:37:53.709  2636  2809 W ActivityManager: Slow operation: 357ms so far, now at startProcess: starting to update pids map
08-28 16:37:53.709  2636  2809 W ActivityManager: Slow operation: 357ms so far, now at startProcess: done updating pids map
08-28 16:37:53.710  2636  2809 W ActivityManager: Slow operation: 321ms so far, now at startProcess: asking zygote to start proc
08-28 16:37:53.710  2636  2809 D CompatibilityChangeReporter: Compat change id reported: 143937733; UID 10202; state: ENABLED
08-28 16:37:53.713  2636  2636 W Looper  : Slow dispatch took 331ms main h=com.android.server.job.JobSchedulerService$JobHandler c=null m=3
08-28 16:37:53.714  2636  2636 W Looper  : Slow delivery took 332ms main h=com.android.server.job.controllers.PrefetchController$PcHandler c=null m=2
