08-28 16:32:29.681  2636  2836 D BatteryStatsImplExtImpl: , modem=[activity:SettleObj{ what=LO date=08-28 16:00:57.969 duration=3625 screenOnRatio=100.03 screenOffRatio=-0.03 power=79 current=191.64 networkType=WIFI dataNetworkType=13 signalStrength=-88 aodState=0 softAp=false charge=false simCount=2 defaultPhone=0 apssSleepC=36719 apssSleepRatio=3.94 mpssSleepC=17391 mpssSleepRatio=64.63 vminSleepC=0 vminSleepRatio=0 vlowSleepC=0 vlowSleepRatio=0 modemPowermA[]=[25.65,25.05,26.16] sleepRatio=65.05 idleRatio=17.74 rxRatio=16.36 5gRxRatio=0 txSumRatio=0.84 txRatio[]=[2.87,3.80,59.21,31.36,2.76] 5gTxRatioSIM1=[20.00,0,0,20.00,0,0,0,60.00] 5gTxRatioSIM2=[0,0,0,0,0,0,0,0] 5gTxSumRatio[]=[0,0] techRatio[]=[0,0,0,0,13.46,4.24,0,0,0] rrcConn10sC[]=[6, 0] rrcConn20sC[]=[4, 0] rrcConnMore20sC[]=[3, 0] rrcConnC[]=[13, 0] csChangedC[]=[0, 0] psChangedC[]=[0, 0] nwSrchC[]=[0, 0] nwSrchRatio[]=[0,0] lteRrcConnRatio[]=[0,0] psRegRatio[]=[0,0] csRegRatio[]=[0,0] psNoRegRatio[]=[0,0] csNoRegRatio[]=[0,0] sigGrid0Ratio[]=[0,0] endcActRatio[]=[0,0] saActRatio[]=[0,0] gpsRatio=0.83 wlanRatio=24.48 qrtrWakeupC={} allWakeupC={} appInWakeupC={} appOutWakeupC={} appWakeupRatio={} appTrafficC={com.whatsapp=122042736, com.yoga_ai=12971623, com.figma.mirror=854243, io.keybase.ossifrage=448081, com.linkedin.android=321286, com.android.chrome=226928, com.facebook.katana=196724, com.android.vending=145544, com.oplus.themestore=97311, com.oplus.statistics.rom=90187, com.UCMobile.intl=86133, com.oplus.vip=80524, com.google.android.youtube=63438, com.facebook.appmanager=55820, com.maertsno.m=55736, com.coloros.phonemanager=53457, com.google.uid.shared=47735, com.nemo.vidmate=39226, com.oppo.quicksearchbox=34437, com.facebook.services=32852, com.oplus.cosa=31627, android.uid.networkstack=31600, com.google.android.googlequicksearchbox=29443, com.qti.qcc=23377, com.whatsapp.w4b=22729, com.heytap.pictorial=18233, com.google.android.apps.messaging=14176, com.google.android.apps.photos=13565, com.pix.arts.CaesarEmpire=9292, com.oplus.uxdesign=8898, com.weevote=80} regReqFbC=[0, 0] regReqTransAcqDbC=[0, 0] saRrcConn10sC[]=[0, 0] saRrcConn20sC[]=[0, 0] saRrcConnMore20sC[]=[0, 0] saRrcConnC[]=[0, 0] lteHoC[]=[0, 0] saHoC[]=[0, 0] saRrcConnRatio[]=[0,0] lteBandRatiosim0[]=[0,0,0,0,0,0,0,0,0] lteBandRatiosim1[]=[0,0,0,0,0,0,0,0,0] nrBandRatiosim0[]=[0,0,0,0,0,0,0,0] nrBandRatiosim1[]=[0,0,0,0,0,0,0,0] sensorStationaryC=0 sensorStationaryT=0 modemStationaryC=0 modemStationaryT=0 cellUpdateC[]=[9, 0] iRatC[]=[0, 0]}]
08-28 16:32:29.681  2636  2836 D BatteryStatsImplExtImpl: , endc=0
08-28 16:32:29.686  2636  2636 D OplusRpmStatsTracker: Battery drained...  PreBatteryLevel=72  BatteryLevel=71
08-28 16:32:29.686  2636  2636 D OplusPowerMonitor: BATTERY DRAINED ... PreBatteryLevel=72 BatteryLevel=71 StepCurrent=1.0937715027114767 Threshold:60.0 suspendRatio=15.434954382615686
08-28 16:32:29.687  2636  2819 W BroadcastQueue: Permission Denial: receiving Intent { act=android.intent.action.BATTERY_LEVEL_CHANGED flg=0x1000010 (has extras) } to ProcessRecord{a8eb7ec 13736:com.oplus.statistics.rom/u0a348} (pid=13736, uid=10348) requires android.permission.BATTERY_STATS due to sender android (uid 1000)
08-28 16:32:29.689  2636  3134 D OplusRpmStatsTracker: triggerUpdate waitUntilUpdated=true reason=battery_level UseRpmhHidlV20=true
08-28 16:32:29.693  2636  3134 D b       : invoke method name:onValues
08-28 16:32:29.693  2636  3134 D b       : Object:java.lang.Integer
08-28 16:32:29.693  2636  3134 D b       : Object:java.util.ArrayList
08-28 16:32:29.693  2636  3134 D OplusRpmStatsTracker: { APSS:1 MPSS:1 MODEM:1 ADSP:1 CDSP:1 TZ:0 SLPI:0 SLPI_ISLAND:0 VMIN:0 AOSD:0 VLOW:0 CXSD:0 26M:0 AP:1 MD:1  }
08-28 16:32:29.694  2636  3134 D OplusRpmStatsTracker: time:2024-08-28 16:32:29 APSS:{10383376:508447009} MPSS:{2620437:680708836} ADSP:{13193189:675877682} CDSP:{831311:972514203} TZ:{0:0} SLPI:{0:0} SLPLAND:{0:0} VMIN:{0:0} VLOW:{0:0} 
08-28 16:32:29.694  2636  3134 D OplusRpmStatsTracker: measureOplusRpmStatsSuspendRatio... 
08-28 16:32:29.694  2636  3134 D OplusRpmStatsTracker: delta time:202023
08-28 16:32:29.694  2636  3134 D OplusRpmStatsTracker: last    time:2024-08-28 16:29:07 APSS:{10383376:508244987} MPSS:{2619743:680651715} ADSP:{13193189:675877682} CDSP:{831311:972312181} TZ:{0:0} SLPI:{0:0} SLPLAND:{0:0} VMIN:{0:0} VLOW:{0:0} 
08-28 16:32:29.694  2636  3134 D OplusRpmStatsTracker: current time:2024-08-28 16:32:29 APSS:{10383376:508447009} MPSS:{2620437:680708836} ADSP:{13193189:675877682} CDSP:{831311:972514203} TZ:{0:0} SLPI:{0:0} SLPLAND:{0:0} VMIN:{0:0} VLOW:{0:0} 
08-28 16:32:29.695  2636  3134 D OplusRpmStatsTracker: delta values:time:2024-08-28 16:32:29 APSS:{0:202022} MPSS:{694:57121} ADSP:{0:0} CDSP:{0:202022} TZ:{0:0} SLPI:{0:0} SLPLAND:{0:0} VMIN:{0:0} VLOW:{0:0} 
08-28 16:32:29.695  2636  3134 D OplusRpmStatsTracker: { APSS:1 MPSS:1 MODEM:1 ADSP:1 CDSP:1 TZ:0 SLPI:0 SLPI_ISLAND:0 VMIN:0 AOSD:0 VLOW:0 CXSD:0 26M:0 AP:1 MD:1  }
08-28 16:32:29.695  2636  3134 D OplusRpmStatsTracker: ApssSuspendRatio:99.99950500685566  MpssSuspendRatio:28.274503398127937  AdspSuspendRatio:0.0 CdspSuspendRatio:99.99950500685566 TzSuspendRatio:100.0  VminSuspendRatio:100.0  VlowSuspendRatio:100.0  SlpiSuspendRatio:100.0  SlplandSuspendRatio:100.0
08-28 16:32:29.725  2636  2836 D KernelCpuUidUserSysTimeReader: Removing uids 90000-90000
08-28 16:32:29.812  2636  2796 D ProcessCpuTrackerExtImpl: mContext is already set, return now! 
08-28 16:32:34.637  2636  3277 W ContextImpl: Calling a method in the system process without a qualified user: android.app.ContextImpl.sendBroadcast:1205 com.android.server.job.controllers.OplusCpuController.notifyHighCpuEventForApp:386 com.android.server.job.controllers.OplusCpuController.handleCpuUpdate:332 com.android.server.job.controllers.OplusCpuController.-$$Nest$mhandleCpuUpdate:0 com.android.server.job.controllers.OplusCpuController$CpuTrackerHandler.handleMessage:256 
08-28 16:32:37.936  1878  1878 I wificond: Regulatory domain changed to country: PK on wiphy_index: 0
08-28 16:32:37.937  1878  1878 I wificond: UpdateBandInfo
08-28 16:32:37.950  1878  1878 I wificond: 2.4Ghz frequencies: 2412 2417 2422 2427 2432 2437 2442 2447 2452 2457 2462 2467 2472
08-28 16:32:37.950  1878  1878 I wificond: 5Ghz non-DFS frequencies: 5745 5765 5785 5805 5825
08-28 16:32:37.950  1878  1878 I wificond: 5Ghz DFS frequencies:
08-28 16:32:37.950  1878  1878 I wificond: 6Ghz frequencies:
08-28 16:32:37.950  1878  1878 I wificond: 60Ghz frequencies:
08-28 16:32:39.621  2636  8408 D UsageStatsService: User[0] type=0 b=1724844603653 e=1724844759619 cb=1724761641235 ce=1724844745799 disk=0 all=9
08-28 16:32:39.815  2636  7666 D OplusAppListInterceptManager: shouldFilterTask
08-28 16:32:39.816  2636  7666 D OplusAppListInterceptManager: shouldFilterTask::packageName = com.yoga_ai
08-28 16:32:39.816  2636  7666 D OplusAppListInterceptManager: shouldFilterTask
08-28 16:32:39.816  2636  7666 D OplusAppListInterceptManager: shouldFilterTask::packageName = com.android.settings
08-28 16:32:39.816  2636  7666 D OplusSplitScreenManagerService: com.android.settings unSupportsSplitScreen by blockList or ForbidActivityList
08-28 16:32:39.816  2636  7666 D OplusSplitScreenManagerService: com.android.settings unSupportsSplitScreen by blockList or ForbidActivityList
08-28 16:32:39.816  2636  7666 D OplusAppListInterceptManager: shouldFilterTask
08-28 16:32:39.816  2636  7666 D OplusAppListInterceptManager: shouldFilterTask::packageName = com.whatsapp
08-28 16:32:39.816  2636  7666 D OplusAppListInterceptManager: shouldFilterTask
08-28 16:32:39.816  2636  7666 D OplusAppListInterceptManager: shouldFilterTask::packageName = com.whatsapp.w4b
08-28 16:32:39.816  2636  7666 D OplusAppListInterceptManager: shouldFilterTask
08-28 16:32:39.816  2636  7666 D OplusAppListInterceptManager: shouldFilterTask::packageName = com.figma.mirror
08-28 16:32:39.816  2636  7666 D OplusAppListInterceptManager: shouldFilterTask
08-28 16:32:39.816  2636  7666 D OplusAppListInterceptManager: shouldFilterTask::packageName = io.keybase.ossifrage
08-28 16:32:42.026  2636  8408 D UsageStatsService: User[999] type=0 b=1724838903670 e=1724844762025 cb=1724776745746 ce=1724844381984 disk=0 all=1
08-28 16:32:42.743  2636  6878 I DisplayDeviceRepository: Display device added: DisplayDeviceInfo{"uNcyNPDOGaketgnRv": uniqueId="virtual:com.pix.arts.CaesarEmpire,10188,uNcyNPDOGaketgnRv,0", 1 x 1, modeId 212, defaultModeId 212, supportedModes [{id=212, width=1, height=1, fps=60.0, alternativeRefreshRates=[]}], colorMode 0, supportedColorModes [0], hdrCapabilities null, allmSupported false, gameContentTypeSupported false, density 480, 480.0 x 480.0 dpi, appVsyncOff 0, presDeadline 16666666, touch NONE, rotation 0, type VIRTUAL, deviceProductInfo null, state OFF, owner com.pix.arts.CaesarEmpire (uid 10188), frameRateOverride , brightnessMinimum 0.0, brightnessMaximum 0.0, brightnessDefault 0.0, FLAG_PRESENTATION, FLAG_OWN_CONTENT_ONLY, installOrientation 0}
08-28 16:32:42.750  2636  6878 I LogicalDisplayMapper: Applying layout: [{addr: {port=129, model=0x40446d9a854eec}, dispId: 0(ON)}], Previous layout: [{addr: {port=129, model=0x40446d9a854eec}, dispId: 0(ON)}]
08-28 16:32:42.750  2636  6878 I LogicalDisplayMapper: Adding new display: 212: DisplayInfo{"uNcyNPDOGaketgnRv", displayId 212", displayGroupId -1, FLAG_PRESENTATION, real 1 x 1, largest app 1 x 1, smallest app 1 x 1, appVsyncOff 0, presDeadline 16666666, mode 212, defaultMode 212, modes [{id=212, width=1, height=1, fps=60.0, alternativeRefreshRates=[]}], hdrCapabilities null, userDisabledHdrTypes [], minimalPostProcessingSupported false, rotation 0, state OFF, type VIRTUAL, uniqueId "virtual:com.pix.arts.CaesarEmpire,10188,uNcyNPDOGaketgnRv,0", app 1 x 1, density 480 (480.0 x 480.0) dpi, layerStack 212, colorMode 0, supportedColorModes [0], deviceProductInfo null, owner com.pix.arts.CaesarEmpire (uid 10188), removeMode 0, refreshRateOverride 0.0, brightnessMinimum 0.0, brightnessMaximum 0.0, brightnessDefault 0.0, installOrientation ROTATION_0}
08-28 16:32:42.752  2636  6878 I LogicalDisplayMapper: Setting new display group 0 for display 212, from previous group: null
08-28 16:32:42.757  2636  6878 D DisplayManagerServiceExtImpl: scheduleTraversalLocked intraversal=false
08-28 16:32:42.757  2636  2775 D DisplayManagerService: Delivering display event: displayId=212, event=1
08-28 16:32:42.768  2636  4637 E OAPM    : onDisplayAdded: 212, name: uNcyNPDOGaketgnRv
08-28 16:32:42.769  2636  2636 I MultiDisplayRefreshRateManagerExtImpl: onDisplayAdded, mDecreaseRefreshRate: false, displayId: 212, uniquedId: virtual:com.pix.arts.CaesarEmpire,10188,uNcyNPDOGaketgnRv,0
08-28 16:32:42.791  7892  7892 I Quality : Skipped: true 1 cost 11.752051 refreshRate 11086714 bit true processName com.yoga_ai
08-28 16:32:42.793  2636  2775 D DisplayManagerService: MSG_REQUEST_TRAVERSAL pendingCompleted=false
08-28 16:32:42.821  2636  2773 I OplusZoomWindowManagerService: Not the default display id, return
08-28 16:32:42.822  2636  2773 D OplusCompactWindowManagerService: updateRotation setDeviceFolded oldRotation =:0 ,newRotation=:0 ,mFoldState =:0 ,processTasks =:true ,DisplayId =:212 ,oritentationSource null
08-28 16:32:42.824  2636  2773 W DisplayManagerService: Display DisplayDeviceInfo{"uNcyNPDOGaketgnRv": uniqueId="virtual:com.pix.arts.CaesarEmpire,10188,uNcyNPDOGaketgnRv,0", 1 x 1, modeId 212, defaultModeId 212, supportedModes [{id=212, width=1, height=1, fps=60.0, alternativeRefreshRates=[]}], colorMode 0, supportedColorModes [0], hdrCapabilities null, allmSupported false, gameContentTypeSupported false, density 480, 480.0 x 480.0 dpi, appVsyncOff 0, presDeadline 16666666, touch NONE, rotation 0, type VIRTUAL, deviceProductInfo null, state OFF, owner com.pix.arts.CaesarEmpire (uid 10188), frameRateOverride , brightnessMinimum 0.0, brightnessMaximum 0.0, brightnessDefault 0.0, FLAG_PRESENTATION, FLAG_OWN_CONTENT_ONLY, installOrientation 0} does not support input device matching.
08-28 16:32:42.824  2636  2773 I DisplayManagerServiceExtImpl: handle logical display changed logicalDisplay=id=212,phase=1,stack=212,content=false,displayInfo{stack=212,type=5,id=212,uId=virtual:com.pix.arts.CaesarEmpire,10188,uNcyNPDOGaketgnRv,0,state=OFF,pkg=com.pix.arts.CaesarEmpire}
08-28 16:32:42.827  2636  2773 W DisplayManagerService: Display DisplayDeviceInfo{"uNcyNPDOGaketgnRv": uniqueId="virtual:com.pix.arts.CaesarEmpire,10188,uNcyNPDOGaketgnRv,0", 1 x 1, modeId 212, defaultModeId 212, supportedModes [{id=212, width=1, height=1, fps=60.0, alternativeRefreshRates=[]}], colorMode 0, supportedColorModes [0], hdrCapabilities null, allmSupported false, gameContentTypeSupported false, density 480, 480.0 x 480.0 dpi, appVsyncOff 0, presDeadline 16666666, touch NONE, rotation 0, type VIRTUAL, deviceProductInfo null, state OFF, owner com.pix.arts.CaesarEmpire (uid 10188), frameRateOverride , brightnessMinimum 0.0, brightnessMaximum 0.0, brightnessDefault 0.0, FLAG_PRESENTATION, FLAG_OWN_CONTENT_ONLY, installOrientation 0} does not support input device matching.
08-28 16:32:42.827  2636  2773 I DisplayManagerServiceExtImpl: handle logical display changed logicalDisplay=id=212,phase=1,stack=212,content=false,displayInfo{stack=212,type=5,id=212,uId=virtual:com.pix.arts.CaesarEmpire,10188,uNcyNPDOGaketgnRv,0,state=OFF,pkg=com.pix.arts.CaesarEmpire}
08-28 16:32:42.829  2636  2773 I WindowManager: Override config changes=200051f8 {0.0 ?mcc?mnc ?localeList ?layoutDir ?swdp ?wdp ?hdp 480dpi smll port ?uimode ?night -touch -keyb/v/h -nav/h winConfig={ mBounds=Rect(0, 0 - 1, 1) mAppBounds=Rect(0, 0 - 1, 1) mMaxBounds=Rect(0, 0 - 1, 1) mDisplayRotation=ROTATION_0 mWindowingMode=fullscreen mDisplayWindowingMode=fullscreen mActivityType=undefined mAlwaysOnTop=undefined mRotation=ROTATION_0} ?fontWeightAdjustmentmThemeChanged= 0, mThemeChangedFlags= 0, mFlipFont= 0, mAccessibleChanged= 0, mUxIconConfig= 0, mMaterialColor= ffffffffffffffff, mUserId= -1, mFontUserId= -1, mFontVariationSettings= 0, mFoldingAngle = -1.0, mIconPackName= , mDarkModeBackgroundMaxL= -1.0, mDarkModeDialogBgMaxL= -1.0, mDarkModeForegroundMinL= -1.0, mOplusConfigType= 0, mOplusChangedConfigs= 0, OpSans= -1, mFlag= 0} for displayId=212
08-28 16:32:42.830  2636  2773 D OplusCompactWindowManagerService: updateRotation setDeviceFolded oldRotation =:0 ,newRotation=:0 ,mFoldState =:0 ,processTasks =:true ,DisplayId =:212 ,oritentationSource null
08-28 16:32:42.831  3619  3722 W DisplayController: Skipping Display Configuration change on non-added display.
08-28 16:32:42.833  2636  2773 D DisplayManagerService: performTraversalInternal pendingTraversal
08-28 16:32:42.833  2636  2773 D DisplayDevice: setLayerStackLocked id=local:4630946827272645761 token=android.os.BinderProxy@75a533b stack=0->0
08-28 16:32:42.833  2636  2773 D DisplayDevice: setLayerStackLocked id=virtual:com.pix.arts.CaesarEmpire,10188,uNcyNPDOGaketgnRv,0 token=android.os.BinderProxy@9ba9ec7 stack=-2->-1
08-28 16:32:42.833  2636  2773 W DisplayManagerService: Display DisplayDeviceInfo{"uNcyNPDOGaketgnRv": uniqueId="virtual:com.pix.arts.CaesarEmpire,10188,uNcyNPDOGaketgnRv,0", 1 x 1, modeId 212, defaultModeId 212, supportedModes [{id=212, width=1, height=1, fps=60.0, alternativeRefreshRates=[]}], colorMode 0, supportedColorModes [0], hdrCapabilities null, allmSupported false, gameContentTypeSupported false, density 480, 480.0 x 480.0 dpi, appVsyncOff 0, presDeadline 16666666, touch NONE, rotation 0, type VIRTUAL, deviceProductInfo null, state OFF, owner com.pix.arts.CaesarEmpire (uid 10188), frameRateOverride , brightnessMinimum 0.0, brightnessMaximum 0.0, brightnessDefault 0.0, FLAG_PRESENTATION, FLAG_OWN_CONTENT_ONLY, installOrientation 0} does not support input device matching.
08-28 16:32:42.836  2636  2773 D OplusCompactWindowManagerService: updateRotation setDeviceFolded oldRotation =:0 ,newRotation=:0 ,mFoldState =:0 ,processTasks =:true ,DisplayId =:212 ,oritentationSource null
08-28 16:32:42.838  2636  2775 D DisplayManagerService: Delivering display group event: groupId=0, event=2
08-28 16:32:42.841  2636  2775 I VRR [OPlusRefreshRateManager]: hasADFRFeature return false
08-28 16:32:42.841  2636  2775 I DisplayManagerService: Comparing display specs: baseModeId=1 allowGroupSwitching=false primaryRefreshRateRange=[0 90] appRequestRefreshRateRange=[0 90] vrrPolicy=POLICY_DEFAULT, existing: baseModeId=1 allowGroupSwitching=false primaryRefreshRateRange=[0 90] appRequestRefreshRateRange=[0 90] vrrPolicy=POLICY_DEFAULT
08-28 16:32:42.841  2636  2775 I VRR [OPlusRefreshRateManager]: hasADFRFeature return false
08-28 16:32:42.841  2636  2775 I DisplayManagerService: Comparing display specs: baseModeId=212 allowGroupSwitching=false primaryRefreshRateRange=[0 90] appRequestRefreshRateRange=[0 90] vrrPolicy=POLICY_DEFAULT, existing: baseModeId=0 allowGroupSwitching=false primaryRefreshRateRange=[0 0] appRequestRefreshRateRange=[0 0] vrrPolicy=POLICY_DEFAULT
08-28 16:32:42.841  2636  2775 D DisplayManagerServiceExtImpl: scheduleTraversalLocked intraversal=false
08-28 16:32:42.841  2636  2775 D DisplayManagerService: Delivering display event: displayId=212, event=2
08-28 16:32:42.846  2636  2776 D DisplayManagerService: performTraversalInternal pendingTraversal
08-28 16:32:42.846  2636  2776 D DisplayDevice: setLayerStackLocked id=local:4630946827272645761 token=android.os.BinderProxy@75a533b stack=0->0
08-28 16:32:42.846  2636  2776 D DisplayDevice: setLayerStackLocked id=virtual:com.pix.arts.CaesarEmpire,10188,uNcyNPDOGaketgnRv,0 token=android.os.BinderProxy@9ba9ec7 stack=-1->-1
08-28 16:32:42.847  2636  2776 W DisplayManagerService: Display DisplayDeviceInfo{"uNcyNPDOGaketgnRv": uniqueId="virtual:com.pix.arts.CaesarEmpire,10188,uNcyNPDOGaketgnRv,0", 1 x 1, modeId 212, defaultModeId 212, supportedModes [{id=212, width=1, height=1, fps=60.0, alternativeRefreshRates=[]}], colorMode 0, supportedColorModes [0], hdrCapabilities null, allmSupported false, gameContentTypeSupported false, density 480, 480.0 x 480.0 dpi, appVsyncOff 0, presDeadline 16666666, touch NONE, rotation 0, type VIRTUAL, deviceProductInfo null, state OFF, owner com.pix.arts.CaesarEmpire (uid 10188), frameRateOverride , brightnessMinimum 0.0, brightnessMaximum 0.0, brightnessDefault 0.0, FLAG_PRESENTATION, FLAG_OWN_CONTENT_ONLY, installOrientation 0} does not support input device matching.
08-28 16:32:42.848  2636  2636 I WallpaperManagerServiceExt: removeDisplayData. displayId = 212
08-28 16:32:42.849  2636  2773 I OplusZoomWindowManagerService: Not the default display id, return
08-28 16:32:42.849  2636  2773 V WindowManager: Display 212 state is now (1), so update recording?
08-28 16:32:42.849  2636  2773 D OplusVFXScreenEffectFeature: notifySFCompatWindowStateChange entered false
08-28 16:32:42.852 19898 19898 D OplusInputMethodUtil: updateDebugToClass InputMethodManager.DEBUG = false
08-28 16:32:42.853 19898 19898 D OplusInputMethodUtil: updateDebugToClass ImeFocusController.DEBUG = false
08-28 16:32:42.853 19898 19898 D OplusInputMethodUtil: updateDebugToClass BaseInputConnection.DEBUG = false
08-28 16:32:42.853 19898 19898 D OplusInputMethodUtil: updateDebugToClass ImeFocusController.sDebugIme = false
08-28 16:32:42.856  2636  2775 D DisplayManagerService: Delivering display event: displayId=212, event=2
08-28 16:32:42.864  2636  2776 D DisplayManagerService: performTraversalInternal pendingTraversal
08-28 16:32:42.864  2636  2776 D DisplayDevice: setLayerStackLocked id=local:4630946827272645761 token=android.os.BinderProxy@75a533b stack=0->0
08-28 16:32:42.864  2636  2776 D DisplayDevice: setLayerStackLocked id=virtual:com.pix.arts.CaesarEmpire,10188,uNcyNPDOGaketgnRv,0 token=android.os.BinderProxy@9ba9ec7 stack=-1->-1
08-28 16:32:42.864  2636  2776 W DisplayManagerService: Display DisplayDeviceInfo{"uNcyNPDOGaketgnRv": uniqueId="virtual:com.pix.arts.CaesarEmpire,10188,uNcyNPDOGaketgnRv,0", 1 x 1, modeId 212, defaultModeId 212, supportedModes [{id=212, width=1, height=1, fps=60.0, alternativeRefreshRates=[]}], colorMode 0, supportedColorModes [0], hdrCapabilities null, allmSupported false, gameContentTypeSupported false, density 480, 480.0 x 480.0 dpi, appVsyncOff 0, presDeadline 16666666, touch NONE, rotation 0, type VIRTUAL, deviceProductInfo null, state OFF, owner com.pix.arts.CaesarEmpire (uid 10188), frameRateOverride , brightnessMinimum 0.0, brightnessMaximum 0.0, brightnessDefault 0.0, FLAG_PRESENTATION, FLAG_OWN_CONTENT_ONLY, installOrientation 0} does not support input device matching.
08-28 16:32:42.867  2636  6878 D OplusFullScreenDisplayManager: adjustWindowParamsLw com.pix.arts.CaesarEmpire, no change cutoutMode: 0
08-28 16:32:42.871  2636  6878 I WindowManager: addWindow: New client android.os.BinderProxy@cd2fb24 : window=Window{32168d u0 com.pix.arts.CaesarEmpire}
08-28 16:32:42.876  2636  6878 D CoreBackPreview: Window{32168d u0 com.pix.arts.CaesarEmpire}: Setting back callback OnBackInvokedCallbackInfo{mCallback=android.window.IOnBackInvokedCallback$Stub$Proxy@368e89, mPriority=0}
08-28 16:32:42.876  2636  2775 D DisplayManagerService: MSG_REQUEST_TRAVERSAL pendingCompleted=false
08-28 16:32:42.879  2636  6878 D OplusFullScreenDisplayManager: adjustWindowParamsLw com.pix.arts.CaesarEmpire, no change cutoutMode: 0
08-28 16:32:42.880  2636  6878 V WindowManager: Relayout Window{32168d u0 com.pix.arts.CaesarEmpire}: viewVisibility=0, oldvis=0, req=1x1
08-28 16:32:42.890 19898 19898 V ZoomWindowDecorView: setLastReportedMergedConfiguration mZoomDisplayHeight: 1 getDecorView.153213855
08-28 16:32:42.900  2636  6878 D WindowManager: finishDrawingWindow: Window{32168d u0 com.pix.arts.CaesarEmpire} mDrawState=DRAW_PENDING
08-28 16:32:42.904  2636  2776 D DisplayManagerService: Display 212 hasContent flag changed: hasContent=true, inTraversal=true
08-28 16:32:42.904  2636  2776 D DisplayManagerServiceExtImpl: scheduleTraversalLocked intraversal=true
08-28 16:32:42.906  2636  2776 D DisplayManagerService: performTraversalInternal pendingTraversal
08-28 16:32:42.906  2636  2776 D DisplayDevice: setLayerStackLocked id=local:4630946827272645761 token=android.os.BinderProxy@75a533b stack=0->0
08-28 16:32:42.907  2636  2776 D DisplayDevice: setLayerStackLocked id=virtual:com.pix.arts.CaesarEmpire,10188,uNcyNPDOGaketgnRv,0 token=android.os.BinderProxy@9ba9ec7 stack=-1->-1
08-28 16:32:42.908  2636  2776 W DisplayManagerService: Display DisplayDeviceInfo{"uNcyNPDOGaketgnRv": uniqueId="virtual:com.pix.arts.CaesarEmpire,10188,uNcyNPDOGaketgnRv,0", 1 x 1, modeId 212, defaultModeId 212, supportedModes [{id=212, width=1, height=1, fps=60.0, alternativeRefreshRates=[]}], colorMode 0, supportedColorModes [0], hdrCapabilities null, allmSupported false, gameContentTypeSupported false, density 480, 480.0 x 480.0 dpi, appVsyncOff 0, presDeadline 16666666, touch NONE, rotation 0, type VIRTUAL, deviceProductInfo null, state OFF, owner com.pix.arts.CaesarEmpire (uid 10188), frameRateOverride , brightnessMinimum 0.0, brightnessMaximum 0.0, brightnessDefault 0.0, FLAG_PRESENTATION, FLAG_OWN_CONTENT_ONLY, installOrientation 0} does not support input device matching.
08-28 16:32:42.909  2636  6878 D WindowManager: finishDrawingWindow: Window{32168d u0 com.pix.arts.CaesarEmpire} mDrawState=HAS_DRAWN
08-28 16:32:43.381  2636  6878 I ActivityTaskManager: START u0 {flg=0x54018000 cmp=com.pix.arts.CaesarEmpire/thf.tor.jy mCallingUid=10188} from uid 10188
08-28 16:32:43.383  2636  6878 W ActivityTaskManager: Background activity start [callingPackage: com.pix.arts.CaesarEmpire; callingUid: 10188; appSwitchState: 2; isCallingUidForeground: false; callingUidHasAnyVisibleWindow: false; callingUidProcState: FOREGROUND_SERVICE; isCallingUidPersistentSystemProcess: false; realCallingUid: 10188; isRealCallingUidForeground: false; realCallingUidHasAnyVisibleWindow: false; realCallingUidProcState: FOREGROUND_SERVICE; isRealCallingUidPersistentSystemProcess: false; originatingPendingIntent: null; allowBackgroundActivityStart: false; intent: Intent { flg=0x54018000 cmp=com.pix.arts.CaesarEmpire/thf.tor.jy mCallingUid=10188 }; callerApp: ProcessRecord{3d9858a 19898:com.pix.arts.CaesarEmpire/u0a188}; inVisibleTask: false]
08-28 16:32:43.389  2636  6878 E ActivityTaskManager: Abort background activity starts from 10188
08-28 16:32:43.391  2636  7666 D CoreBackPreview: Window{32168d u0 com.pix.arts.CaesarEmpire}: Setting back callback null
08-28 16:32:43.394 19898 19898 V ZoomWindowDecorView: removeZoomView
08-28 16:32:43.397  2636  6878 D DisplayManagerService: Display 212 hasContent flag changed: hasContent=false, inTraversal=true
08-28 16:32:43.397  2636  6878 D DisplayManagerServiceExtImpl: scheduleTraversalLocked intraversal=true
08-28 16:32:43.398  2636  6878 D DisplayManagerService: performTraversalInternal pendingTraversal
08-28 16:32:43.398  2636  6878 D DisplayDevice: setLayerStackLocked id=local:4630946827272645761 token=android.os.BinderProxy@75a533b stack=0->0
08-28 16:32:43.398  2636  6878 D DisplayDevice: setLayerStackLocked id=virtual:com.pix.arts.CaesarEmpire,10188,uNcyNPDOGaketgnRv,0 token=android.os.BinderProxy@9ba9ec7 stack=-1->-1
08-28 16:32:43.398  2636  6878 W DisplayManagerService: Display DisplayDeviceInfo{"uNcyNPDOGaketgnRv": uniqueId="virtual:com.pix.arts.CaesarEmpire,10188,uNcyNPDOGaketgnRv,0", 1 x 1, modeId 212, defaultModeId 212, supportedModes [{id=212, width=1, height=1, fps=60.0, alternativeRefreshRates=[]}], colorMode 0, supportedColorModes [0], hdrCapabilities null, allmSupported false, gameContentTypeSupported false, density 480, 480.0 x 480.0 dpi, appVsyncOff 0, presDeadline 16666666, touch NONE, rotation 0, type VIRTUAL, deviceProductInfo null, state OFF, owner com.pix.arts.CaesarEmpire (uid 10188), frameRateOverride , brightnessMinimum 0.0, brightnessMaximum 0.0, brightnessDefault 0.0, FLAG_PRESENTATION, FLAG_OWN_CONTENT_ONLY, installOrientation 0} does not support input device matching.
08-28 16:32:43.401  2636  6878 I DisplayDeviceRepository: Display device removed: DisplayDeviceInfo{"uNcyNPDOGaketgnRv": uniqueId="virtual:com.pix.arts.CaesarEmpire,10188,uNcyNPDOGaketgnRv,0", 1 x 1, modeId 212, defaultModeId 212, supportedModes [{id=212, width=1, height=1, fps=60.0, alternativeRefreshRates=[]}], colorMode 0, supportedColorModes [0], hdrCapabilities null, allmSupported false, gameContentTypeSupported false, density 480, 480.0 x 480.0 dpi, appVsyncOff 0, presDeadline 16666666, touch NONE, rotation 0, type VIRTUAL, deviceProductInfo null, state OFF, owner com.pix.arts.CaesarEmpire (uid 10188), frameRateOverride , brightnessMinimum 0.0, brightnessMaximum 0.0, brightnessDefault 0.0, FLAG_PRESENTATION, FLAG_OWN_CONTENT_ONLY, installOrientation 0}
08-28 16:32:43.402  2636  6878 W LogicalDisplay: setPrimaryDisplayDeviceLocked device changed:[id=virtual:com.pix.arts.CaesarEmpire,10188,uNcyNPDOGaketgnRv,0,stack=-1]->null
08-28 16:32:43.402  2636  6878 I LogicalDisplayMapper: Removing display: 212
08-28 16:32:43.404  2636  6878 D LogicalDisplayMapper: invalid display=id=212,phase=1,stack=212,content=false,displayInfo{stack=0,type=0,id=0,uId=null,state=UNKNOWN,pkg=null}
08-28 16:32:43.404  2636  2775 D DisplayManagerService: Delivering display event: displayId=212, event=3
08-28 16:32:43.404  2636  6878 D DisplayManagerServiceExtImpl: scheduleTraversalLocked intraversal=false
08-28 16:32:43.405  2636  4637 E OAPM    : onDisplayRemoved: 212
08-28 16:32:43.409  2636  2775 D DisplayManagerService: MSG_REQUEST_TRAVERSAL pendingCompleted=false
08-28 16:32:43.418  2636  2775 D DisplayManagerService: Delivering display group event: groupId=0, event=2
08-28 16:32:43.419  2636  2775 I VRR [OPlusRefreshRateManager]: hasADFRFeature return false
08-28 16:32:43.419  2636  2775 I DisplayManagerService: Comparing display specs: baseModeId=1 allowGroupSwitching=false primaryRefreshRateRange=[0 90] appRequestRefreshRateRange=[0 90] vrrPolicy=POLICY_DEFAULT, existing: baseModeId=1 allowGroupSwitching=false primaryRefreshRateRange=[0 90] appRequestRefreshRateRange=[0 90] vrrPolicy=POLICY_DEFAULT
08-28 16:32:43.422  2636  2776 D DisplayManagerService: performTraversalInternal pendingTraversal
08-28 16:32:43.422  2636  2776 D DisplayDevice: setLayerStackLocked id=local:4630946827272645761 token=android.os.BinderProxy@75a533b stack=0->0
08-28 16:32:45.540  2636  3033 I ActivityManager: Killing 12979:com.UCMobile.intl:resident/u0a393 (adj 995): empty #17
08-28 16:32:54.035  2636  3123 E AppOps  : attributionTag  not declared in manifest of com.oplus.exsystemservice
08-28 16:32:54.041  2636  3123 E AppOps  : attributionTag  not declared in manifest of com.oplus.exsystemservice
08-28 16:32:59.464  2636  2636 D CompatibilityChangeReporter: Compat change id reported: 168419799; UID 10260; state: DISABLED
08-28 16:32:59.473  2636  2636 D CompatibilityChangeReporter: Compat change id reported: 135634846; UID 10393; state: DISABLED
08-28 16:32:59.473  2636  2636 D CompatibilityChangeReporter: Compat change id reported: 177438394; UID 10393; state: DISABLED
08-28 16:32:59.473  2636  2636 D CompatibilityChangeReporter: Compat change id reported: 135772972; UID 10393; state: DISABLED
08-28 16:32:59.473  2636  2636 D CompatibilityChangeReporter: Compat change id reported: 135754954; UID 10393; state: ENABLED
08-28 16:32:59.474  2636  2809 D CompatibilityChangeReporter: Compat change id reported: 143937733; UID 10393; state: ENABLED
08-28 16:32:59.506  2636  2809 I ActivityManager: Start proc 16143:com.UCMobile.intl:RemoteBackgroundProcess/u0a393 for service {com.UCMobile.intl/com.uc.browser.multiprocess.bgwork.CollapsedJobService}
08-28 16:32:59.818  2636  6446 D CompatibilityChangeReporter: Compat change id reported: 319212206; UID 10393; state: DISABLED
08-28 16:32:59.831  2636  4376 W ActivityManager: Unable to start service Intent { cmp=com.UCMobile.intl/com.alv.foun.service.PhoenixService } U=0: not found
08-28 16:32:59.832  2636  7668 W PackageManager: package unknown uid 10393 pid 16143 call SetEnabledSetting(com.UCMobile.intl component = com.alv.foun.PhoenixBroadcastReceiver, 2, 0)
08-28 16:32:59.833  2636  7668 W PackageManager: package unknown uid 10393 pid 16143 call SetEnabledSetting(com.UCMobile.intl component = com.alv.foun.service.PhoenixService, 2, 0)
08-28 16:32:59.872  2636  4376 D CompatibilityChangeReporter: Compat change id reported: 135634846; UID 10393; state: DISABLED
08-28 16:32:59.872  2636  4376 D CompatibilityChangeReporter: Compat change id reported: 177438394; UID 10393; state: DISABLED
08-28 16:32:59.873  2636  4376 D CompatibilityChangeReporter: Compat change id reported: 135772972; UID 10393; state: DISABLED
08-28 16:32:59.873  2636  4376 D CompatibilityChangeReporter: Compat change id reported: 135754954; UID 10393; state: ENABLED
08-28 16:32:59.873  2636  3899 D CompatibilityChangeReporter: Compat change id reported: 194532703; UID 10393; state: ENABLED
08-28 16:32:59.876  2636  2809 D CompatibilityChangeReporter: Compat change id reported: 143937733; UID 10393; state: ENABLED
08-28 16:32:59.905  2636  2809 I ActivityManager: Start proc 16243:com.UCMobile.intl:resident/u0a393 for service {com.UCMobile.intl/com.uc.browser.multiprocess.resident.ResidentIpcService}
08-28 16:32:59.939 16143 16239 E ResourcesImplExt: the AssetManager's apkAsset: ApkAssets{path=<empty> and /system/framework/framework-res.apk}
08-28 16:32:59.939 16143 16239 E ResourcesImplExt: the AssetManager's apkAsset: ApkAssets{path=/my_bigball/overlay/GmsConfigOverlayASI_Infrastructure/GmsConfigOverlayASI_Infrastructure.apk}
08-28 16:32:59.939 16143 16239 E ResourcesImplExt: the AssetManager's apkAsset: ApkAssets{path=/my_bigball/overlay/GmsConfigOverlayCommonEx/GmsConfigOverlayCommonEx.apk}
08-28 16:32:59.939 16143 16239 E ResourcesImplExt: the AssetManager's apkAsset: ApkAssets{path=/my_bigball/overlay/GmsConfigOverlayComms/GmsConfigOverlayComms.apk}
08-28 16:32:59.939 16143 16239 E ResourcesImplExt: the AssetManager's apkAsset: ApkAssets{path=/my_bigball/overlay/GmsConfigOverlayGSA/GmsConfigOverlayGSA.apk}
08-28 16:32:59.939 16143 16239 E ResourcesImplExt: the AssetManager's apkAsset: ApkAssets{path=/my_bigball/overlay/GmsConfigOverlayNoSafetyCenter/GmsConfigOverlayNoSafetyCenter.apk}
08-28 16:32:59.939 16143 16239 E ResourcesImplExt: the AssetManager's apkAsset: ApkAssets{path=/product/overlay/CaptivePortalLoginFrameworkOverlay.apk}
08-28 16:32:59.939 16143 16239 E ResourcesImplExt: the AssetManager's apkAsset: ApkAssets{path=/product/overlay/GoogleExtServicesConfigOverlay.apk}
08-28 16:32:59.939 16143 16239 E ResourcesImplExt: the AssetManager's apkAsset: ApkAssets{path=/product/overlay/GooglePermissionControllerFrameworkOverlay.apk}
08-28 16:32:59.939 16143 16239 E ResourcesImplExt: the AssetManager's apkAsset: ApkAssets{path=/product/overlay/ModuleMetadataGoogleOverlay.apk}
08-28 16:32:59.939 16143 16239 E ResourcesImplExt: the AssetManager's apkAsset: ApkAssets{path=/my_bigball/overlay/OplusGmsConfigOverlayCommon/OplusGmsConfigOverlayCommon.apk}
08-28 16:32:59.939 16143 16239 E ResourcesImplExt: the AssetManager's apkAsset: ApkAssets{path=/product/overlay/FrameworksResCommon_Sys.apk}
08-28 16:32:59.939 16143 16239 E ResourcesImplExt: the AssetManager's apkAsset: ApkAssets{path=/vendor/overlay/FrameworksResTarget.apk}
08-28 16:32:59.939 16143 16239 E ResourcesImplExt: the AssetManager's apkAsset: ApkAssets{path=/system_ext/overlay/framework_res_overlay_Network.apk}
08-28 16:32:59.939 16143 16239 E ResourcesImplExt: the AssetManager's apkAsset: ApkAssets{path=/product/overlay/aon_framework_res_overlay.display.product.apk}
08-28 16:32:59.939 16143 16239 E ResourcesImplExt: the AssetManager's apkAsset: ApkAssets{path=/odm/overlay/android_framework_res_overlay.camera.product.20261.apk}
08-28 16:32:59.939 16143 16239 E ResourcesImplExt: the AssetManager's apkAsset: ApkAssets{path=/odm/overlay/android_framework_res_overlay.display.product.20261.apk}
08-28 16:32:59.939 16143 16239 E ResourcesImplExt: the AssetManager's apkAsset: ApkAssets{path=/system_ext/overlay/ConnectivityBaseOverlay.apk}
08-28 16:32:59.939 16143 16239 E ResourcesImplExt: the AssetManager's apkAsset: ApkAssets{path=/system_ext/overlay/OplusFrameworkBluetoothResource.apk}
08-28 16:32:59.939 16143 16239 E ResourcesImplExt: the AssetManager's apkAsset: ApkAssets{path=<empty> and /system_ext/framework/oplus-framework-res.apk}
08-28 16:32:59.939 16143 16239 E ResourcesImplExt: the AssetManager's apkAsset: ApkAssets{path=/odm/overlay/oplus_framework_res_overlay.display.product.20261.apk}
08-28 16:32:59.939 16143 16239 E ResourcesImplExt: the AssetManager's apkAsset: ApkAssets{path=/product/overlay/oplus_framework_res_rro_oppo.apk}
08-28 16:32:59.939 16143 16239 E ResourcesImplExt: the AssetManager's apkAsset: ApkAssets{path=<empty> and /data/app/~~b11ePcBfm20CgpRKWt71eA==/com.UCMobile.intl-gMBRVLT-7-mDxhICcAbidw==/base.apk}
08-28 16:32:59.939 16143 16239 E ResourcesImplExt: the AssetManager's apkAsset: ApkAssets{path=/data/resource-cache/com.android.systemui-neutral-ZhdG.frro}
08-28 16:32:59.939 16143 16239 E ResourcesImplExt: the AssetManager's apkAsset: ApkAssets{path=/data/resource-cache/com.android.systemui-accent-3CBj.frro}
08-28 16:32:59.940 16143 16239 E ResourcesImplExt: the AssetManager's apkAsset: ApkAssets{path=<empty> and /system/framework/framework-res.apk}
08-28 16:32:59.940 16143 16239 E ResourcesImplExt: the AssetManager's apkAsset: ApkAssets{path=/my_bigball/overlay/GmsConfigOverlayASI_Infrastructure/GmsConfigOverlayASI_Infrastructure.apk}
08-28 16:32:59.940 16143 16239 E ResourcesImplExt: the AssetManager's apkAsset: ApkAssets{path=/my_bigball/overlay/GmsConfigOverlayCommonEx/GmsConfigOverlayCommonEx.apk}
08-28 16:32:59.940 16143 16239 E ResourcesImplExt: the AssetManager's apkAsset: ApkAssets{path=/my_bigball/overlay/GmsConfigOverlayComms/GmsConfigOverlayComms.apk}
08-28 16:32:59.940 16143 16239 E ResourcesImplExt: the AssetManager's apkAsset: ApkAssets{path=/my_bigball/overlay/GmsConfigOverlayGSA/GmsConfigOverlayGSA.apk}
08-28 16:32:59.940 16143 16239 E ResourcesImplExt: the AssetManager's apkAsset: ApkAssets{path=/my_bigball/overlay/GmsConfigOverlayNoSafetyCenter/GmsConfigOverlayNoSafetyCenter.apk}
08-28 16:32:59.940 16143 16239 E ResourcesImplExt: the AssetManager's apkAsset: ApkAssets{path=/product/overlay/CaptivePortalLoginFrameworkOverlay.apk}
08-28 16:32:59.940 16143 16239 E ResourcesImplExt: the AssetManager's apkAsset: ApkAssets{path=/product/overlay/GoogleExtServicesConfigOverlay.apk}
08-28 16:32:59.940 16143 16239 E ResourcesImplExt: the AssetManager's apkAsset: ApkAssets{path=/product/overlay/GooglePermissionControllerFrameworkOverlay.apk}
08-28 16:32:59.940 16143 16239 E ResourcesImplExt: the AssetManager's apkAsset: ApkAssets{path=/product/overlay/ModuleMetadataGoogleOverlay.apk}
08-28 16:32:59.940 16143 16239 E ResourcesImplExt: the AssetManager's apkAsset: ApkAssets{path=/my_bigball/overlay/OplusGmsConfigOverlayCommon/OplusGmsConfigOverlayCommon.apk}
08-28 16:32:59.940 16143 16239 E ResourcesImplExt: the AssetManager's apkAsset: ApkAssets{path=/product/overlay/FrameworksResCommon_Sys.apk}
08-28 16:32:59.940 16143 16239 E ResourcesImplExt: the AssetManager's apkAsset: ApkAssets{path=/vendor/overlay/FrameworksResTarget.apk}
08-28 16:32:59.940 16143 16239 E ResourcesImplExt: the AssetManager's apkAsset: ApkAssets{path=/system_ext/overlay/framework_res_overlay_Network.apk}
08-28 16:32:59.940 16143 16239 E ResourcesImplExt: the AssetManager's apkAsset: ApkAssets{path=/product/overlay/aon_framework_res_overlay.display.product.apk}
08-28 16:32:59.940 16143 16239 E ResourcesImplExt: the AssetManager's apkAsset: ApkAssets{path=/odm/overlay/android_framework_res_overlay.camera.product.20261.apk}
08-28 16:32:59.940 16143 16239 E ResourcesImplExt: the AssetManager's apkAsset: ApkAssets{path=/odm/overlay/android_framework_res_overlay.display.product.20261.apk}
08-28 16:32:59.940 16143 16239 E ResourcesImplExt: the AssetManager's apkAsset: ApkAssets{path=/system_ext/overlay/ConnectivityBaseOverlay.apk}
08-28 16:32:59.940 16143 16239 E ResourcesImplExt: the AssetManager's apkAsset: ApkAssets{path=/system_ext/overlay/OplusFrameworkBluetoothResource.apk}
08-28 16:32:59.941 16143 16239 E ResourcesImplExt: the AssetManager's apkAsset: ApkAssets{path=<empty> and /system_ext/framework/oplus-framework-res.apk}
08-28 16:32:59.941 16143 16239 E ResourcesImplExt: the AssetManager's apkAsset: ApkAssets{path=/odm/overlay/oplus_framework_res_overlay.display.product.20261.apk}
08-28 16:32:59.941 16143 16239 E ResourcesImplExt: the AssetManager's apkAsset: ApkAssets{path=/product/overlay/oplus_framework_res_rro_oppo.apk}
08-28 16:32:59.941 16143 16239 E ResourcesImplExt: the AssetManager's apkAsset: ApkAssets{path=<empty> and /data/app/~~b11ePcBfm20CgpRKWt71eA==/com.UCMobile.intl-gMBRVLT-7-mDxhICcAbidw==/base.apk}
08-28 16:32:59.941 16143 16239 E ResourcesImplExt: the AssetManager's apkAsset: ApkAssets{path=/data/resource-cache/com.android.systemui-neutral-ZhdG.frro}
08-28 16:32:59.941 16143 16239 E ResourcesImplExt: the AssetManager's apkAsset: ApkAssets{path=/data/resource-cache/com.android.systemui-accent-3CBj.frro}
08-28 16:32:59.966  2636  2636 W JobScheduler: Job didn't exist in JobStore: #com.UCMobile.intl/141102
08-28 16:33:00.015  2636  6446 E OplusCustomizeRestrictionManagerService: isBiometricDisabled start
08-28 16:33:00.016  2636  4376 E OplusCustomizeRestrictionManagerService: isBiometricDisabled start
08-28 16:33:00.073  2636  6446 I ActivityManager: Killing 14627:com.oplus.linker:app/u0a23 (adj 935): empty #17
08-28 16:33:00.163  2636  7666 W ActivityManager: Unable to start service Intent { cmp=com.UCMobile.intl/com.alv.foun.service.PhoenixService } U=0: not found
08-28 16:33:00.163  2636  4376 W PackageManager: package unknown uid 10393 pid 16243 call SetEnabledSetting(com.UCMobile.intl component = com.alv.foun.PhoenixBroadcastReceiver, 2, 0)
08-28 16:33:00.163  2636  4376 W PackageManager: package unknown uid 10393 pid 16243 call SetEnabledSetting(com.UCMobile.intl component = com.alv.foun.service.PhoenixService, 2, 0)
08-28 16:33:00.202  2636  4376 W PackageManager: package unknown uid 10393 pid 16243 call SetEnabledSetting(com.UCMobile.intl component = com.taobao.accs.ChannelService, 1, 0)
08-28 16:33:00.202  2636  7666 W ActivityManager: Background start not allowed: service Intent { cmp=com.UCMobile.intl/com.uc.ud.ploys.jobscheduler.UdJobService } to com.UCMobile.intl/com.uc.ud.ploys.jobscheduler.UdJobService from pid=16243 uid=10393 pkg=com.UCMobile.intl startFg?=false
08-28 16:33:00.239  2636  7666 W ActivityManager: Receiver with filter android.content.IntentFilter@840033a already registered for pid 16243, callerPackage is com.UCMobile.intl
08-28 16:33:00.254  2636  7666 W ActivityManager: Receiver with filter android.content.IntentFilter@d52f5f4 already registered for pid 16243, callerPackage is com.UCMobile.intl
08-28 16:33:00.260  2636  7666 W ActivityManager: Receiver with filter android.content.IntentFilter@f3fbf92 already registered for pid 16243, callerPackage is com.UCMobile.intl
08-28 16:33:00.262  2636  7666 W ActivityManager: Receiver with filter android.content.IntentFilter@76f3d63 already registered for pid 16243, callerPackage is com.UCMobile.intl
08-28 16:33:00.265  2636  7666 W ActivityManager: Background start not allowed: service Intent { act=com.ud.business.ntf pkg=com.UCMobile.intl (has extras) } to com.UCMobile.intl/com.uc.browser.multiprocess.resident.ResidentIpcService from pid=16243 uid=10393 pkg=com.UCMobile.intl startFg?=false
08-28 16:33:00.269  2636  7666 W ActivityManager: Receiver with filter android.content.IntentFilter@ca37d60 already registered for pid 16243, callerPackage is com.UCMobile.intl
08-28 16:33:00.269 16243 16370 E ResourcesImplExt: the AssetManager's apkAsset: ApkAssets{path=<empty> and /system/framework/framework-res.apk}
08-28 16:33:00.269 16243 16370 E ResourcesImplExt: the AssetManager's apkAsset: ApkAssets{path=/my_bigball/overlay/GmsConfigOverlayASI_Infrastructure/GmsConfigOverlayASI_Infrastructure.apk}
08-28 16:33:00.269 16243 16370 E ResourcesImplExt: the AssetManager's apkAsset: ApkAssets{path=/my_bigball/overlay/GmsConfigOverlayCommonEx/GmsConfigOverlayCommonEx.apk}
08-28 16:33:00.269 16243 16370 E ResourcesImplExt: the AssetManager's apkAsset: ApkAssets{path=/my_bigball/overlay/GmsConfigOverlayComms/GmsConfigOverlayComms.apk}
08-28 16:33:00.269 16243 16370 E ResourcesImplExt: the AssetManager's apkAsset: ApkAssets{path=/my_bigball/overlay/GmsConfigOverlayGSA/GmsConfigOverlayGSA.apk}
08-28 16:33:00.269 16243 16370 E ResourcesImplExt: the AssetManager's apkAsset: ApkAssets{path=/my_bigball/overlay/GmsConfigOverlayNoSafetyCenter/GmsConfigOverlayNoSafetyCenter.apk}
08-28 16:33:00.269 16243 16370 E ResourcesImplExt: the AssetManager's apkAsset: ApkAssets{path=/product/overlay/CaptivePortalLoginFrameworkOverlay.apk}
08-28 16:33:00.269 16243 16370 E ResourcesImplExt: the AssetManager's apkAsset: ApkAssets{path=/product/overlay/GoogleExtServicesConfigOverlay.apk}
08-28 16:33:00.269 16243 16370 E ResourcesImplExt: the AssetManager's apkAsset: ApkAssets{path=/product/overlay/GooglePermissionControllerFrameworkOverlay.apk}
08-28 16:33:00.269 16243 16370 E ResourcesImplExt: the AssetManager's apkAsset: ApkAssets{path=/product/overlay/ModuleMetadataGoogleOverlay.apk}
08-28 16:33:00.269 16243 16370 E ResourcesImplExt: the AssetManager's apkAsset: ApkAssets{path=/my_bigball/overlay/OplusGmsConfigOverlayCommon/OplusGmsConfigOverlayCommon.apk}
08-28 16:33:00.269 16243 16370 E ResourcesImplExt: the AssetManager's apkAsset: ApkAssets{path=/product/overlay/FrameworksResCommon_Sys.apk}
08-28 16:33:00.269 16243 16370 E ResourcesImplExt: the AssetManager's apkAsset: ApkAssets{path=/vendor/overlay/FrameworksResTarget.apk}
08-28 16:33:00.269 16243 16370 E ResourcesImplExt: the AssetManager's apkAsset: ApkAssets{path=/system_ext/overlay/framework_res_overlay_Network.apk}
08-28 16:33:00.269 16243 16370 E ResourcesImplExt: the AssetManager's apkAsset: ApkAssets{path=/product/overlay/aon_framework_res_overlay.display.product.apk}
08-28 16:33:00.269 16243 16370 E ResourcesImplExt: the AssetManager's apkAsset: ApkAssets{path=/odm/overlay/android_framework_res_overlay.camera.product.20261.apk}
08-28 16:33:00.269 16243 16370 E ResourcesImplExt: the AssetManager's apkAsset: ApkAssets{path=/odm/overlay/android_framework_res_overlay.display.product.20261.apk}
08-28 16:33:00.269 16243 16370 E ResourcesImplExt: the AssetManager's apkAsset: ApkAssets{path=/system_ext/overlay/ConnectivityBaseOverlay.apk}
08-28 16:33:00.269 16243 16370 E ResourcesImplExt: the AssetManager's apkAsset: ApkAssets{path=/system_ext/overlay/OplusFrameworkBluetoothResource.apk}
08-28 16:33:00.269 16243 16370 E ResourcesImplExt: the AssetManager's apkAsset: ApkAssets{path=<empty> and /system_ext/framework/oplus-framework-res.apk}
08-28 16:33:00.269 16243 16370 E ResourcesImplExt: the AssetManager's apkAsset: ApkAssets{path=/odm/overlay/oplus_framework_res_overlay.display.product.20261.apk}
08-28 16:33:00.269 16243 16370 E ResourcesImplExt: the AssetManager's apkAsset: ApkAssets{path=/product/overlay/oplus_framework_res_rro_oppo.apk}
08-28 16:33:00.270 16243 16370 E ResourcesImplExt: the AssetManager's apkAsset: ApkAssets{path=<empty> and /data/app/~~b11ePcBfm20CgpRKWt71eA==/com.UCMobile.intl-gMBRVLT-7-mDxhICcAbidw==/base.apk}
08-28 16:33:00.270 16243 16370 E ResourcesImplExt: the AssetManager's apkAsset: ApkAssets{path=/data/resource-cache/com.android.systemui-neutral-ZhdG.frro}
08-28 16:33:00.270 16243 16370 E ResourcesImplExt: the AssetManager's apkAsset: ApkAssets{path=/data/resource-cache/com.android.systemui-accent-3CBj.frro}
08-28 16:33:00.270 16243 16370 E ResourcesImplExt: the AssetManager's apkAsset: ApkAssets{path=<empty> and /system/framework/framework-res.apk}
08-28 16:33:00.270 16243 16370 E ResourcesImplExt: the AssetManager's apkAsset: ApkAssets{path=/my_bigball/overlay/GmsConfigOverlayASI_Infrastructure/GmsConfigOverlayASI_Infrastructure.apk}
08-28 16:33:00.270 16243 16370 E ResourcesImplExt: the AssetManager's apkAsset: ApkAssets{path=/my_bigball/overlay/GmsConfigOverlayCommonEx/GmsConfigOverlayCommonEx.apk}
08-28 16:33:00.270 16243 16370 E ResourcesImplExt: the AssetManager's apkAsset: ApkAssets{path=/my_bigball/overlay/GmsConfigOverlayComms/GmsConfigOverlayComms.apk}
08-28 16:33:00.270 16243 16370 E ResourcesImplExt: the AssetManager's apkAsset: ApkAssets{path=/my_bigball/overlay/GmsConfigOverlayGSA/GmsConfigOverlayGSA.apk}
08-28 16:33:00.270 16243 16370 E ResourcesImplExt: the AssetManager's apkAsset: ApkAssets{path=/my_bigball/overlay/GmsConfigOverlayNoSafetyCenter/GmsConfigOverlayNoSafetyCenter.apk}
08-28 16:33:00.270 16243 16370 E ResourcesImplExt: the AssetManager's apkAsset: ApkAssets{path=/product/overlay/CaptivePortalLoginFrameworkOverlay.apk}
08-28 16:33:00.270 16243 16370 E ResourcesImplExt: the AssetManager's apkAsset: ApkAssets{path=/product/overlay/GoogleExtServicesConfigOverlay.apk}
08-28 16:33:00.270 16243 16370 E ResourcesImplExt: the AssetManager's apkAsset: ApkAssets{path=/product/overlay/GooglePermissionControllerFrameworkOverlay.apk}
08-28 16:33:00.270 16243 16370 E ResourcesImplExt: the AssetManager's apkAsset: ApkAssets{path=/product/overlay/ModuleMetadataGoogleOverlay.apk}
08-28 16:33:00.270 16243 16370 E ResourcesImplExt: the AssetManager's apkAsset: ApkAssets{path=/my_bigball/overlay/OplusGmsConfigOverlayCommon/OplusGmsConfigOverlayCommon.apk}
08-28 16:33:00.270 16243 16370 E ResourcesImplExt: the AssetManager's apkAsset: ApkAssets{path=/product/overlay/FrameworksResCommon_Sys.apk}
08-28 16:33:00.270 16243 16370 E ResourcesImplExt: the AssetManager's apkAsset: ApkAssets{path=/vendor/overlay/FrameworksResTarget.apk}
08-28 16:33:00.270 16243 16370 E ResourcesImplExt: the AssetManager's apkAsset: ApkAssets{path=/system_ext/overlay/framework_res_overlay_Network.apk}
08-28 16:33:00.271 16243 16370 E ResourcesImplExt: the AssetManager's apkAsset: ApkAssets{path=/product/overlay/aon_framework_res_overlay.display.product.apk}
08-28 16:33:00.271 16243 16370 E ResourcesImplExt: the AssetManager's apkAsset: ApkAssets{path=/odm/overlay/android_framework_res_overlay.camera.product.20261.apk}
08-28 16:33:00.271 16243 16370 E ResourcesImplExt: the AssetManager's apkAsset: ApkAssets{path=/odm/overlay/android_framework_res_overlay.display.product.20261.apk}
08-28 16:33:00.271 16243 16370 E ResourcesImplExt: the AssetManager's apkAsset: ApkAssets{path=/system_ext/overlay/ConnectivityBaseOverlay.apk}
08-28 16:33:00.271 16243 16370 E ResourcesImplExt: the AssetManager's apkAsset: ApkAssets{path=/system_ext/overlay/OplusFrameworkBluetoothResource.apk}
08-28 16:33:00.271 16243 16370 E ResourcesImplExt: the AssetManager's apkAsset: ApkAssets{path=<empty> and /system_ext/framework/oplus-framework-res.apk}
08-28 16:33:00.271 16243 16370 E ResourcesImplExt: the AssetManager's apkAsset: ApkAssets{path=/odm/overlay/oplus_framework_res_overlay.display.product.20261.apk}
08-28 16:33:00.271 16243 16370 E ResourcesImplExt: the AssetManager's apkAsset: ApkAssets{path=/product/overlay/oplus_framework_res_rro_oppo.apk}
08-28 16:33:00.271 16243 16370 E ResourcesImplExt: the AssetManager's apkAsset: ApkAssets{path=<empty> and /data/app/~~b11ePcBfm20CgpRKWt71eA==/com.UCMobile.intl-gMBRVLT-7-mDxhICcAbidw==/base.apk}
08-28 16:33:00.271 16243 16370 E ResourcesImplExt: the AssetManager's apkAsset: ApkAssets{path=/data/resource-cache/com.android.systemui-neutral-ZhdG.frro}
08-28 16:33:00.271 16243 16370 E ResourcesImplExt: the AssetManager's apkAsset: ApkAssets{path=/data/resource-cache/com.android.systemui-accent-3CBj.frro}
