08-28 16:31:03.162  1536  1536 I Quality : SFJankCountInfo: 174;2;0-0-0-0-0-0-0-0-0-0;1-0-0-0-0-0-0-0-0-0;2-0-0-0-0-0-0-0-0-0;3-0-2-0-0-0-0-0-0-0;4-0-0-0-0-0-0-0-0-0;5-0-0-0-0-0-0-0-0-0;6-0-0-0-0-0-0-0-0-0;7-0-0-0-0-0-0-0-0-0;8-0-0-0-0-0-0-0-0-0;9-0-0-0-0-0-0-0-0-0;
08-28 16:31:21.475  2636  2819 D CompatibilityChangeReporter: Compat change id reported: 135634846; UID 10165; state: DISABLED
08-28 16:31:21.475  2636  2819 D CompatibilityChangeReporter: Compat change id reported: 177438394; UID 10165; state: DISABLED
08-28 16:31:21.475  2636  2819 D CompatibilityChangeReporter: Compat change id reported: 135772972; UID 10165; state: DISABLED
08-28 16:31:21.475  2636  2819 D CompatibilityChangeReporter: Compat change id reported: 135754954; UID 10165; state: ENABLED
08-28 16:31:21.477  2636  2809 D CompatibilityChangeReporter: Compat change id reported: 143937733; UID 10165; state: ENABLED
08-28 16:31:21.505  2636  2809 I ActivityManager: Start proc 15411:com.google.android.youtube/u0a165 for broadcast {com.google.android.youtube/com.google.android.libraries.notifications.platform.entrypoints.push.PushReceiver}
08-28 16:31:21.554  2636  3678 D CompatibilityChangeReporter: Compat change id reported: 168419799; UID 10165; state: DISABLED
08-28 16:31:21.561 15411 15431 V ActivityThread: scheduleReceiver info = ActivityInfo{fdece0e com.google.android.libraries.notifications.platform.entrypoints.push.PushReceiver} intent = Intent { act=com.google.android.c2dm.intent.RECEIVE flg=0x1080010 pkg=com.google.android.youtube cmp=com.google.android.youtube/com.google.android.libraries.notifications.platform.entrypoints.push.PushReceiver (has extras) } sync = true hasCode = 56036671
08-28 16:31:22.166  2636  3678 D CompatibilityChangeReporter: Compat change id reported: 161145287; UID 10165; state: DISABLED
08-28 16:31:22.278  2636  4148 D CompatibilityChangeReporter: Compat change id reported: 135634846; UID 10144; state: DISABLED
08-28 16:31:22.278  2636  4148 D CompatibilityChangeReporter: Compat change id reported: 177438394; UID 10144; state: DISABLED
08-28 16:31:22.278  2636  4148 D CompatibilityChangeReporter: Compat change id reported: 135772972; UID 10144; state: DISABLED
08-28 16:31:22.278  2636  4148 D CompatibilityChangeReporter: Compat change id reported: 135754954; UID 10144; state: ENABLED
08-28 16:31:22.279  2636  2809 D CompatibilityChangeReporter: Compat change id reported: 143937733; UID 10144; state: ENABLED
08-28 16:31:22.292 15411 15431 V ActivityThread: scheduleReceiver info = ActivityInfo{e72e3c2 com.google.firebase.iid.FirebaseInstanceIdReceiver} intent = Intent { act=com.google.android.c2dm.intent.RECEIVE flg=0x1080010 pkg=com.google.android.youtube cmp=com.google.android.youtube/com.google.firebase.iid.FirebaseInstanceIdReceiver (has extras) } sync = true hasCode = 159633752
08-28 16:31:22.305  2636  2998 D CompatibilityChangeReporter: Compat change id reported: 319212206; UID 10165; state: DISABLED
08-28 16:31:22.313  2636  2809 I ActivityManager: Start proc 15471:com.google.process.gservices/u0a144 for content provider {com.google.android.gsf/com.google.android.gsf.gservices.GservicesProvider}
08-28 16:31:22.313  2636  2809 W ContextImpl: Calling a method in the system process without a qualified user: android.app.ContextImpl.sendBroadcast:1205 com.android.server.am.OplusAppStartupConfig.sendAbnormalNotify:1501 com.android.server.am.OplusAppStartupConfig.notifyAbnormalInfo:1434 com.android.server.am.OplusAppStartupManager.handleStartAppInfo:5310 com.android.server.am.ProcessListExtImpl.hookHandleProcessStart:234 
08-28 16:31:22.529  2636  2998 D UsageStatsService: User[0] type=0 b=1724842882527 e=1724844682527 cb=1724761641235 ce=1724844682490 disk=0 all=82
08-28 16:31:22.575  2636  2998 W ActivityManager: Unable to start service Intent { act=com.google.android.gms.gservices.START pkg=com.google.android.gms } U=0: not found
08-28 16:31:22.579  2636  2998 W ActivityManager: Unbind failed: could not find connection for android.os.BinderProxy@3310594
08-28 16:31:22.682  2636  3679 D OplusActivityManagerServiceEnhance: setGlThreads detect 15411 15537
08-28 16:31:22.706  2636  4148 D CompatibilityChangeReporter: Compat change id reported: 161252188; UID 10144; state: DISABLED
08-28 16:31:22.766  2636  3256 W DevicePolicyManager: Unknown user type: UserInfo{999:MultiApp:4001010}
08-28 16:31:22.766  2636  3256 W DevicePolicyManager: Unknown user type: UserInfo{999:MultiApp:4001010}
08-28 16:31:22.766  2636  3256 W DevicePolicyManager: Unknown user type: UserInfo{999:MultiApp:4001010}
08-28 16:31:22.766  2636  3256 W DevicePolicyManager: Unknown user type: UserInfo{999:MultiApp:4001010}
08-28 16:31:22.767  2636  3256 W DevicePolicyManager: Unknown user type: UserInfo{999:MultiApp:4001010}
08-28 16:31:22.767  2636  3256 W DevicePolicyManager: Unknown user type: UserInfo{999:MultiApp:4001010}
08-28 16:31:22.767  2636  3256 W DevicePolicyManager: Unknown user type: UserInfo{999:MultiApp:4001010}
08-28 16:31:22.767  2636  3256 W DevicePolicyManager: Unknown user type: UserInfo{999:MultiApp:4001010}
08-28 16:31:22.849  2636  4148 D CompatibilityChangeReporter: Compat change id reported: 194532703; UID 10165; state: ENABLED
08-28 16:31:23.144  2636  2998 D CompatibilityChangeReporter: Compat change id reported: 183164979; UID 10165; state: ENABLED
08-28 16:31:24.347  2636  3256 W DevicePolicyManager: Unknown user type: UserInfo{999:MultiApp:4001010}
08-28 16:31:24.347  2636  3256 W DevicePolicyManager: Unknown user type: UserInfo{999:MultiApp:4001010}
08-28 16:31:24.347  2636  3256 W DevicePolicyManager: Unknown user type: UserInfo{999:MultiApp:4001010}
08-28 16:31:24.347  2636  3256 W DevicePolicyManager: Unknown user type: UserInfo{999:MultiApp:4001010}
08-28 16:31:24.347  2636  3256 W DevicePolicyManager: Unknown user type: UserInfo{999:MultiApp:4001010}
08-28 16:31:24.347  2636  3256 W DevicePolicyManager: Unknown user type: UserInfo{999:MultiApp:4001010}
08-28 16:31:24.347  2636  3256 W DevicePolicyManager: Unknown user type: UserInfo{999:MultiApp:4001010}
08-28 16:31:24.347  2636  3256 W DevicePolicyManager: Unknown user type: UserInfo{999:MultiApp:4001010}
08-28 16:31:24.349  2636  3256 W DevicePolicyManager: Unknown user type: UserInfo{999:MultiApp:4001010}
08-28 16:31:24.350  2636  3256 W DevicePolicyManager: Unknown user type: UserInfo{999:MultiApp:4001010}
08-28 16:31:24.350  2636  3256 W DevicePolicyManager: Unknown user type: UserInfo{999:MultiApp:4001010}
08-28 16:31:24.350  2636  3256 W DevicePolicyManager: Unknown user type: UserInfo{999:MultiApp:4001010}
08-28 16:31:24.350  2636  3256 W DevicePolicyManager: Unknown user type: UserInfo{999:MultiApp:4001010}
08-28 16:31:24.350  2636  3256 W DevicePolicyManager: Unknown user type: UserInfo{999:MultiApp:4001010}
08-28 16:31:24.350  2636  3256 W DevicePolicyManager: Unknown user type: UserInfo{999:MultiApp:4001010}
08-28 16:31:24.350  2636  3256 W DevicePolicyManager: Unknown user type: UserInfo{999:MultiApp:4001010}
08-28 16:31:24.350  2636  3256 W DevicePolicyManager: Unknown user type: UserInfo{999:MultiApp:4001010}
08-28 16:31:24.351  2636  3256 W DevicePolicyManager: Unknown user type: UserInfo{999:MultiApp:4001010}
08-28 16:31:24.351  2636  3256 W DevicePolicyManager: Unknown user type: UserInfo{999:MultiApp:4001010}
08-28 16:31:24.351  2636  3256 W DevicePolicyManager: Unknown user type: UserInfo{999:MultiApp:4001010}
08-28 16:31:24.351  2636  3256 W DevicePolicyManager: Unknown user type: UserInfo{999:MultiApp:4001010}
08-28 16:31:24.351  2636  3256 W DevicePolicyManager: Unknown user type: UserInfo{999:MultiApp:4001010}
08-28 16:31:24.351  2636  3256 W DevicePolicyManager: Unknown user type: UserInfo{999:MultiApp:4001010}
08-28 16:31:24.351  2636  3256 W DevicePolicyManager: Unknown user type: UserInfo{999:MultiApp:4001010}
08-28 16:31:24.351  2636  3256 W DevicePolicyManager: Unknown user type: UserInfo{999:MultiApp:4001010}
08-28 16:31:24.351  2636  3256 W DevicePolicyManager: Unknown user type: UserInfo{999:MultiApp:4001010}
08-28 16:31:24.352  2636  3256 W DevicePolicyManager: Unknown user type: UserInfo{999:MultiApp:4001010}
08-28 16:31:24.352  2636  3256 W DevicePolicyManager: Unknown user type: UserInfo{999:MultiApp:4001010}
08-28 16:31:24.352  2636  3256 W DevicePolicyManager: Unknown user type: UserInfo{999:MultiApp:4001010}
08-28 16:31:24.352  2636  3256 W DevicePolicyManager: Unknown user type: UserInfo{999:MultiApp:4001010}
08-28 16:31:24.352  2636  3256 W DevicePolicyManager: Unknown user type: UserInfo{999:MultiApp:4001010}
08-28 16:31:24.352  2636  3256 W DevicePolicyManager: Unknown user type: UserInfo{999:MultiApp:4001010}
08-28 16:31:24.353  2636  3256 W DevicePolicyManager: Unknown user type: UserInfo{999:MultiApp:4001010}
08-28 16:31:24.353  2636  3256 W DevicePolicyManager: Unknown user type: UserInfo{999:MultiApp:4001010}
08-28 16:31:24.353  2636  3256 W DevicePolicyManager: Unknown user type: UserInfo{999:MultiApp:4001010}
08-28 16:31:24.353  2636  3256 W DevicePolicyManager: Unknown user type: UserInfo{999:MultiApp:4001010}
08-28 16:31:24.353  2636  3256 W DevicePolicyManager: Unknown user type: UserInfo{999:MultiApp:4001010}
08-28 16:31:24.353  2636  3256 W DevicePolicyManager: Unknown user type: UserInfo{999:MultiApp:4001010}
08-28 16:31:24.353  2636  3256 W DevicePolicyManager: Unknown user type: UserInfo{999:MultiApp:4001010}
08-28 16:31:24.353  2636  3256 W DevicePolicyManager: Unknown user type: UserInfo{999:MultiApp:4001010}
08-28 16:31:24.354  2636  3256 W DevicePolicyManager: Unknown user type: UserInfo{999:MultiApp:4001010}
08-28 16:31:24.354  2636  3256 W DevicePolicyManager: Unknown user type: UserInfo{999:MultiApp:4001010}
08-28 16:31:24.354  2636  3256 W DevicePolicyManager: Unknown user type: UserInfo{999:MultiApp:4001010}
08-28 16:31:24.354  2636  3256 W DevicePolicyManager: Unknown user type: UserInfo{999:MultiApp:4001010}
08-28 16:31:24.354  2636  3256 W DevicePolicyManager: Unknown user type: UserInfo{999:MultiApp:4001010}
08-28 16:31:24.354  2636  3256 W DevicePolicyManager: Unknown user type: UserInfo{999:MultiApp:4001010}
08-28 16:31:24.355  2636  3256 W DevicePolicyManager: Unknown user type: UserInfo{999:MultiApp:4001010}
08-28 16:31:24.355  2636  3256 W DevicePolicyManager: Unknown user type: UserInfo{999:MultiApp:4001010}
08-28 16:31:24.355  2636  3256 W DevicePolicyManager: Unknown user type: UserInfo{999:MultiApp:4001010}
08-28 16:31:24.355  2636  3256 W DevicePolicyManager: Unknown user type: UserInfo{999:MultiApp:4001010}
08-28 16:31:24.355  2636  3256 W DevicePolicyManager: Unknown user type: UserInfo{999:MultiApp:4001010}
08-28 16:31:24.355  2636  3256 W DevicePolicyManager: Unknown user type: UserInfo{999:MultiApp:4001010}
08-28 16:31:24.355  2636  3256 W DevicePolicyManager: Unknown user type: UserInfo{999:MultiApp:4001010}
08-28 16:31:24.355  2636  3256 W DevicePolicyManager: Unknown user type: UserInfo{999:MultiApp:4001010}
08-28 16:31:24.355  2636  3256 W DevicePolicyManager: Unknown user type: UserInfo{999:MultiApp:4001010}
08-28 16:31:24.355  2636  3256 W DevicePolicyManager: Unknown user type: UserInfo{999:MultiApp:4001010}
08-28 16:31:24.404  2636  2998 D CompatibilityChangeReporter: Compat change id reported: 135634846; UID 10162; state: DISABLED
08-28 16:31:24.404  2636  2809 D CompatibilityChangeReporter: Compat change id reported: 143937733; UID 10162; state: ENABLED
08-28 16:31:24.423  2636  2809 I ActivityManager: Start proc 15560:com.android.chrome/u0a162 for service {com.android.chrome/org.chromium.chrome.browser.customtabs.CustomTabsConnectionService}
08-28 16:31:24.442  2636  3679 I ActivityManager: Killing 14060:com.google.process.gservices/u999a144 (adj 985): empty #17
08-28 16:31:24.445  2636  3679 I ActivityManager: Killing 13812:com.oplus.screenrecorder/u0a354 (adj 995): empty #18
08-28 16:31:24.458  2636  4148 D CompatibilityChangeReporter: Compat change id reported: 168419799; UID 10162; state: DISABLED
08-28 16:31:24.550  2636  9034 D DisplayManagerService: Display listener for pid 13812 died.
08-28 16:31:24.561  2636  2636 W DevicePolicyManager: Unknown user type: UserInfo{999:MultiApp:4001010}
08-28 16:31:24.561  2636  2636 W DevicePolicyManager: Unknown user type: UserInfo{999:MultiApp:4001010}
08-28 16:31:24.562  2636  2636 I OplusStatusBarManagerServiceEnhance:  getTopIsFullscreen mTopIsFullscreen: false
08-28 16:31:24.566  2636  2636 I OplusStatusBarManagerServiceEnhance:  getTopIsFullscreen mTopIsFullscreen: false
08-28 16:31:24.580  2636  2636 W NotificationHistory: Attempted to add notif for locked/gone/disabled user 0
08-28 16:31:24.737  2636  9034 D CompatibilityChangeReporter: Compat change id reported: 161145287; UID 10162; state: DISABLED
08-28 16:31:24.776  2636  4924 I ActivityManager: Killing 14034:com.google.android.gms/u999a144 (adj 975): empty #17
08-28 16:31:24.794  2636  4924 V WindowManager: Relayout Window{d72bb6 u0 NotificationShade}: viewVisibility=4, oldvis=4, req=1080x2400
08-28 16:31:24.811  2636  4298 V WindowManager: Relayout Window{39377cb u0 StatusBar}: viewVisibility=0, oldvis=0, req=1080x107
08-28 16:31:24.843  2636  4298 V WindowManager: Relayout Window{d72bb6 u0 NotificationShade}: viewVisibility=0, oldvis=4, req=1080x2400
08-28 16:31:24.892  2636  9034 D WindowManager: finishDrawingWindow: Window{d72bb6 u0 NotificationShade} mDrawState=DRAW_PENDING
08-28 16:31:25.075  2636  4376 D CompatibilityChangeReporter: Compat change id reported: 135634846; UID 10162; state: DISABLED
08-28 16:31:25.076  2636  2809 D CompatibilityChangeReporter: Compat change id reported: 143937733; UID 10162; state: ENABLED
08-28 16:31:25.129  2636  2809 W ActivityManager: Slow operation: 55ms so far, now at startProcess: done updating battery stats
08-28 16:31:25.129  2636  2809 W ActivityManager: Slow operation: 55ms so far, now at startProcess: building log message
08-28 16:31:25.129  2636  2809 I ActivityManager: Start proc 15643:com.android.chrome:privileged_process0/u0a162 for service {com.android.chrome/org.chromium.content.app.PrivilegedProcessService0}
08-28 16:31:25.129  2636  2809 W ActivityManager: Slow operation: 55ms so far, now at startProcess: starting to update pids map
08-28 16:31:25.130  2636  2809 W ActivityManager: Slow operation: 55ms so far, now at startProcess: done updating pids map
08-28 16:31:25.461  2636  2809 D CompatibilityChangeReporter: Compat change id reported: 143937733; UID 10162; state: ENABLED
08-28 16:31:25.463  2636  2809 D CompatibilityChangeReporter: Compat change id reported: 135634846; UID 10162; state: DISABLED
08-28 16:31:25.463  2636  2809 D CompatibilityChangeReporter: Compat change id reported: 207557677; UID 10162; state: ENABLED
08-28 16:31:25.486  2636  4924 D CompatibilityChangeReporter: Compat change id reported: 319212206; UID 10162; state: ENABLED
08-28 16:31:25.525  2636  4148 W PackageManager: package unknown uid 10162 pid 15560 call SetEnabledSetting(com.android.chrome component = org.chromium.chrome.browser.quickactionsearchwidget.QuickActionSearchWidgetProvider$QuickActionSearchWidgetProviderSearch, 1, 0)
08-28 16:31:25.527  2636  4148 W PackageManager: package unknown uid 10162 pid 15560 call SetEnabledSetting(com.android.chrome component = org.chromium.chrome.browser.quickactionsearchwidget.QuickActionSearchWidgetProvider$QuickActionSearchWidgetProviderDino, 1, 0)
08-28 16:31:25.536  2636  4376 I ActivityManager: Killing 13303:com.google.android.webview:webview_service/u0a170 (adj 985): empty #17
08-28 16:31:25.614  2636  2809 W ActivityManager: Slow operation: 154ms so far, now at startProcess: returned from zygote!
08-28 16:31:25.614  2636  2809 W ActivityManager: Slow operation: 154ms so far, now at startProcess: done updating battery stats
08-28 16:31:25.616  2636  2809 W ActivityManager: Slow operation: 156ms so far, now at startProcess: building log message
08-28 16:31:25.617  2636  2809 I ActivityManager: Start proc 15694:com.android.chrome:sandboxed_process0:org.chromium.content.app.SandboxedProcessService0:0/u0ai0 for  {com.android.chrome/org.chromium.content.app.SandboxedProcessService0:0}
08-28 16:31:25.617  2636  2809 W ActivityManager: Slow operation: 156ms so far, now at startProcess: starting to update pids map
08-28 16:31:25.617  2636  2809 W ActivityManager: Slow operation: 157ms so far, now at startProcess: done updating pids map
08-28 16:31:25.781 15560 15560 E OplusCustomizeRestrictionManager: sInstance is null, start a new sInstance
08-28 16:31:25.799 15560 15560 D OplusInputMethodUtil: init sDebug to false, init sDebugIme to false, init sAlwaysOn to false
08-28 16:31:25.799 15560 15560 D OplusInputMethodUtil: updateDebugToClass InputMethodManager.DEBUG = false
08-28 16:31:25.799 15560 15560 D OplusInputMethodUtil: updateDebugToClass ImeFocusController.DEBUG = false
08-28 16:31:25.799 15560 15560 D OplusInputMethodUtil: updateDebugToClass BaseInputConnection.DEBUG = false
08-28 16:31:25.799 15560 15560 D OplusInputMethodUtil: updateDebugToClass ImeFocusController.sDebugIme = false
08-28 16:31:25.843  2636  4924 V ActivityManager: Has totaly same connectionRecord, just reuse it!
08-28 16:31:25.846  2636  4924 I ActivityManager: Killing 14280:com.google.android.webview:sandboxed_process0:org.chromium.content.app.SandboxedProcessService0:0/u0a274i905 (adj 985): empty #17
08-28 16:31:26.082  2636  4298 D CompatibilityChangeReporter: Compat change id reported: 182734110; UID 10162; state: ENABLED
08-28 16:31:26.106  2636  4376 D CompatibilityChangeReporter: Compat change id reported: 149924527; UID 10162; state: ENABLED
08-28 16:31:26.106  2636  4376 D CompatibilityChangeReporter: Compat change id reported: 132649864; UID 10162; state: DISABLED
08-28 16:31:26.175  2636  3212 V OplusNPMS: getWarningNotification numWarningNotificaion10
08-28 16:31:26.175  2636  3212 V OplusNPMS: getWarningNotification numWarningNotificaion10
08-28 16:31:26.175  2636  3212 V OplusNPMS: getLimitNotificationState subID=1
08-28 16:31:26.175  2636  3212 V OplusNPMS: getLimitNotificationState mSubidToIccId != null
08-28 16:31:30.942  2636  4298 V WindowManager: Relayout Window{d72bb6 u0 NotificationShade}: viewVisibility=0, oldvis=0, req=1080x2400
08-28 16:31:30.967  2636  4148 V WindowManager: Relayout Window{d72bb6 u0 NotificationShade}: viewVisibility=4, oldvis=0, req=1080x2400
08-28 16:31:30.981  2636  4298 V WindowManager: Relayout Window{39377cb u0 StatusBar}: viewVisibility=0, oldvis=0, req=1080x107
08-28 16:31:34.395  2636  3277 W ContextImpl: Calling a method in the system process without a qualified user: android.app.ContextImpl.sendBroadcast:1205 com.android.server.job.controllers.OplusCpuController.notifyHighCpuEventForApp:386 com.android.server.job.controllers.OplusCpuController.handleCpuUpdate:332 com.android.server.job.controllers.OplusCpuController.-$$Nest$mhandleCpuUpdate:0 com.android.server.job.controllers.OplusCpuController$CpuTrackerHandler.handleMessage:256 
08-28 16:31:39.615  2636  4148 D OplusAppListInterceptManager: shouldFilterTask
08-28 16:31:39.615  2636  4148 D OplusAppListInterceptManager: shouldFilterTask::packageName = com.yoga_ai
08-28 16:31:39.616  2636  4148 D OplusAppListInterceptManager: shouldFilterTask
08-28 16:31:39.616  2636  4148 D OplusAppListInterceptManager: shouldFilterTask::packageName = com.android.settings
08-28 16:31:39.616  2636  4148 D OplusSplitScreenManagerService: com.android.settings unSupportsSplitScreen by blockList or ForbidActivityList
08-28 16:31:39.616  2636  4148 D OplusSplitScreenManagerService: com.android.settings unSupportsSplitScreen by blockList or ForbidActivityList
08-28 16:31:39.616  2636  4148 D OplusAppListInterceptManager: shouldFilterTask
08-28 16:31:39.616  2636  4148 D OplusAppListInterceptManager: shouldFilterTask::packageName = com.whatsapp
08-28 16:31:39.616  2636  4148 D OplusAppListInterceptManager: shouldFilterTask
08-28 16:31:39.616  2636  4148 D OplusAppListInterceptManager: shouldFilterTask::packageName = com.whatsapp.w4b
08-28 16:31:39.616  2636  4148 D OplusAppListInterceptManager: shouldFilterTask
08-28 16:31:39.616  2636  4148 D OplusAppListInterceptManager: shouldFilterTask::packageName = com.figma.mirror
08-28 16:31:39.616  2636  4148 D OplusAppListInterceptManager: shouldFilterTask
08-28 16:31:39.616  2636  4148 D OplusAppListInterceptManager: shouldFilterTask::packageName = io.keybase.ossifrage
08-28 16:31:54.035  2636  3123 E AppOps  : attributionTag  not declared in manifest of com.oplus.exsystemservice
08-28 16:31:54.042  2636  3123 E AppOps  : attributionTag  not declared in manifest of com.oplus.exsystemservice
08-28 16:32:00.051  2636  4376 E OplusCustomizeRestrictionManagerService: isBiometricDisabled start
08-28 16:32:00.051  2636  4298 E OplusCustomizeRestrictionManagerService: isBiometricDisabled start
08-28 16:32:03.839 15411 15742 V ActivityThread: scheduleReceiver info = ActivityInfo{232677c com.google.android.libraries.notifications.platform.entrypoints.push.PushReceiver} intent = Intent { act=com.google.android.c2dm.intent.RECEIVE flg=0x11080010 pkg=com.google.android.youtube cmp=com.google.android.youtube/com.google.android.libraries.notifications.platform.entrypoints.push.PushReceiver (has extras) } sync = true hasCode = 192557873
08-28 16:32:03.844 15411 15742 V ActivityThread: scheduleReceiver info = ActivityInfo{e60805 com.google.firebase.iid.FirebaseInstanceIdReceiver} intent = Intent { act=com.google.android.c2dm.intent.RECEIVE flg=0x11080010 pkg=com.google.android.youtube cmp=com.google.android.youtube/com.google.firebase.iid.FirebaseInstanceIdReceiver (has extras) } sync = true hasCode = 126282262
08-28 16:32:04.825  2636  2636 W DevicePolicyManager: Unknown user type: UserInfo{999:MultiApp:4001010}
08-28 16:32:04.825  2636  2636 W DevicePolicyManager: Unknown user type: UserInfo{999:MultiApp:4001010}
08-28 16:32:04.826  2636  2636 I OplusStatusBarManagerServiceEnhance:  getTopIsFullscreen mTopIsFullscreen: false
08-28 16:32:04.969  2636  4376 V WindowManager: Relayout Window{d72bb6 u0 NotificationShade}: viewVisibility=4, oldvis=4, req=1080x2400
08-28 16:32:04.981  2636  4298 V WindowManager: Relayout Window{39377cb u0 StatusBar}: viewVisibility=0, oldvis=0, req=1080x107
08-28 16:32:05.010  2636  4298 V WindowManager: Relayout Window{d72bb6 u0 NotificationShade}: viewVisibility=0, oldvis=4, req=1080x2400
08-28 16:32:05.035  2636  4148 D WindowManager: finishDrawingWindow: Window{d72bb6 u0 NotificationShade} mDrawState=DRAW_PENDING
08-28 16:32:05.200  1536  1536 I Quality : SFJankCountInfo: 104;57;0-0-0-0-0-0-0-0-0-0;1-0-0-0-0-0-0-0-0-0;2-0-29-0-0-0-0-0-1-27;3-0-0-0-0-0-0-0-0-0;4-0-0-0-0-0-0-0-0-0;5-0-0-0-0-0-0-0-0-0;6-0-0-0-0-0-0-0-0-0;7-0-0-0-0-0-0-0-0-0;8-0-0-0-0-0-0-0-0-0;9-0-0-0-0-0-0-0-0-0;
08-28 16:32:05.468  2636  4148 W NotificationHistory: Attempted to add notif for locked/gone/disabled user 0
08-28 16:32:11.121  2636  4148 V WindowManager: Relayout Window{d72bb6 u0 NotificationShade}: viewVisibility=0, oldvis=0, req=1080x2400
08-28 16:32:11.148  2636  4148 V WindowManager: Relayout Window{d72bb6 u0 NotificationShade}: viewVisibility=4, oldvis=0, req=1080x2400
08-28 16:32:11.160  2636  4298 V WindowManager: Relayout Window{39377cb u0 StatusBar}: viewVisibility=0, oldvis=0, req=1080x107
08-28 16:32:11.354  2636  3169 D PowerManagerService: userActivityNoUpdateLocked: groupId=0, eventTime=597018802, event=2, flags=0x0, uid=1000
08-28 16:32:11.434  2636  4148 I VibratorManagerServiceExtImpl: cancelVibrate uid=1000, pid=2636, usageFilter=-15, token=152971445
08-28 16:32:11.435  2636  4148 V WindowManager: Relayout Window{d72bb6 u0 NotificationShade}: viewVisibility=0, oldvis=4, req=1080x2400
08-28 16:32:11.441  2636  4298 E OplusCustomizeRestrictionManagerService: getMobileDataMode error :s == null
08-28 16:32:11.445  2636  4148 V WindowManager: Changing focus from Window{e3cf292 u0 com.yoga_ai/com.yoga_ai.MainActivity} to Window{d72bb6 u0 NotificationShade},diplayid=0
08-28 16:32:11.452  2636  3169 D PowerManagerService: userActivityNoUpdateLocked: groupId=0, eventTime=597018902, event=2, flags=0x0, uid=1000
08-28 16:32:11.464  2636  4148 D WindowManager: finishDrawingWindow: Window{d72bb6 u0 NotificationShade} mDrawState=DRAW_PENDING
08-28 16:32:11.465  2636  2775 I VRR [OPlusRefreshRateManager]: hasADFRFeature return false
08-28 16:32:11.466  2636  2775 I DisplayManagerService: Comparing display specs: baseModeId=2 allowGroupSwitching=false primaryRefreshRateRange=[0 90] appRequestRefreshRateRange=[0 90] vrrPolicy=POLICY_DEFAULT, existing: baseModeId=1 allowGroupSwitching=false primaryRefreshRateRange=[0 90] appRequestRefreshRateRange=[0 90] vrrPolicy=POLICY_DEFAULT
08-28 16:32:11.466  2636  2775 D DisplayManagerServiceExtImpl: scheduleTraversalLocked intraversal=false
08-28 16:32:11.467  2636  2775 D DisplayManagerService: MSG_REQUEST_TRAVERSAL pendingCompleted=false
08-28 16:32:11.475  2636  2776 D DisplayManagerService: performTraversalInternal pendingTraversal
08-28 16:32:11.475  2636  2776 D DisplayDevice: setLayerStackLocked id=local:4630946827272645761 token=android.os.BinderProxy@75a533b stack=0->0
08-28 16:32:11.479  2636  4298 D OplusUserManagerServiceEnhance: getMultiSystemUserId  res = 10
08-28 16:32:11.482  7892  7892 I Quality : Skipped: true 1 cost 11.112128 refreshRate 11092947 bit true processName com.yoga_ai
08-28 16:32:11.501  2636  2888 D VRR [OPlusRefreshRateService]: onConfigChanged physicalDisplayId: 4630946827272645761 modeId: 1
08-28 16:32:11.506  2636  4298 E OplusCustomizeRestrictionManagerService: getMobileDataMode error :s == null
08-28 16:32:11.513  2636  4298 E OplusCustomizeRestrictionManagerService: getMobileDataMode error :s == null
08-28 16:32:11.520  2636  4148 E OplusCustomizeRestrictionManagerService: getMobileDataMode error :s == null
08-28 16:32:11.532  2636  6876 E OplusCustomizeRestrictionManagerService: getMobileDataMode error :s == null
08-28 16:32:11.601  2636  2888 D VRR [OPlusRefreshRateService]: handleConfigIdChange physicalDisplayId: 4630946827272645761 configId: 1
08-28 16:32:11.861  2636  4148 E OplusCustomizeRestrictionManagerService: getMobileDataMode error :s == null
08-28 16:32:11.873  2636  4148 D OplusUserManagerServiceEnhance: getMultiSystemUserId  res = 10
08-28 16:32:11.891  2636  4148 E OplusCustomizeRestrictionManagerService: getMobileDataMode error :s == null
08-28 16:32:11.895  2636  4148 E OplusCustomizeRestrictionManagerService: getMobileDataMode error :s == null
08-28 16:32:11.898  2636  4148 E OplusCustomizeRestrictionManagerService: getMobileDataMode error :s == null
08-28 16:32:11.902  2636  4148 E OplusCustomizeRestrictionManagerService: getMobileDataMode error :s == null
08-28 16:32:12.498  7892  7892 I Quality : Skipped: true 1 cost 16.754784 refreshRate 11093771 bit true processName com.yoga_ai
08-28 16:32:12.532  2636  4376 W ActivityManager: Receiver with filter android.content.IntentFilter@d99963c already registered for pid 3619, callerPackage is com.android.systemui
08-28 16:32:12.807  2636  3169 D PowerManagerService: userActivityNoUpdateLocked: groupId=0, eventTime=597020256, event=2, flags=0x0, uid=1000
08-28 16:32:12.909  2636  3169 D PowerManagerService: userActivityNoUpdateLocked: groupId=0, eventTime=597020359, event=2, flags=0x0, uid=1000
08-28 16:32:13.171  2636  3212 V OplusNPMS: getWarningNotification numWarningNotificaion10
08-28 16:32:13.172  2636  3212 V OplusNPMS: getWarningNotification numWarningNotificaion10
08-28 16:32:13.172  2636  3212 V OplusNPMS: getLimitNotificationState subID=1
08-28 16:32:13.172  2636  3212 V OplusNPMS: getLimitNotificationState mSubidToIccId != null
08-28 16:32:14.052  2636  3169 D PowerManagerService: userActivityNoUpdateLocked: groupId=0, eventTime=597021499, event=2, flags=0x0, uid=1000
08-28 16:32:14.190  2636  3169 D PowerManagerService: userActivityNoUpdateLocked: groupId=0, eventTime=597021640, event=2, flags=0x0, uid=1000
08-28 16:32:14.505  2636  2879 D OplusFeatureHDREnhanceBrightness: checkIsPlayingHDR isPlayingHDR=0 rotation=0 whiteApp=false battery=72
08-28 16:32:15.400  2636  3169 D PowerManagerService: userActivityNoUpdateLocked: groupId=0, eventTime=597022849, event=2, flags=0x0, uid=1000
08-28 16:32:15.525  2636  2636 D CompatibilityChangeReporter: Compat change id reported: 175319604; UID 1000; state: ENABLED
08-28 16:32:15.530  2636  2636 D CompatibilityChangeReporter: Compat change id reported: 195579280; UID 1000; state: ENABLED
08-28 16:32:15.531  2636  2636 D CompatibilityChangeReporter: Compat change id reported: 195579280; UID 1000; state: DISABLED
08-28 16:32:16.251  2636  3169 D PowerManagerService: userActivityNoUpdateLocked: groupId=0, eventTime=597023701, event=2, flags=0x0, uid=1000
08-28 16:32:16.362  2636  2819 D CompatibilityChangeReporter: Compat change id reported: 168419799; UID 10432; state: DISABLED
08-28 16:32:16.422  2636  4924 E OplusCustomizeRestrictionManagerService: getMobileDataMode error :s == null
08-28 16:32:16.998  2636  3169 D PowerManagerService: userActivityNoUpdateLocked: groupId=0, eventTime=597024447, event=2, flags=0x0, uid=1000
08-28 16:32:17.076  2636  4148 D VibratorManagerServiceExtImpl: is not PrebakedSegment
08-28 16:32:17.080  2636  4924 I VibratorManagerServiceExtImpl: vibrate is uid=10114, pid=3619, opPkg=com.android.systemui, effect=Mono{mEffect=Composed{segments=[Step{amplitude=0.0, frequencyHz=0.0, duration=0}, Step{amplitude=-1.0, frequencyHz=0.0, duration=65}], repeat=-1}}, attributes=VibrationAttributes: Usage=TOUCH Audio Usage= USAGE_UNKNOWN Flags=0, token=233011657
08-28 16:32:17.082  2636  4924 D VibratorManagerServiceExtImpl: startCustomizeVibratorLocked id= 0,size=1
08-28 16:32:17.082  2636  4924 D VibratorManagerServiceExtImpl: startCustomizeVibratorLocked withCallback=true
08-28 16:32:17.278  2636  4148 V WindowManager: Relayout Window{d72bb6 u0 NotificationShade}: viewVisibility=0, oldvis=0, req=1080x2400
08-28 16:32:17.283  2636  4148 V WindowManager: Changing focus from Window{d72bb6 u0 NotificationShade} to Window{e3cf292 u0 com.yoga_ai/com.yoga_ai.MainActivity},diplayid=0
08-28 16:32:17.333  2636  4376 D InputMethodManagerService: isSecurity: attribute.packageName=com.yoga_ai mCurMethodId=com.google.android.inputmethod.latin/com.android.inputmethod.latin.LatinIME
08-28 16:32:17.333  2636  4376 D InputMethodManagerService: isSecurity= false (  enable=false needShow=false inBlackList=false isExist=true )
08-28 16:32:17.760  2636  2819 D CompatibilityChangeReporter: Compat change id reported: 135634846; UID 10278; state: DISABLED
08-28 16:32:17.760  2636  2819 D CompatibilityChangeReporter: Compat change id reported: 177438394; UID 10278; state: DISABLED
08-28 16:32:17.760  2636  2819 D CompatibilityChangeReporter: Compat change id reported: 135772972; UID 10278; state: DISABLED
08-28 16:32:17.760  2636  2819 D CompatibilityChangeReporter: Compat change id reported: 135754954; UID 10278; state: ENABLED
08-28 16:32:17.764  2636  2809 D CompatibilityChangeReporter: Compat change id reported: 143937733; UID 10278; state: ENABLED
08-28 16:32:17.784  2636  2809 I ActivityManager: Start proc 15863:com.zong.customercare/u0a278 for broadcast {com.zong.customercare/a.invalidateMenu}
08-28 16:32:17.792  2636  4148 V WindowManager: Relayout Window{d72bb6 u0 NotificationShade}: viewVisibility=0, oldvis=0, req=1080x2400
08-28 16:32:17.827  2636  4148 V WindowManager: Relayout Window{d72bb6 u0 NotificationShade}: viewVisibility=4, oldvis=0, req=1080x2400
08-28 16:32:17.841  2636  2775 I VRR [OPlusRefreshRateManager]: hasADFRFeature return false
08-28 16:32:17.842  2636  2775 I DisplayManagerService: Comparing display specs: baseModeId=1 allowGroupSwitching=false primaryRefreshRateRange=[0 90] appRequestRefreshRateRange=[0 90] vrrPolicy=POLICY_DEFAULT, existing: baseModeId=2 allowGroupSwitching=false primaryRefreshRateRange=[0 90] appRequestRefreshRateRange=[0 90] vrrPolicy=POLICY_DEFAULT
08-28 16:32:17.842  2636  2775 D DisplayManagerServiceExtImpl: scheduleTraversalLocked intraversal=false
08-28 16:32:17.842  2636  2775 D DisplayManagerService: MSG_REQUEST_TRAVERSAL pendingCompleted=false
08-28 16:32:17.845  2636  2776 D DisplayManagerService: performTraversalInternal pendingTraversal
08-28 16:32:17.845  2636  2776 D DisplayDevice: setLayerStackLocked id=local:4630946827272645761 token=android.os.BinderProxy@75a533b stack=0->0
08-28 16:32:17.848  2636  2888 D VRR [OPlusRefreshRateService]: onConfigChanged physicalDisplayId: 4630946827272645761 modeId: 1
08-28 16:32:17.855  2636  4376 D CompatibilityChangeReporter: Compat change id reported: 168419799; UID 10278; state: DISABLED
08-28 16:32:17.949  2636  2888 D VRR [OPlusRefreshRateService]: handleConfigIdChange physicalDisplayId: 4630946827272645761 configId: 1
08-28 16:32:18.333  2636  6876 D CompatibilityChangeReporter: Compat change id reported: 161145287; UID 10278; state: DISABLED
08-28 16:32:18.434 15863 15929 E ResourcesImplExt: the AssetManager's apkAsset: ApkAssets{path=<empty> and /system/framework/framework-res.apk}
08-28 16:32:18.434 15863 15929 E ResourcesImplExt: the AssetManager's apkAsset: ApkAssets{path=/my_bigball/overlay/GmsConfigOverlayASI_Infrastructure/GmsConfigOverlayASI_Infrastructure.apk}
08-28 16:32:18.434 15863 15929 E ResourcesImplExt: the AssetManager's apkAsset: ApkAssets{path=/my_bigball/overlay/GmsConfigOverlayCommonEx/GmsConfigOverlayCommonEx.apk}
08-28 16:32:18.434 15863 15929 E ResourcesImplExt: the AssetManager's apkAsset: ApkAssets{path=/my_bigball/overlay/GmsConfigOverlayComms/GmsConfigOverlayComms.apk}
08-28 16:32:18.434 15863 15929 E ResourcesImplExt: the AssetManager's apkAsset: ApkAssets{path=/my_bigball/overlay/GmsConfigOverlayGSA/GmsConfigOverlayGSA.apk}
08-28 16:32:18.434 15863 15929 E ResourcesImplExt: the AssetManager's apkAsset: ApkAssets{path=/my_bigball/overlay/GmsConfigOverlayNoSafetyCenter/GmsConfigOverlayNoSafetyCenter.apk}
08-28 16:32:18.434 15863 15929 E ResourcesImplExt: the AssetManager's apkAsset: ApkAssets{path=/product/overlay/CaptivePortalLoginFrameworkOverlay.apk}
08-28 16:32:18.434 15863 15929 E ResourcesImplExt: the AssetManager's apkAsset: ApkAssets{path=/product/overlay/GoogleExtServicesConfigOverlay.apk}
08-28 16:32:18.434 15863 15929 E ResourcesImplExt: the AssetManager's apkAsset: ApkAssets{path=/product/overlay/GooglePermissionControllerFrameworkOverlay.apk}
08-28 16:32:18.434 15863 15929 E ResourcesImplExt: the AssetManager's apkAsset: ApkAssets{path=/product/overlay/ModuleMetadataGoogleOverlay.apk}
08-28 16:32:18.434 15863 15929 E ResourcesImplExt: the AssetManager's apkAsset: ApkAssets{path=/my_bigball/overlay/OplusGmsConfigOverlayCommon/OplusGmsConfigOverlayCommon.apk}
08-28 16:32:18.434 15863 15929 E ResourcesImplExt: the AssetManager's apkAsset: ApkAssets{path=/product/overlay/FrameworksResCommon_Sys.apk}
08-28 16:32:18.434 15863 15929 E ResourcesImplExt: the AssetManager's apkAsset: ApkAssets{path=/vendor/overlay/FrameworksResTarget.apk}
08-28 16:32:18.434 15863 15929 E ResourcesImplExt: the AssetManager's apkAsset: ApkAssets{path=/system_ext/overlay/framework_res_overlay_Network.apk}
08-28 16:32:18.434 15863 15929 E ResourcesImplExt: the AssetManager's apkAsset: ApkAssets{path=/product/overlay/aon_framework_res_overlay.display.product.apk}
08-28 16:32:18.434 15863 15929 E ResourcesImplExt: the AssetManager's apkAsset: ApkAssets{path=/odm/overlay/android_framework_res_overlay.camera.product.20261.apk}
08-28 16:32:18.434 15863 15929 E ResourcesImplExt: the AssetManager's apkAsset: ApkAssets{path=/odm/overlay/android_framework_res_overlay.display.product.20261.apk}
08-28 16:32:18.434 15863 15929 E ResourcesImplExt: the AssetManager's apkAsset: ApkAssets{path=/system_ext/overlay/ConnectivityBaseOverlay.apk}
08-28 16:32:18.434 15863 15929 E ResourcesImplExt: the AssetManager's apkAsset: ApkAssets{path=/system_ext/overlay/OplusFrameworkBluetoothResource.apk}
08-28 16:32:18.434 15863 15929 E ResourcesImplExt: the AssetManager's apkAsset: ApkAssets{path=<empty> and /system_ext/framework/oplus-framework-res.apk}
08-28 16:32:18.434 15863 15929 E ResourcesImplExt: the AssetManager's apkAsset: ApkAssets{path=/odm/overlay/oplus_framework_res_overlay.display.product.20261.apk}
08-28 16:32:18.434 15863 15929 E ResourcesImplExt: the AssetManager's apkAsset: ApkAssets{path=/product/overlay/oplus_framework_res_rro_oppo.apk}
08-28 16:32:18.434 15863 15929 E ResourcesImplExt: the AssetManager's apkAsset: ApkAssets{path=<empty> and /data/app/~~hSBc6k3g9IhW3yRYxIn-Cw==/com.zong.customercare-6XopWIz7BpffWIGeCokU4Q==/base.apk}
08-28 16:32:18.434 15863 15929 E ResourcesImplExt: the AssetManager's apkAsset: ApkAssets{path=/data/resource-cache/com.android.systemui-neutral-ZhdG.frro}
08-28 16:32:18.435 15863 15929 E ResourcesImplExt: the AssetManager's apkAsset: ApkAssets{path=/data/resource-cache/com.android.systemui-accent-3CBj.frro}
08-28 16:32:18.435 15863 15929 E ResourcesImplExt: the AssetManager's apkAsset: ApkAssets{path=<empty> and /system/framework/framework-res.apk}
08-28 16:32:18.435 15863 15929 E ResourcesImplExt: the AssetManager's apkAsset: ApkAssets{path=/my_bigball/overlay/GmsConfigOverlayASI_Infrastructure/GmsConfigOverlayASI_Infrastructure.apk}
08-28 16:32:18.435 15863 15929 E ResourcesImplExt: the AssetManager's apkAsset: ApkAssets{path=/my_bigball/overlay/GmsConfigOverlayCommonEx/GmsConfigOverlayCommonEx.apk}
08-28 16:32:18.435 15863 15929 E ResourcesImplExt: the AssetManager's apkAsset: ApkAssets{path=/my_bigball/overlay/GmsConfigOverlayComms/GmsConfigOverlayComms.apk}
08-28 16:32:18.435 15863 15929 E ResourcesImplExt: the AssetManager's apkAsset: ApkAssets{path=/my_bigball/overlay/GmsConfigOverlayGSA/GmsConfigOverlayGSA.apk}
08-28 16:32:18.435 15863 15929 E ResourcesImplExt: the AssetManager's apkAsset: ApkAssets{path=/my_bigball/overlay/GmsConfigOverlayNoSafetyCenter/GmsConfigOverlayNoSafetyCenter.apk}
08-28 16:32:18.435 15863 15929 E ResourcesImplExt: the AssetManager's apkAsset: ApkAssets{path=/product/overlay/CaptivePortalLoginFrameworkOverlay.apk}
08-28 16:32:18.435 15863 15929 E ResourcesImplExt: the AssetManager's apkAsset: ApkAssets{path=/product/overlay/GoogleExtServicesConfigOverlay.apk}
08-28 16:32:18.435 15863 15929 E ResourcesImplExt: the AssetManager's apkAsset: ApkAssets{path=/product/overlay/GooglePermissionControllerFrameworkOverlay.apk}
08-28 16:32:18.435 15863 15929 E ResourcesImplExt: the AssetManager's apkAsset: ApkAssets{path=/product/overlay/ModuleMetadataGoogleOverlay.apk}
08-28 16:32:18.435 15863 15929 E ResourcesImplExt: the AssetManager's apkAsset: ApkAssets{path=/my_bigball/overlay/OplusGmsConfigOverlayCommon/OplusGmsConfigOverlayCommon.apk}
08-28 16:32:18.436 15863 15929 E ResourcesImplExt: the AssetManager's apkAsset: ApkAssets{path=/product/overlay/FrameworksResCommon_Sys.apk}
08-28 16:32:18.436 15863 15929 E ResourcesImplExt: the AssetManager's apkAsset: ApkAssets{path=/vendor/overlay/FrameworksResTarget.apk}
08-28 16:32:18.436 15863 15929 E ResourcesImplExt: the AssetManager's apkAsset: ApkAssets{path=/system_ext/overlay/framework_res_overlay_Network.apk}
08-28 16:32:18.436 15863 15929 E ResourcesImplExt: the AssetManager's apkAsset: ApkAssets{path=/product/overlay/aon_framework_res_overlay.display.product.apk}
08-28 16:32:18.436 15863 15929 E ResourcesImplExt: the AssetManager's apkAsset: ApkAssets{path=/odm/overlay/android_framework_res_overlay.camera.product.20261.apk}
08-28 16:32:18.436 15863 15929 E ResourcesImplExt: the AssetManager's apkAsset: ApkAssets{path=/odm/overlay/android_framework_res_overlay.display.product.20261.apk}
08-28 16:32:18.436 15863 15929 E ResourcesImplExt: the AssetManager's apkAsset: ApkAssets{path=/system_ext/overlay/ConnectivityBaseOverlay.apk}
08-28 16:32:18.436 15863 15929 E ResourcesImplExt: the AssetManager's apkAsset: ApkAssets{path=/system_ext/overlay/OplusFrameworkBluetoothResource.apk}
08-28 16:32:18.436 15863 15929 E ResourcesImplExt: the AssetManager's apkAsset: ApkAssets{path=<empty> and /system_ext/framework/oplus-framework-res.apk}
08-28 16:32:18.436 15863 15929 E ResourcesImplExt: the AssetManager's apkAsset: ApkAssets{path=/odm/overlay/oplus_framework_res_overlay.display.product.20261.apk}
08-28 16:32:18.436 15863 15929 E ResourcesImplExt: the AssetManager's apkAsset: ApkAssets{path=/product/overlay/oplus_framework_res_rro_oppo.apk}
08-28 16:32:18.436 15863 15929 E ResourcesImplExt: the AssetManager's apkAsset: ApkAssets{path=<empty> and /data/app/~~hSBc6k3g9IhW3yRYxIn-Cw==/com.zong.customercare-6XopWIz7BpffWIGeCokU4Q==/base.apk}
08-28 16:32:18.436 15863 15929 E ResourcesImplExt: the AssetManager's apkAsset: ApkAssets{path=/data/resource-cache/com.android.systemui-neutral-ZhdG.frro}
08-28 16:32:18.436 15863 15929 E ResourcesImplExt: the AssetManager's apkAsset: ApkAssets{path=/data/resource-cache/com.android.systemui-accent-3CBj.frro}
08-28 16:32:18.556  2636  6876 W PackageManager: package unknown uid 10278 pid 15863 call SetEnabledSetting(com.zong.customercare component = androidx.work.impl.background.systemjob.SystemJobService, 1, 0)
08-28 16:32:18.763  2636  6876 D CompatibilityChangeReporter: Compat change id reported: 135634846; UID 99906; state: DISABLED
08-28 16:32:18.763  2636  6876 D CompatibilityChangeReporter: Compat change id reported: 177438394; UID 99906; state: DISABLED
08-28 16:32:18.763  2636  6876 D CompatibilityChangeReporter: Compat change id reported: 135772972; UID 99906; state: DISABLED
08-28 16:32:18.763  2636  6876 D CompatibilityChangeReporter: Compat change id reported: 135754954; UID 99906; state: ENABLED
08-28 16:32:18.764  2636  2809 D CompatibilityChangeReporter: Compat change id reported: 143937733; UID 10278; state: ENABLED
08-28 16:32:18.800  2636  2809 I ActivityManager: Start proc 15991:com.google.android.webview:sandboxed_process0:org.chromium.content.app.SandboxedProcessService0:0/u0i906 for  {com.zong.customercare/org.chromium.content.app.SandboxedProcessService0:0}
08-28 16:32:19.013  2636  4376 I ActivityManager: Killing 14209:com.nemo.vidmate/u0a274 (adj 975): empty #17
08-28 16:32:19.030  2636  4148 D CompatibilityChangeReporter: Compat change id reported: 135634846; UID 10170; state: DISABLED
08-28 16:32:19.031  2636  4148 D CompatibilityChangeReporter: Compat change id reported: 177438394; UID 10170; state: DISABLED
08-28 16:32:19.031  2636  4148 D CompatibilityChangeReporter: Compat change id reported: 135772972; UID 10170; state: DISABLED
08-28 16:32:19.031  2636  4148 D CompatibilityChangeReporter: Compat change id reported: 135754954; UID 10170; state: ENABLED
08-28 16:32:19.032  2636  2809 D CompatibilityChangeReporter: Compat change id reported: 143937733; UID 10170; state: ENABLED
08-28 16:32:19.070  2636  2809 I ActivityManager: Start proc 16030:com.google.android.webview:webview_service/u0a170 for service {com.google.android.webview/org.chromium.android_webview.services.ComponentsProviderService}
08-28 16:32:19.143  2636  4298 D DisplayManagerService: Display listener for pid 14209 died.
08-28 16:32:19.511  2636  4376 I ActivityManager: Killing 14153:com.coloros.oshare/u0a180 (adj 985): empty #17
08-28 16:32:19.768  2636  3679 D OplusAppListInterceptManager: shouldFilterTask
08-28 16:32:19.768  2636  3679 D OplusAppListInterceptManager: shouldFilterTask::packageName = com.yoga_ai
08-28 16:32:19.768  2636  3679 D OplusAppListInterceptManager: shouldFilterTask
08-28 16:32:19.768  2636  3679 D OplusAppListInterceptManager: shouldFilterTask::packageName = com.android.settings
08-28 16:32:19.768  2636  3679 D OplusSplitScreenManagerService: com.android.settings unSupportsSplitScreen by blockList or ForbidActivityList
08-28 16:32:19.768  2636  3679 D OplusSplitScreenManagerService: com.android.settings unSupportsSplitScreen by blockList or ForbidActivityList
08-28 16:32:19.768  2636  3679 D OplusAppListInterceptManager: shouldFilterTask
08-28 16:32:19.768  2636  3679 D OplusAppListInterceptManager: shouldFilterTask::packageName = com.whatsapp
08-28 16:32:19.768  2636  3679 D OplusAppListInterceptManager: shouldFilterTask
08-28 16:32:19.768  2636  3679 D OplusAppListInterceptManager: shouldFilterTask::packageName = com.whatsapp.w4b
08-28 16:32:19.768  2636  3679 D OplusAppListInterceptManager: shouldFilterTask
08-28 16:32:19.768  2636  3679 D OplusAppListInterceptManager: shouldFilterTask::packageName = com.figma.mirror
08-28 16:32:19.768  2636  3679 D OplusAppListInterceptManager: shouldFilterTask
08-28 16:32:19.768  2636  3679 D OplusAppListInterceptManager: shouldFilterTask::packageName = io.keybase.ossifrage
08-28 16:32:20.852  2636  2879 D OplusFeatureHDREnhanceBrightness: checkIsPlayingHDR isPlayingHDR=0 rotation=0 whiteApp=false battery=72
08-28 16:32:24.385  2636  2636 D CompatibilityChangeReporter: Compat change id reported: 168419799; UID 10165; state: DISABLED
08-28 16:32:24.411  2636  4376 W JobScheduler: Job didn't exist in JobStore: #com.google.android.youtube/91830
08-28 16:32:25.670  2636  3679 D CompatibilityChangeReporter: Compat change id reported: 171306433; UID 10144; state: ENABLED
08-28 16:32:25.670  2636  3679 D CompatibilityChangeReporter: Compat change id reported: 218533173; UID 10144; state: ENABLED
08-28 16:32:25.696 20135 13659 V ActivityThread: scheduleReceiver info = ActivityInfo{8d7f563 com.google.android.libraries.notifications.platform.entrypoints.push.PushReceiver} intent = Intent { act=com.google.android.c2dm.intent.RECEIVE flg=0x1080010 pkg=com.google.android.googlequicksearchbox cmp=com.google.android.googlequicksearchbox/com.google.android.libraries.notifications.platform.entrypoints.push.PushReceiver (has extras) } sync = true hasCode = 35615700
08-28 16:32:25.741 20135 13659 V ActivityThread: scheduleReceiver info = ActivityInfo{936e7b6 com.google.android.apps.gsa.gcm.GcmBroadcastReceiver} intent = Intent { act=com.google.android.c2dm.intent.RECEIVE flg=0x1080010 pkg=com.google.android.googlequicksearchbox cmp=com.google.android.googlequicksearchbox/com.google.android.apps.gsa.gcm.GcmBroadcastReceiver (has extras) } sync = true hasCode = 43524210
08-28 16:32:25.786 20135 13659 V ActivityThread: scheduleReceiver info = ActivityInfo{ff09c24 com.google.firebase.iid.FirebaseInstanceIdReceiver} intent = Intent { act=com.google.android.c2dm.intent.RECEIVE flg=0x1080010 pkg=com.google.android.googlequicksearchbox cmp=com.google.android.googlequicksearchbox/com.google.firebase.iid.FirebaseInstanceIdReceiver (has extras) } sync = true hasCode = 248822979
08-28 16:32:25.818 20135 13659 V ActivityThread: scheduleReceiver info = ActivityInfo{327378e com.google.android.libraries.search.gcm.GcmBroadcastReceiver_Receiver} intent = Intent { act=com.google.android.c2dm.intent.RECEIVE flg=0x1080010 pkg=com.google.android.googlequicksearchbox cmp=com.google.android.googlequicksearchbox/com.google.android.libraries.search.gcm.GcmBroadcastReceiver_Receiver (has extras) } sync = true hasCode = 45900319
08-28 16:32:26.454  1878  1878 I wificond: Regulatory domain changed to country: PK on wiphy_index: 0
08-28 16:32:26.454  1878  1878 I wificond: UpdateBandInfo
08-28 16:32:26.466  1878  1878 I wificond: 2.4Ghz frequencies: 2412 2417 2422 2427 2432 2437 2442 2447 2452 2457 2462 2467 2472
08-28 16:32:26.467  1878  1878 I wificond: 5Ghz non-DFS frequencies: 5745 5765 5785 5805 5825
08-28 16:32:26.467  1878  1878 I wificond: 5Ghz DFS frequencies:
08-28 16:32:26.467  1878  1878 I wificond: 6Ghz frequencies:
08-28 16:32:26.467  1878  1878 I wificond: 60Ghz frequencies:
08-28 16:32:29.137   812 15966 I keystore2: keystore2::watchdog: Watchdog thread idle -> terminating. Have a great day.
08-28 16:32:29.669  2636  2836 D BatteryStatsImplExtImpl: updateDevicePowerDetails
08-28 16:32:29.672  2636  2836 D OplusRpmSubsystemManager: battery drained... 
08-28 16:32:29.680  2636  2836 D OplusRpmSubsystemManager: measureOplusRpmMasterStatsDelta... 
08-28 16:32:29.680  2636  2836 D OplusRpmSubsystemManager: elapsedRealTimeDelta :201995
08-28 16:32:29.680  2636  2836 D OplusRpmSubsystemManager: mRpmSuspendRatioSummay: [ADSP:0.00,ADSP_ISLAND:0.00,APSS:100.00,CDSP:100.00,MPSS:28.28]
08-28 16:32:29.681  2636  2836 D BatteryStatsImplExtImpl: PowerDetails: time=2024-08-28-16-32-29, top=com.yoga_ai.MainActivity, ref_counts=9046159, ref_mode=0, brightness=0, refs_per_sec=3.0, modem_txTimeMs=[0, 0, 0, 0, 0], traffic=[3802590790763,394123018692,13599351429232,2014258869307], ctr_drain=[2242,774,0,0], rpmstat=[ADSP:0.00,ADSP_ISLAND:0.00,APSS:100.00,CDSP:100.00,MPSS:34.10], sap=false, audio=[spk:0, headset:0]
