08-28 16:33:00.272  2636  7666 W ActivityManager: Background start not allowed: service Intent { act=com.ud.business.ntf pkg=com.UCMobile.intl (has extras) } to com.UCMobile.intl/com.uc.browser.multiprocess.resident.ResidentIpcService from pid=16243 uid=10393 pkg=com.UCMobile.intl startFg?=false
08-28 16:33:00.275  2636  7666 W ActivityManager: Background start not allowed: service Intent { act=com.ud.business.ntf pkg=com.UCMobile.intl (has extras) } to com.UCMobile.intl/com.uc.browser.multiprocess.resident.ResidentIpcService from pid=16243 uid=10393 pkg=com.UCMobile.intl startFg?=false
08-28 16:33:00.279  2636  7666 W ActivityManager: Receiver with filter android.content.IntentFilter@a0fd219 already registered for pid 16243, callerPackage is com.UCMobile.intl
08-28 16:33:00.281  2636  7666 W ActivityManager: Background start not allowed: service Intent { act=com.ud.business.ntf pkg=com.UCMobile.intl (has extras) } to com.UCMobile.intl/com.uc.browser.multiprocess.resident.ResidentIpcService from pid=16243 uid=10393 pkg=com.UCMobile.intl startFg?=false
08-28 16:33:00.285  2636  7666 W ActivityManager: Receiver with filter android.content.IntentFilter@31642de already registered for pid 16243, callerPackage is com.UCMobile.intl
08-28 16:33:00.288  2636  7666 W ActivityManager: Background start not allowed: service Intent { act=com.ud.business.ntf pkg=com.UCMobile.intl (has extras) } to com.UCMobile.intl/com.uc.browser.multiprocess.resident.ResidentIpcService from pid=16243 uid=10393 pkg=com.UCMobile.intl startFg?=false
08-28 16:33:00.294  2636  6876 W ActivityManager: Receiver with filter android.content.IntentFilter@e8e4cbf already registered for pid 16243, callerPackage is com.UCMobile.intl
08-28 16:33:00.297  2636  7666 W ActivityManager: Background start not allowed: service Intent { act=com.ud.business.ntf pkg=com.UCMobile.intl (has extras) } to com.UCMobile.intl/com.uc.browser.multiprocess.resident.ResidentIpcService from pid=16243 uid=10393 pkg=com.UCMobile.intl startFg?=false
08-28 16:33:00.301  2636  7666 W ActivityManager: Receiver with filter android.content.IntentFilter@464f5db already registered for pid 16243, callerPackage is com.UCMobile.intl
08-28 16:33:00.306  2636  7666 W ActivityManager: Background start not allowed: service Intent { act=com.ud.business.ntf pkg=com.UCMobile.intl (has extras) } to com.UCMobile.intl/com.uc.browser.multiprocess.resident.ResidentIpcService from pid=16243 uid=10393 pkg=com.UCMobile.intl startFg?=false
08-28 16:33:00.310  2636  7666 W ActivityManager: Receiver with filter android.content.IntentFilter@7c0ab51 already registered for pid 16243, callerPackage is com.UCMobile.intl
08-28 16:33:00.312  2636  7666 W ActivityManager: Background start not allowed: service Intent { act=com.ud.business.ntf pkg=com.UCMobile.intl (has extras) } to com.UCMobile.intl/com.uc.browser.multiprocess.resident.ResidentIpcService from pid=16243 uid=10393 pkg=com.UCMobile.intl startFg?=false
08-28 16:33:00.318  2636  3679 W ActivityManager: Receiver with filter android.content.IntentFilter@699c424 already registered for pid 16243, callerPackage is com.UCMobile.intl
08-28 16:33:00.323  2636  7666 W ActivityManager: Background start not allowed: service Intent { act=com.ud.business.ntf pkg=com.UCMobile.intl (has extras) } to com.UCMobile.intl/com.uc.browser.multiprocess.resident.ResidentIpcService from pid=16243 uid=10393 pkg=com.UCMobile.intl startFg?=false
08-28 16:33:00.329  2636  7666 W ActivityManager: Receiver with filter android.content.IntentFilter@113ab8d already registered for pid 16243, callerPackage is com.UCMobile.intl
08-28 16:33:00.337  2636  3679 W ActivityManager: Background start not allowed: service Intent { act=com.ud.business.ntf pkg=com.UCMobile.intl (has extras) } to com.UCMobile.intl/com.uc.browser.multiprocess.resident.ResidentIpcService from pid=16243 uid=10393 pkg=com.UCMobile.intl startFg?=false
08-28 16:33:00.341  2636  7666 W ActivityManager: Receiver with filter android.content.IntentFilter@61c7389 already registered for pid 16243, callerPackage is com.UCMobile.intl
08-28 16:33:00.346  2636  6446 W ActivityManager: Background start not allowed: service Intent { act=com.ud.business.ntf pkg=com.UCMobile.intl (has extras) } to com.UCMobile.intl/com.uc.browser.multiprocess.resident.ResidentIpcService from pid=16243 uid=10393 pkg=com.UCMobile.intl startFg?=false
08-28 16:33:00.349  2636  6446 W ActivityManager: Receiver with filter android.content.IntentFilter@a471f8e already registered for pid 16243, callerPackage is com.UCMobile.intl
08-28 16:33:03.096  2636  2819 I ActivityManager: Killing 14569:com.google.android.cellbroadcastreceiver/u0a251 (adj 995): empty #17
08-28 16:33:03.108 27073 27091 V ActivityThread: scheduleReceiver info = ActivityInfo{b99dc08 com.google.firebase.iid.FirebaseInstanceIdReceiver} intent = Intent { act=com.google.android.c2dm.intent.RECEIVE flg=0x11080010 pkg=io.keybase.ossifrage cmp=io.keybase.ossifrage/com.google.firebase.iid.FirebaseInstanceIdReceiver (has extras) } sync = true hasCode = 214903107
08-28 16:33:03.149  2636  3930 I WallpaperManagerServiceExt: getFoldWallpaperInfo user=0 which=32 phyDisplay=1
08-28 16:33:03.149  2636  3930 I WallpaperManagerServiceExt: getFoldWallpaperInfo user=0 which=16 phyDisplay=1
08-28 16:33:04.062  2636  5175 D OplusProxyWakeLock: add uid: 10544 wakelock: lock:46482412 PARTIAL_WAKE_LOCK              'wake:' (uid=10544 pid=27073)to FroceReleaseWakeLock list
08-28 16:33:04.064  2636  2877 D OplusDisplayPowerControllerExtImpl: original brightness:123 final brightness:123.0 scale:1.0 reason:1 darkLevel:0
08-28 16:33:04.065  2636  5175 D DisplayManagerServiceExtImpl: request size(1,1),dpc=com.android.server.display.DisplayPowerController@41bba16 size(0,1),flags=0X200F,id(0,0,local:4630946827272645761), phase=1, enable=true, ready=false,prox=true policy=BRIGHT,dozeState=UNKNOWN,screenBrightnessOverride=-1.000000,useAuto=false,lowPower=false,lowPowerFactor=1.000000
08-28 16:33:04.066  2636  2877 D OplusDisplayPowerControllerExtImpl: RECORD:onUpdatePowerState policy:3 state:2 brightness:123
08-28 16:33:04.067  2636  2877 D VRR [OPlusRefreshRateService]: notifyBrightnessChange brightness: 123.0
08-28 16:33:04.067  2636  2877 D DisplayManagerServiceExtImpl: request size(1,1),dpc=com.android.server.display.DisplayPowerController@41bba16 size(0,1),flags=0X200F,id(0,0,local:4630946827272645761), phase=1, enable=true, ready=true,prox=false policy=BRIGHT,dozeState=UNKNOWN,screenBrightnessOverride=-1.000000,useAuto=false,lowPower=false,lowPowerFactor=1.000000
08-28 16:33:04.208  2636  5175 D OplusProxyWakeLock: restore uid :10544  pid : 0 wakelock: lock:46482412 PARTIAL_WAKE_LOCK              'wake:' (uid=10544 pid=27073)
08-28 16:33:04.302 27073 27091 V ActivityThread: scheduleReceiver info = ActivityInfo{1df51d9 com.google.firebase.iid.FirebaseInstanceIdReceiver} intent = Intent { act=com.google.android.c2dm.intent.RECEIVE flg=0x11080010 pkg=io.keybase.ossifrage cmp=io.keybase.ossifrage/com.google.firebase.iid.FirebaseInstanceIdReceiver (has extras) } sync = true hasCode = 221018274
08-28 16:33:05.706  1536  1536 I Quality : SFJankCountInfo: 356;57;0-0-0-0-0-0-0-0-0-0;1-0-0-0-0-0-0-0-0-0;2-0-27-0-0-0-0-0-0-30;3-0-0-0-0-0-0-0-0-0;4-0-0-0-0-0-0-0-0-0;5-0-0-0-0-0-0-0-0-0;6-0-0-0-0-0-0-0-0-0;7-0-0-0-0-0-0-0-0-0;8-0-0-0-0-0-0-0-0-0;9-0-0-0-0-0-0-0-0-0;
08-28 16:33:06.459  2636  2636 W DevicePolicyManager: Unknown user type: UserInfo{999:MultiApp:4001010}
08-28 16:33:06.459  2636  2636 W DevicePolicyManager: Unknown user type: UserInfo{999:MultiApp:4001010}
08-28 16:33:06.460  2636  2636 I OplusStatusBarManagerServiceEnhance:  getTopIsFullscreen mTopIsFullscreen: false
08-28 16:33:06.467  2636  2636 I OplusStatusBarManagerServiceEnhance:  getTopIsFullscreen mTopIsFullscreen: false
08-28 16:33:06.491  2636  2636 W NotificationHistory: Attempted to add notif for locked/gone/disabled user 0
08-28 16:33:06.767  2636  7666 V WindowManager: Relayout Window{d72bb6 u0 NotificationShade}: viewVisibility=4, oldvis=4, req=1080x2400
08-28 16:33:06.784  2636  6446 V WindowManager: Relayout Window{39377cb u0 StatusBar}: viewVisibility=0, oldvis=0, req=1080x107
08-28 16:33:06.812  2636  4148 V WindowManager: Relayout Window{d72bb6 u0 NotificationShade}: viewVisibility=0, oldvis=4, req=1080x2400
08-28 16:33:06.839  2636  4148 D WindowManager: finishDrawingWindow: Window{d72bb6 u0 NotificationShade} mDrawState=DRAW_PENDING
08-28 16:33:09.566  2636  2836 D OplusThermalStats: REPORT_UPDATE_CPU  ->  phoneTemp:370  preHeatThreshold:400
08-28 16:33:09.670  2636  2796 D ProcessCpuTrackerExtImpl: mContext is already set, return now! 
08-28 16:33:12.924  2636  7666 V WindowManager: Relayout Window{d72bb6 u0 NotificationShade}: viewVisibility=0, oldvis=0, req=1080x2400
08-28 16:33:12.957  2636  6446 V WindowManager: Relayout Window{d72bb6 u0 NotificationShade}: viewVisibility=4, oldvis=0, req=1080x2400
08-28 16:33:12.971  2636  7666 V WindowManager: Relayout Window{39377cb u0 StatusBar}: viewVisibility=0, oldvis=0, req=1080x107
08-28 16:33:20.019  2636  7666 D OplusAppListInterceptManager: shouldFilterTask
08-28 16:33:20.019  2636  7666 D OplusAppListInterceptManager: shouldFilterTask::packageName = com.yoga_ai
08-28 16:33:20.019  2636  7666 D OplusAppListInterceptManager: shouldFilterTask
08-28 16:33:20.019  2636  7666 D OplusAppListInterceptManager: shouldFilterTask::packageName = com.android.settings
08-28 16:33:20.019  2636  7666 D OplusSplitScreenManagerService: com.android.settings unSupportsSplitScreen by blockList or ForbidActivityList
08-28 16:33:20.019  2636  7666 D OplusSplitScreenManagerService: com.android.settings unSupportsSplitScreen by blockList or ForbidActivityList
08-28 16:33:20.019  2636  7666 D OplusAppListInterceptManager: shouldFilterTask
08-28 16:33:20.019  2636  7666 D OplusAppListInterceptManager: shouldFilterTask::packageName = com.whatsapp
08-28 16:33:20.019  2636  7666 D OplusAppListInterceptManager: shouldFilterTask
08-28 16:33:20.019  2636  7666 D OplusAppListInterceptManager: shouldFilterTask::packageName = com.whatsapp.w4b
08-28 16:33:20.020  2636  7666 D OplusAppListInterceptManager: shouldFilterTask
08-28 16:33:20.020  2636  7666 D OplusAppListInterceptManager: shouldFilterTask::packageName = com.figma.mirror
08-28 16:33:20.020  2636  7666 D OplusAppListInterceptManager: shouldFilterTask
08-28 16:33:20.020  2636  7666 D OplusAppListInterceptManager: shouldFilterTask::packageName = io.keybase.ossifrage
08-28 16:33:29.156  2636  2808 D ProcessCpuTrackerExtImpl: mContext is already set, return now! 
08-28 16:33:49.020  7892  7892 I Quality : Skipped: true 2 cost 23.933737 refreshRate 11095428 bit true processName com.yoga_ai
08-28 16:33:54.035  2636  3123 E AppOps  : attributionTag  not declared in manifest of com.oplus.exsystemservice
08-28 16:33:54.042  2636  3123 E AppOps  : attributionTag  not declared in manifest of com.oplus.exsystemservice
08-28 16:34:00.021  2636  6876 E OplusCustomizeRestrictionManagerService: isBiometricDisabled start
08-28 16:34:00.022  2636  7666 E OplusCustomizeRestrictionManagerService: isBiometricDisabled start
08-28 16:34:00.077  2636  6876 W ActivityManager: Unable to start service Intent { act=action.com.heytap.openid.OPEN_ID_SERVICE cmp=com.heytap.openid/.IdentifyService } U=0: not found
08-28 16:34:00.359  2636  6876 W ActivityManager: Unable to start service Intent { act=action.com.heytap.openid.OPEN_ID_SERVICE cmp=com.heytap.openid/.IdentifyService } U=0: not found
08-28 16:34:07.694  2636  6446 W BatteryExternalStatsWorker: error reading Bluetooth stats: 11
08-28 16:34:08.443  2636  6446 W ActivityManager: Permission Denial: runListPackages from pm command asks to run as user 10 but is calling from uid u0a432; this requires android.permission.INTERACT_ACROSS_USERS_FULL
08-28 16:34:08.615  2636  3679 W ActivityManager: Permission Denial: runListPackages from pm command asks to run as user 10 but is calling from uid u0a432; this requires android.permission.INTERACT_ACROSS_USERS_FULL
08-28 16:34:09.962  1536  1536 I Quality : SFJankCountInfo: 94;53;0-0-0-0-0-0-0-0-0-0;1-0-0-0-0-0-0-0-0-0;2-0-21-0-0-0-0-0-1-31;3-0-0-0-0-0-0-0-0-0;4-0-0-0-0-0-0-0-0-0;5-0-0-0-0-0-0-0-0-0;6-0-0-0-0-0-0-0-0-0;7-0-0-0-0-0-0-0-0-0;8-0-0-0-0-0-0-0-0-0;9-0-0-0-0-0-0-0-0-0;
08-28 16:34:39.621  2636  8408 D UsageStatsService: User[0] type=0 b=1724844734361 e=1724844879619 cb=1724761641235 ce=1724844864905 disk=0 all=3
08-28 16:34:40.414 13783 13899 W ContextImpl: Calling a method in the system process without a qualified user: android.app.ContextImpl.bindService:1982 android.content.ContextWrapper.bindService:863 com.heytap.mcs.biz.statistics.agent.OBUSAgent.bindStatisticsApiService:9 com.heytap.mcs.biz.statistics.agent.OBUSAgent.upload:7 com.heytap.mcs.biz.statistics.agent.AgentManager.upload:3 
08-28 16:34:40.420  2636  6446 D CompatibilityChangeReporter: Compat change id reported: 135634846; UID 1000; state: DISABLED
08-28 16:34:40.420  2636  6446 D CompatibilityChangeReporter: Compat change id reported: 177438394; UID 1000; state: DISABLED
08-28 16:34:40.420  2636  6446 D CompatibilityChangeReporter: Compat change id reported: 135772972; UID 1000; state: DISABLED
08-28 16:34:40.420  2636  6446 D CompatibilityChangeReporter: Compat change id reported: 135754954; UID 1000; state: ENABLED
08-28 16:34:40.430 13783 13899 W ContextImpl: Calling a method in the system process without a qualified user: android.app.ContextImpl.startService:1889 android.content.ContextWrapper.startService:827 com.heytap.mcs.service.McsService.g:8 com.heytap.mcs.service.McsService.d:1 com.heytap.mcs.service.McsService$b.run:41 
08-28 16:34:40.443  2636  2809 I ActivityManager: Start proc 16709:com.heytap.mcs.statistics/1000 for service {com.heytap.mcs/com.heytap.mcs.biz.statistics.service.StatisticsApiService}
08-28 16:34:40.464  2636  2809 I ActivityManager: Start proc 16716:com.heytap.mcs.appservice/1000 for service {com.heytap.mcs/com.heytap.mcs.biz.appservice.McsSdkService}
08-28 16:34:40.634  2636  6446 I ActivityManager: Killing 15353:com.facebook.system/u0a230 (adj 985): empty #17
08-28 16:34:42.026  2636  8408 D UsageStatsService: User[999] type=0 b=1724838903670 e=1724844882026 cb=1724776745746 ce=1724844381984 disk=0 all=1
08-28 16:34:45.027  2636  3212 V OplusNPMS: getWarningNotification numWarningNotificaion10
08-28 16:34:45.027  2636  3212 V OplusNPMS: getWarningNotification numWarningNotificaion10
08-28 16:34:45.027  2636  3212 V OplusNPMS: getLimitNotificationState subID=1
08-28 16:34:45.027  2636  3212 V OplusNPMS: getLimitNotificationState mSubidToIccId != null
08-28 16:34:45.649 16709 16709 W ContextImpl: Calling a method in the system process without a qualified user: android.app.ContextImpl.startService:1889 android.content.ContextWrapper.startService:827 com.heytap.mcs.biz.statistics.StaticProcessTrackStatusManager.exitCurrentProcess:11 com.heytap.mcs.biz.statistics.StaticProcessTrackStatusManager$1.handleMessage:3 android.os.Handler.dispatchMessage:102 
08-28 16:34:45.718  2636  3679 I ActivityManager: Process com.heytap.mcs.statistics (pid 16709) has died: fg  SVC 
08-28 16:34:51.228   812 16803 I keystore2: keystore2::watchdog: Watchdog thread idle -> terminating. Have a great day.
08-28 16:34:54.030  2636  3123 D CompatibilityChangeReporter: Compat change id reported: 151105954; UID 1000; state: ENABLED
08-28 16:34:54.036  2636  3123 E AppOps  : attributionTag  not declared in manifest of com.oplus.exsystemservice
08-28 16:34:54.042  2636  3123 E AppOps  : attributionTag  not declared in manifest of com.oplus.exsystemservice
08-28 16:35:00.028  2636  7667 E OplusCustomizeRestrictionManagerService: isBiometricDisabled start
08-28 16:35:00.030  2636  3679 E OplusCustomizeRestrictionManagerService: isBiometricDisabled start
08-28 16:35:00.041  2636  3277 W ContextImpl: Calling a method in the system process without a qualified user: android.app.ContextImpl.sendBroadcast:1205 com.android.server.job.controllers.OplusCpuController.notifyHighCpuEventForApp:386 com.android.server.job.controllers.OplusCpuController.handleCpuUpdate:332 com.android.server.job.controllers.OplusCpuController.-$$Nest$mhandleCpuUpdate:0 com.android.server.job.controllers.OplusCpuController$CpuTrackerHandler.handleMessage:256 
08-28 16:35:00.738  2636  4376 I ActivityManager: Process com.heytap.mcs.appservice (pid 16716) has died: cch+5 CEM 
08-28 16:35:05.216  2636  4148 D OplusAppListInterceptManager: shouldFilterTask
08-28 16:35:05.216  2636  4148 D OplusAppListInterceptManager: shouldFilterTask::packageName = com.yoga_ai
08-28 16:35:05.216  2636  4148 D OplusAppListInterceptManager: shouldFilterTask
08-28 16:35:05.216  2636  4148 D OplusAppListInterceptManager: shouldFilterTask::packageName = com.android.settings
08-28 16:35:05.217  2636  4148 D OplusSplitScreenManagerService: com.android.settings unSupportsSplitScreen by blockList or ForbidActivityList
08-28 16:35:05.217  2636  4148 D OplusSplitScreenManagerService: com.android.settings unSupportsSplitScreen by blockList or ForbidActivityList
08-28 16:35:05.217  2636  4148 D OplusAppListInterceptManager: shouldFilterTask
08-28 16:35:05.217  2636  4148 D OplusAppListInterceptManager: shouldFilterTask::packageName = com.whatsapp
08-28 16:35:05.217  2636  4148 D OplusAppListInterceptManager: shouldFilterTask
08-28 16:35:05.217  2636  4148 D OplusAppListInterceptManager: shouldFilterTask::packageName = com.whatsapp.w4b
08-28 16:35:05.217  2636  4148 D OplusAppListInterceptManager: shouldFilterTask
08-28 16:35:05.217  2636  4148 D OplusAppListInterceptManager: shouldFilterTask::packageName = com.figma.mirror
08-28 16:35:05.217  2636  4148 D OplusAppListInterceptManager: shouldFilterTask
08-28 16:35:05.217  2636  4148 D OplusAppListInterceptManager: shouldFilterTask::packageName = io.keybase.ossifrage
08-28 16:35:14.234  1536  1536 I Quality : SFJankCountInfo: 17;0;0-0-0-0-0-0-0-0-0-0;1-0-0-0-0-0-0-0-0-0;2-0-0-0-0-0-0-0-0-0;3-0-0-0-0-0-0-0-0-0;4-0-0-0-0-0-0-0-0-0;5-0-0-0-0-0-0-0-0-0;6-0-0-0-0-0-0-0-0-0;7-0-0-0-0-0-0-0-0-0;8-0-0-0-0-0-0-0-0-0;9-0-0-0-0-0-0-0-0-0;
08-28 16:35:14.687  2636  2636 D CompatibilityChangeReporter: Compat change id reported: 135634846; UID 10243; state: DISABLED
08-28 16:35:14.687  2636  2636 D CompatibilityChangeReporter: Compat change id reported: 177438394; UID 10243; state: DISABLED
08-28 16:35:14.687  2636  2636 D CompatibilityChangeReporter: Compat change id reported: 135772972; UID 10243; state: DISABLED
08-28 16:35:14.687  2636  2636 D CompatibilityChangeReporter: Compat change id reported: 135754954; UID 10243; state: ENABLED
08-28 16:35:14.689  2636  2809 D CompatibilityChangeReporter: Compat change id reported: 143937733; UID 10243; state: ENABLED
08-28 16:35:14.711  2636  2809 I ActivityManager: Start proc 16846:com.google.android.apps.photos/u0a243 for service {com.google.android.apps.photos/com.google.android.apps.photos.dbprocessor.impl.DatabaseProcessorJobService}
08-28 16:35:14.764  2636  6876 D CompatibilityChangeReporter: Compat change id reported: 168419799; UID 10243; state: DISABLED
08-28 16:35:15.486  2636  4376 D CompatibilityChangeReporter: Compat change id reported: 161145287; UID 10243; state: DISABLED
08-28 16:35:15.751 16846 16877 E OplusCustomizeRestrictionManager: sInstance is null, start a new sInstance
08-28 16:35:27.777  7892  7892 I Quality : Skipped: true 2 cost 27.4013 refreshRate 11096771 bit true processName com.yoga_ai
08-28 16:35:29.855  7892  7892 I Quality : Skipped: true 1 cost 18.74304 refreshRate 11096771 bit true processName com.yoga_ai
08-28 16:35:30.626  2636  3031 I MultiApp.CMAService: Need hide Switch Profile Entrance --> has multiapp and callingPackage = com.google.android.providers.media.module
08-28 16:35:31.961  7892  7892 I Quality : Skipped: true 1 cost 18.335173 refreshRate 11093400 bit true processName com.yoga_ai
08-28 16:35:34.070  7892  7892 I Quality : Skipped: true 1 cost 20.1474 refreshRate 11093400 bit true processName com.yoga_ai
08-28 16:35:40.708  2636  4148 W BatteryExternalStatsWorker: error reading Bluetooth stats: 11
08-28 16:35:42.809  2636  4376 I DisplayDeviceRepository: Display device added: DisplayDeviceInfo{"dYOaJGi": uniqueId="virtual:com.pix.arts.CaesarEmpire,10188,dYOaJGi,0", 1 x 1, modeId 213, defaultModeId 213, supportedModes [{id=213, width=1, height=1, fps=60.0, alternativeRefreshRates=[]}], colorMode 0, supportedColorModes [0], hdrCapabilities null, allmSupported false, gameContentTypeSupported false, density 480, 480.0 x 480.0 dpi, appVsyncOff 0, presDeadline 16666666, touch NONE, rotation 0, type VIRTUAL, deviceProductInfo null, state OFF, owner com.pix.arts.CaesarEmpire (uid 10188), frameRateOverride , brightnessMinimum 0.0, brightnessMaximum 0.0, brightnessDefault 0.0, FLAG_PRESENTATION, FLAG_OWN_CONTENT_ONLY, installOrientation 0}
08-28 16:35:42.814  2636  4376 I LogicalDisplayMapper: Applying layout: [{addr: {port=129, model=0x40446d9a854eec}, dispId: 0(ON)}], Previous layout: [{addr: {port=129, model=0x40446d9a854eec}, dispId: 0(ON)}]
08-28 16:35:42.815  2636  4376 I LogicalDisplayMapper: Adding new display: 213: DisplayInfo{"dYOaJGi", displayId 213", displayGroupId -1, FLAG_PRESENTATION, real 1 x 1, largest app 1 x 1, smallest app 1 x 1, appVsyncOff 0, presDeadline 16666666, mode 213, defaultMode 213, modes [{id=213, width=1, height=1, fps=60.0, alternativeRefreshRates=[]}], hdrCapabilities null, userDisabledHdrTypes [], minimalPostProcessingSupported false, rotation 0, state OFF, type VIRTUAL, uniqueId "virtual:com.pix.arts.CaesarEmpire,10188,dYOaJGi,0", app 1 x 1, density 480 (480.0 x 480.0) dpi, layerStack 213, colorMode 0, supportedColorModes [0], deviceProductInfo null, owner com.pix.arts.CaesarEmpire (uid 10188), removeMode 0, refreshRateOverride 0.0, brightnessMinimum 0.0, brightnessMaximum 0.0, brightnessDefault 0.0, installOrientation ROTATION_0}
08-28 16:35:42.817  2636  4376 I LogicalDisplayMapper: Setting new display group 0 for display 213, from previous group: null
08-28 16:35:42.820  2636  4376 D DisplayManagerServiceExtImpl: scheduleTraversalLocked intraversal=false
08-28 16:35:42.821  2636  2775 D DisplayManagerService: Delivering display event: displayId=213, event=1
08-28 16:35:42.826  2636  2636 I MultiDisplayRefreshRateManagerExtImpl: onDisplayAdded, mDecreaseRefreshRate: false, displayId: 213, uniquedId: virtual:com.pix.arts.CaesarEmpire,10188,dYOaJGi,0
08-28 16:35:42.830  2636  4637 E OAPM    : onDisplayAdded: 213, name: dYOaJGi
08-28 16:35:42.857  2636  2775 D DisplayManagerService: MSG_REQUEST_TRAVERSAL pendingCompleted=false
08-28 16:35:42.874  2636  2773 I OplusZoomWindowManagerService: Not the default display id, return
08-28 16:35:42.876  2636  2773 D OplusCompactWindowManagerService: updateRotation setDeviceFolded oldRotation =:0 ,newRotation=:0 ,mFoldState =:0 ,processTasks =:true ,DisplayId =:213 ,oritentationSource null
08-28 16:35:42.877  2636  2773 W DisplayManagerService: Display DisplayDeviceInfo{"dYOaJGi": uniqueId="virtual:com.pix.arts.CaesarEmpire,10188,dYOaJGi,0", 1 x 1, modeId 213, defaultModeId 213, supportedModes [{id=213, width=1, height=1, fps=60.0, alternativeRefreshRates=[]}], colorMode 0, supportedColorModes [0], hdrCapabilities null, allmSupported false, gameContentTypeSupported false, density 480, 480.0 x 480.0 dpi, appVsyncOff 0, presDeadline 16666666, touch NONE, rotation 0, type VIRTUAL, deviceProductInfo null, state OFF, owner com.pix.arts.CaesarEmpire (uid 10188), frameRateOverride , brightnessMinimum 0.0, brightnessMaximum 0.0, brightnessDefault 0.0, FLAG_PRESENTATION, FLAG_OWN_CONTENT_ONLY, installOrientation 0} does not support input device matching.
08-28 16:35:42.877  2636  2773 I DisplayManagerServiceExtImpl: handle logical display changed logicalDisplay=id=213,phase=1,stack=213,content=false,displayInfo{stack=213,type=5,id=213,uId=virtual:com.pix.arts.CaesarEmpire,10188,dYOaJGi,0,state=OFF,pkg=com.pix.arts.CaesarEmpire}
08-28 16:35:42.879  2636  2773 W DisplayManagerService: Display DisplayDeviceInfo{"dYOaJGi": uniqueId="virtual:com.pix.arts.CaesarEmpire,10188,dYOaJGi,0", 1 x 1, modeId 213, defaultModeId 213, supportedModes [{id=213, width=1, height=1, fps=60.0, alternativeRefreshRates=[]}], colorMode 0, supportedColorModes [0], hdrCapabilities null, allmSupported false, gameContentTypeSupported false, density 480, 480.0 x 480.0 dpi, appVsyncOff 0, presDeadline 16666666, touch NONE, rotation 0, type VIRTUAL, deviceProductInfo null, state OFF, owner com.pix.arts.CaesarEmpire (uid 10188), frameRateOverride , brightnessMinimum 0.0, brightnessMaximum 0.0, brightnessDefault 0.0, FLAG_PRESENTATION, FLAG_OWN_CONTENT_ONLY, installOrientation 0} does not support input device matching.
08-28 16:35:42.879  2636  2773 I DisplayManagerServiceExtImpl: handle logical display changed logicalDisplay=id=213,phase=1,stack=213,content=false,displayInfo{stack=213,type=5,id=213,uId=virtual:com.pix.arts.CaesarEmpire,10188,dYOaJGi,0,state=OFF,pkg=com.pix.arts.CaesarEmpire}
08-28 16:35:42.883  2636  2773 I WindowManager: Override config changes=200051f8 {0.0 ?mcc?mnc ?localeList ?layoutDir ?swdp ?wdp ?hdp 480dpi smll port ?uimode ?night -touch -keyb/v/h -nav/h winConfig={ mBounds=Rect(0, 0 - 1, 1) mAppBounds=Rect(0, 0 - 1, 1) mMaxBounds=Rect(0, 0 - 1, 1) mDisplayRotation=ROTATION_0 mWindowingMode=fullscreen mDisplayWindowingMode=fullscreen mActivityType=undefined mAlwaysOnTop=undefined mRotation=ROTATION_0} ?fontWeightAdjustmentmThemeChanged= 0, mThemeChangedFlags= 0, mFlipFont= 0, mAccessibleChanged= 0, mUxIconConfig= 0, mMaterialColor= ffffffffffffffff, mUserId= -1, mFontUserId= -1, mFontVariationSettings= 0, mFoldingAngle = -1.0, mIconPackName= , mDarkModeBackgroundMaxL= -1.0, mDarkModeDialogBgMaxL= -1.0, mDarkModeForegroundMinL= -1.0, mOplusConfigType= 0, mOplusChangedConfigs= 0, OpSans= -1, mFlag= 0} for displayId=213
08-28 16:35:42.883  2636  2773 D OplusCompactWindowManagerService: updateRotation setDeviceFolded oldRotation =:0 ,newRotation=:0 ,mFoldState =:0 ,processTasks =:true ,DisplayId =:213 ,oritentationSource null
08-28 16:35:42.885  3619  3722 W DisplayController: Skipping Display Configuration change on non-added display.
08-28 16:35:42.886  2636  2773 D DisplayManagerService: performTraversalInternal pendingTraversal
08-28 16:35:42.886  2636  2773 D DisplayDevice: setLayerStackLocked id=local:4630946827272645761 token=android.os.BinderProxy@75a533b stack=0->0
08-28 16:35:42.886  2636  2773 D DisplayDevice: setLayerStackLocked id=virtual:com.pix.arts.CaesarEmpire,10188,dYOaJGi,0 token=android.os.BinderProxy@9591976 stack=-2->-1
08-28 16:35:42.886  2636  2773 W DisplayManagerService: Display DisplayDeviceInfo{"dYOaJGi": uniqueId="virtual:com.pix.arts.CaesarEmpire,10188,dYOaJGi,0", 1 x 1, modeId 213, defaultModeId 213, supportedModes [{id=213, width=1, height=1, fps=60.0, alternativeRefreshRates=[]}], colorMode 0, supportedColorModes [0], hdrCapabilities null, allmSupported false, gameContentTypeSupported false, density 480, 480.0 x 480.0 dpi, appVsyncOff 0, presDeadline 16666666, touch NONE, rotation 0, type VIRTUAL, deviceProductInfo null, state OFF, owner com.pix.arts.CaesarEmpire (uid 10188), frameRateOverride , brightnessMinimum 0.0, brightnessMaximum 0.0, brightnessDefault 0.0, FLAG_PRESENTATION, FLAG_OWN_CONTENT_ONLY, installOrientation 0} does not support input device matching.
08-28 16:35:42.890  2636  2773 D OplusCompactWindowManagerService: updateRotation setDeviceFolded oldRotation =:0 ,newRotation=:0 ,mFoldState =:0 ,processTasks =:true ,DisplayId =:213 ,oritentationSource null
08-28 16:35:42.893  2636  2775 D DisplayManagerService: Delivering display group event: groupId=0, event=2
08-28 16:35:42.894  2636  2775 I VRR [OPlusRefreshRateManager]: hasADFRFeature return false
08-28 16:35:42.894  2636  2775 I DisplayManagerService: Comparing display specs: baseModeId=1 allowGroupSwitching=false primaryRefreshRateRange=[0 90] appRequestRefreshRateRange=[0 90] vrrPolicy=POLICY_DEFAULT, existing: baseModeId=1 allowGroupSwitching=false primaryRefreshRateRange=[0 90] appRequestRefreshRateRange=[0 90] vrrPolicy=POLICY_DEFAULT
08-28 16:35:42.894  2636  2775 I VRR [OPlusRefreshRateManager]: hasADFRFeature return false
08-28 16:35:42.894  2636  2775 I DisplayManagerService: Comparing display specs: baseModeId=213 allowGroupSwitching=false primaryRefreshRateRange=[0 90] appRequestRefreshRateRange=[0 90] vrrPolicy=POLICY_DEFAULT, existing: baseModeId=0 allowGroupSwitching=false primaryRefreshRateRange=[0 0] appRequestRefreshRateRange=[0 0] vrrPolicy=POLICY_DEFAULT
08-28 16:35:42.894  2636  2775 D DisplayManagerServiceExtImpl: scheduleTraversalLocked intraversal=false
08-28 16:35:42.894  2636  2775 D DisplayManagerService: Delivering display event: displayId=213, event=2
08-28 16:35:42.895  2636  2636 I WallpaperManagerServiceExt: removeDisplayData. displayId = 213
08-28 16:35:42.897  2636  2773 I OplusZoomWindowManagerService: Not the default display id, return
08-28 16:35:42.897  2636  2773 V WindowManager: Display 213 state is now (1), so update recording?
08-28 16:35:42.897  2636  2773 D OplusVFXScreenEffectFeature: notifySFCompatWindowStateChange entered false
08-28 16:35:42.906  2636  2776 D DisplayManagerService: performTraversalInternal pendingTraversal
08-28 16:35:42.906  2636  2776 D DisplayDevice: setLayerStackLocked id=local:4630946827272645761 token=android.os.BinderProxy@75a533b stack=0->0
08-28 16:35:42.906  2636  2776 D DisplayDevice: setLayerStackLocked id=virtual:com.pix.arts.CaesarEmpire,10188,dYOaJGi,0 token=android.os.BinderProxy@9591976 stack=-1->-1
08-28 16:35:42.906  2636  2776 W DisplayManagerService: Display DisplayDeviceInfo{"dYOaJGi": uniqueId="virtual:com.pix.arts.CaesarEmpire,10188,dYOaJGi,0", 1 x 1, modeId 213, defaultModeId 213, supportedModes [{id=213, width=1, height=1, fps=60.0, alternativeRefreshRates=[]}], colorMode 0, supportedColorModes [0], hdrCapabilities null, allmSupported false, gameContentTypeSupported false, density 480, 480.0 x 480.0 dpi, appVsyncOff 0, presDeadline 16666666, touch NONE, rotation 0, type VIRTUAL, deviceProductInfo null, state OFF, owner com.pix.arts.CaesarEmpire (uid 10188), frameRateOverride , brightnessMinimum 0.0, brightnessMaximum 0.0, brightnessDefault 0.0, FLAG_PRESENTATION, FLAG_OWN_CONTENT_ONLY, installOrientation 0} does not support input device matching.
08-28 16:35:42.908  2636  2775 D DisplayManagerService: Delivering display event: displayId=213, event=2
08-28 16:35:42.912  2636  2775 D DisplayManagerService: MSG_REQUEST_TRAVERSAL pendingCompleted=false
08-28 16:35:42.922 19898 19898 D OplusInputMethodUtil: updateDebugToClass InputMethodManager.DEBUG = false
08-28 16:35:42.922 19898 19898 D OplusInputMethodUtil: updateDebugToClass ImeFocusController.DEBUG = false
08-28 16:35:42.922 19898 19898 D OplusInputMethodUtil: updateDebugToClass BaseInputConnection.DEBUG = false
08-28 16:35:42.922 19898 19898 D OplusInputMethodUtil: updateDebugToClass ImeFocusController.sDebugIme = false
08-28 16:35:42.932  2636  4148 D OplusFullScreenDisplayManager: adjustWindowParamsLw com.pix.arts.CaesarEmpire, no change cutoutMode: 0
08-28 16:35:42.938  2636  4148 I WindowManager: addWindow: New client android.os.BinderProxy@f26b067 : window=Window{3e2ae14 u0 com.pix.arts.CaesarEmpire}
08-28 16:35:42.940  2636  4148 D CoreBackPreview: Window{3e2ae14 u0 com.pix.arts.CaesarEmpire}: Setting back callback OnBackInvokedCallbackInfo{mCallback=android.window.IOnBackInvokedCallback$Stub$Proxy@de3ec03, mPriority=0}
08-28 16:35:42.943  2636  3679 D OplusFullScreenDisplayManager: adjustWindowParamsLw com.pix.arts.CaesarEmpire, no change cutoutMode: 0
08-28 16:35:42.943  2636  3679 V WindowManager: Relayout Window{3e2ae14 u0 com.pix.arts.CaesarEmpire}: viewVisibility=0, oldvis=0, req=1x1
08-28 16:35:42.954 19898 19898 V ZoomWindowDecorView: setLastReportedMergedConfiguration mZoomDisplayHeight: 1 getDecorView.256483499
08-28 16:35:42.963  2636  4148 D WindowManager: finishDrawingWindow: Window{3e2ae14 u0 com.pix.arts.CaesarEmpire} mDrawState=DRAW_PENDING
08-28 16:35:42.969  2636  2776 D DisplayManagerService: Display 213 hasContent flag changed: hasContent=true, inTraversal=true
08-28 16:35:42.969  2636  2776 D DisplayManagerServiceExtImpl: scheduleTraversalLocked intraversal=true
08-28 16:35:42.970  2636  2776 D DisplayManagerService: performTraversalInternal pendingTraversal
08-28 16:35:42.970  2636  2776 D DisplayDevice: setLayerStackLocked id=local:4630946827272645761 token=android.os.BinderProxy@75a533b stack=0->0
08-28 16:35:42.971  2636  2776 D DisplayDevice: setLayerStackLocked id=virtual:com.pix.arts.CaesarEmpire,10188,dYOaJGi,0 token=android.os.BinderProxy@9591976 stack=-1->-1
08-28 16:35:42.971  2636  2776 W DisplayManagerService: Display DisplayDeviceInfo{"dYOaJGi": uniqueId="virtual:com.pix.arts.CaesarEmpire,10188,dYOaJGi,0", 1 x 1, modeId 213, defaultModeId 213, supportedModes [{id=213, width=1, height=1, fps=60.0, alternativeRefreshRates=[]}], colorMode 0, supportedColorModes [0], hdrCapabilities null, allmSupported false, gameContentTypeSupported false, density 480, 480.0 x 480.0 dpi, appVsyncOff 0, presDeadline 16666666, touch NONE, rotation 0, type VIRTUAL, deviceProductInfo null, state OFF, owner com.pix.arts.CaesarEmpire (uid 10188), frameRateOverride , brightnessMinimum 0.0, brightnessMaximum 0.0, brightnessDefault 0.0, FLAG_PRESENTATION, FLAG_OWN_CONTENT_ONLY, installOrientation 0} does not support input device matching.
08-28 16:35:42.973  2636  4148 D WindowManager: finishDrawingWindow: Window{3e2ae14 u0 com.pix.arts.CaesarEmpire} mDrawState=HAS_DRAWN
08-28 16:35:43.447  2636  4148 I ActivityTaskManager: START u0 {flg=0x54018000 cmp=com.pix.arts.CaesarEmpire/thf.tor.jy mCallingUid=10188} from uid 10188
08-28 16:35:43.449  2636  4148 W ActivityTaskManager: Background activity start [callingPackage: com.pix.arts.CaesarEmpire; callingUid: 10188; appSwitchState: 2; isCallingUidForeground: false; callingUidHasAnyVisibleWindow: false; callingUidProcState: FOREGROUND_SERVICE; isCallingUidPersistentSystemProcess: false; realCallingUid: 10188; isRealCallingUidForeground: false; realCallingUidHasAnyVisibleWindow: false; realCallingUidProcState: FOREGROUND_SERVICE; isRealCallingUidPersistentSystemProcess: false; originatingPendingIntent: null; allowBackgroundActivityStart: false; intent: Intent { flg=0x54018000 cmp=com.pix.arts.CaesarEmpire/thf.tor.jy mCallingUid=10188 }; callerApp: ProcessRecord{3d9858a 19898:com.pix.arts.CaesarEmpire/u0a188}; inVisibleTask: false]
08-28 16:35:43.454  2636  4148 E ActivityTaskManager: Abort background activity starts from 10188
08-28 16:35:43.459 19898 19898 V ZoomWindowDecorView: removeZoomView
08-28 16:35:43.459  2636  4148 D CoreBackPreview: Window{3e2ae14 u0 com.pix.arts.CaesarEmpire}: Setting back callback null
08-28 16:35:43.463  2636  4148 D DisplayManagerService: Display 213 hasContent flag changed: hasContent=false, inTraversal=true
08-28 16:35:43.463  2636  4148 D DisplayManagerServiceExtImpl: scheduleTraversalLocked intraversal=true
08-28 16:35:43.464  2636  4148 D DisplayManagerService: performTraversalInternal pendingTraversal
08-28 16:35:43.464  2636  4148 D DisplayDevice: setLayerStackLocked id=local:4630946827272645761 token=android.os.BinderProxy@75a533b stack=0->0
08-28 16:35:43.464  2636  4148 D DisplayDevice: setLayerStackLocked id=virtual:com.pix.arts.CaesarEmpire,10188,dYOaJGi,0 token=android.os.BinderProxy@9591976 stack=-1->-1
08-28 16:35:43.464  2636  4148 W DisplayManagerService: Display DisplayDeviceInfo{"dYOaJGi": uniqueId="virtual:com.pix.arts.CaesarEmpire,10188,dYOaJGi,0", 1 x 1, modeId 213, defaultModeId 213, supportedModes [{id=213, width=1, height=1, fps=60.0, alternativeRefreshRates=[]}], colorMode 0, supportedColorModes [0], hdrCapabilities null, allmSupported false, gameContentTypeSupported false, density 480, 480.0 x 480.0 dpi, appVsyncOff 0, presDeadline 16666666, touch NONE, rotation 0, type VIRTUAL, deviceProductInfo null, state OFF, owner com.pix.arts.CaesarEmpire (uid 10188), frameRateOverride , brightnessMinimum 0.0, brightnessMaximum 0.0, brightnessDefault 0.0, FLAG_PRESENTATION, FLAG_OWN_CONTENT_ONLY, installOrientation 0} does not support input device matching.
08-28 16:35:43.471  2636  4148 I DisplayDeviceRepository: Display device removed: DisplayDeviceInfo{"dYOaJGi": uniqueId="virtual:com.pix.arts.CaesarEmpire,10188,dYOaJGi,0", 1 x 1, modeId 213, defaultModeId 213, supportedModes [{id=213, width=1, height=1, fps=60.0, alternativeRefreshRates=[]}], colorMode 0, supportedColorModes [0], hdrCapabilities null, allmSupported false, gameContentTypeSupported false, density 480, 480.0 x 480.0 dpi, appVsyncOff 0, presDeadline 16666666, touch NONE, rotation 0, type VIRTUAL, deviceProductInfo null, state OFF, owner com.pix.arts.CaesarEmpire (uid 10188), frameRateOverride , brightnessMinimum 0.0, brightnessMaximum 0.0, brightnessDefault 0.0, FLAG_PRESENTATION, FLAG_OWN_CONTENT_ONLY, installOrientation 0}
08-28 16:35:43.473  2636  4148 W LogicalDisplay: setPrimaryDisplayDeviceLocked device changed:[id=virtual:com.pix.arts.CaesarEmpire,10188,dYOaJGi,0,stack=-1]->null
08-28 16:35:43.474  2636  4148 I LogicalDisplayMapper: Removing display: 213
08-28 16:35:43.474  2636  4148 D LogicalDisplayMapper: invalid display=id=213,phase=1,stack=213,content=false,displayInfo{stack=0,type=0,id=0,uId=null,state=UNKNOWN,pkg=null}
08-28 16:35:43.474  2636  4148 D DisplayManagerServiceExtImpl: scheduleTraversalLocked intraversal=false
08-28 16:35:43.474  2636  2775 D DisplayManagerService: Delivering display event: displayId=213, event=3
08-28 16:35:43.475  2636  4637 E OAPM    : onDisplayRemoved: 213
08-28 16:35:43.480  2636  2775 D DisplayManagerService: MSG_REQUEST_TRAVERSAL pendingCompleted=false
08-28 16:35:43.486  2636  2775 D DisplayManagerService: Delivering display group event: groupId=0, event=2
08-28 16:35:43.486  2636  2775 I VRR [OPlusRefreshRateManager]: hasADFRFeature return false
08-28 16:35:43.487  2636  2775 I DisplayManagerService: Comparing display specs: baseModeId=1 allowGroupSwitching=false primaryRefreshRateRange=[0 90] appRequestRefreshRateRange=[0 90] vrrPolicy=POLICY_DEFAULT, existing: baseModeId=1 allowGroupSwitching=false primaryRefreshRateRange=[0 90] appRequestRefreshRateRange=[0 90] vrrPolicy=POLICY_DEFAULT
08-28 16:35:43.494  2636  2776 D DisplayManagerService: performTraversalInternal pendingTraversal
08-28 16:35:43.494  2636  2776 D DisplayDevice: setLayerStackLocked id=local:4630946827272645761 token=android.os.BinderProxy@75a533b stack=0->0
08-28 16:35:44.681  2636  2636 D CompatibilityChangeReporter: Compat change id reported: 135634846; UID 10540; state: DISABLED
08-28 16:35:44.682  2636  2636 D CompatibilityChangeReporter: Compat change id reported: 177438394; UID 10540; state: DISABLED
08-28 16:35:44.682  2636  2636 D CompatibilityChangeReporter: Compat change id reported: 135772972; UID 10540; state: DISABLED
08-28 16:35:44.683  2636  2636 D CompatibilityChangeReporter: Compat change id reported: 135754954; UID 10540; state: ENABLED
08-28 16:35:44.685  2636  2809 D CompatibilityChangeReporter: Compat change id reported: 143937733; UID 10540; state: ENABLED
08-28 16:35:44.717  2636  2809 I ActivityManager: Start proc 16993:com.linkedin.android/u0a540 for service {com.linkedin.android/androidx.work.impl.background.systemjob.SystemJobService}
08-28 16:35:44.767  2636  4376 D CompatibilityChangeReporter: Compat change id reported: 168419799; UID 10540; state: DISABLED
08-28 16:35:45.126  2636  4376 D CompatibilityChangeReporter: Compat change id reported: 161145287; UID 10540; state: DISABLED
08-28 16:35:45.394  2636  6876 D OplusAppListInterceptManager: shouldFilterTask
08-28 16:35:45.394  2636  6876 D OplusAppListInterceptManager: shouldFilterTask::packageName = com.yoga_ai
08-28 16:35:45.394  2636  6876 D OplusAppListInterceptManager: shouldFilterTask
08-28 16:35:45.394  2636  6876 D OplusAppListInterceptManager: shouldFilterTask::packageName = com.android.settings
08-28 16:35:45.394  2636  6876 D OplusSplitScreenManagerService: com.android.settings unSupportsSplitScreen by blockList or ForbidActivityList
08-28 16:35:45.394  2636  6876 D OplusSplitScreenManagerService: com.android.settings unSupportsSplitScreen by blockList or ForbidActivityList
08-28 16:35:45.394  2636  6876 D OplusAppListInterceptManager: shouldFilterTask
08-28 16:35:45.394  2636  6876 D OplusAppListInterceptManager: shouldFilterTask::packageName = com.whatsapp
08-28 16:35:45.394  2636  6876 D OplusAppListInterceptManager: shouldFilterTask
08-28 16:35:45.394  2636  6876 D OplusAppListInterceptManager: shouldFilterTask::packageName = com.whatsapp.w4b
08-28 16:35:45.394  2636  6876 D OplusAppListInterceptManager: shouldFilterTask
08-28 16:35:45.394  2636  6876 D OplusAppListInterceptManager: shouldFilterTask::packageName = com.figma.mirror
08-28 16:35:45.394  2636  6876 D OplusAppListInterceptManager: shouldFilterTask
08-28 16:35:45.394  2636  6876 D OplusAppListInterceptManager: shouldFilterTask::packageName = io.keybase.ossifrage
08-28 16:35:45.488  2636  4376 D CompatibilityChangeReporter: Compat change id reported: 319212206; UID 10540; state: DISABLED
08-28 16:35:45.517  2636  6876 D BiometricService: canAuthenticate: User=0, Caller=0, Authenticators=33023, opPackageName=com.linkedin.android
08-28 16:35:45.519  2636  6876 D BiometricService/PreAuthInfo: Package: com.linkedin.android Sensor ID: 0 Modality: 2 Status: 1
08-28 16:35:45.520  2636  6876 E OplusCustomizeRestrictionManagerService: isBiometricDisabled start
08-28 16:35:45.521  2636  6876 E OplusCustomizeRestrictionManagerService: isBiometricDisabled start
08-28 16:35:45.521  2636  6876 D BiometricService/PreAuthInfo: Package: com.linkedin.android Sensor ID: 4 Modality: 8 Status: 7
08-28 16:35:45.523  2636  6876 D BiometricService/PreAuthInfo: getCanAuthenticateInternal Modality: 3 AuthenticatorStatus: 1
08-28 16:35:45.523  2636  6876 D AuthService: canAuthenticate, userId: 0, callingUserId: 0, authenticators: 33023, result: 0
08-28 16:35:45.720  2636  6876 D CompatibilityChangeReporter: Compat change id reported: 194532703; UID 10540; state: ENABLED
08-28 16:35:45.736 16993 16993 I Quality : ActivityThread: callApplicationOnCreate delay 414 com.linkedin.android 16993
08-28 16:35:47.277  2636  7667 I ActivityManager: Killing 15304:com.facebook.appmanager/u0a242 (adj 985): empty #17
08-28 16:35:47.327  2636  3930 I WallpaperManagerServiceExt: getFoldWallpaperInfo user=0 which=32 phyDisplay=1
08-28 16:35:47.327  2636  3930 I WallpaperManagerServiceExt: getFoldWallpaperInfo user=0 which=16 phyDisplay=1
08-28 16:35:54.035  2636  3123 E AppOps  : attributionTag  not declared in manifest of com.oplus.exsystemservice
08-28 16:35:54.041  2636  3123 E AppOps  : attributionTag  not declared in manifest of com.oplus.exsystemservice
08-28 16:36:00.027  2636  3679 E OplusCustomizeRestrictionManagerService: isBiometricDisabled start
08-28 16:36:00.028  2636  4376 E OplusCustomizeRestrictionManagerService: isBiometricDisabled start
08-28 16:36:00.243  2636  3277 W ContextImpl: Calling a method in the system process without a qualified user: android.app.ContextImpl.sendBroadcast:1205 com.android.server.job.controllers.OplusCpuController.notifyHighCpuEventForApp:386 com.android.server.job.controllers.OplusCpuController.handleCpuUpdate:332 com.android.server.job.controllers.OplusCpuController.-$$Nest$mhandleCpuUpdate:0 com.android.server.job.controllers.OplusCpuController$CpuTrackerHandler.handleMessage:256 
08-28 16:36:05.454  2636  6876 D OplusAppListInterceptManager: shouldFilterTask
08-28 16:36:05.454  2636  6876 D OplusAppListInterceptManager: shouldFilterTask::packageName = com.yoga_ai
08-28 16:36:05.455  2636  6876 D OplusAppListInterceptManager: shouldFilterTask
08-28 16:36:05.455  2636  6876 D OplusAppListInterceptManager: shouldFilterTask::packageName = com.android.settings
08-28 16:36:05.455  2636  6876 D OplusSplitScreenManagerService: com.android.settings unSupportsSplitScreen by blockList or ForbidActivityList
08-28 16:36:05.455  2636  6876 D OplusSplitScreenManagerService: com.android.settings unSupportsSplitScreen by blockList or ForbidActivityList
08-28 16:36:05.455  2636  6876 D OplusAppListInterceptManager: shouldFilterTask
08-28 16:36:05.455  2636  6876 D OplusAppListInterceptManager: shouldFilterTask::packageName = com.whatsapp
08-28 16:36:05.455  2636  6876 D OplusAppListInterceptManager: shouldFilterTask
08-28 16:36:05.455  2636  6876 D OplusAppListInterceptManager: shouldFilterTask::packageName = com.whatsapp.w4b
08-28 16:36:05.455  2636  6876 D OplusAppListInterceptManager: shouldFilterTask
08-28 16:36:05.455  2636  6876 D OplusAppListInterceptManager: shouldFilterTask::packageName = com.figma.mirror
08-28 16:36:05.455  2636  6876 D OplusAppListInterceptManager: shouldFilterTask
08-28 16:36:05.455  2636  6876 D OplusAppListInterceptManager: shouldFilterTask::packageName = io.keybase.ossifrage
08-28 16:36:14.464  1536  1536 I Quality : SFJankCountInfo: 28;0;0-0-0-0-0-0-0-0-0-0;1-0-0-0-0-0-0-0-0-0;2-0-0-0-0-0-0-0-0-0;3-0-0-0-0-0-0-0-0-0;4-0-0-0-0-0-0-0-0-0;5-0-0-0-0-0-0-0-0-0;6-0-0-0-0-0-0-0-0-0;7-0-0-0-0-0-0-0-0-0;8-0-0-0-0-0-0-0-0-0;9-0-0-0-0-0-0-0-0-0;
08-28 16:36:25.643  2636  2836 D BatteryStatsImplExtImpl: updateDevicePowerDetails
08-28 16:36:25.652  2636  2836 D OplusRpmSubsystemManager: battery drained... 
08-28 16:36:25.657  2636  2836 D OplusRpmSubsystemManager: measureOplusRpmMasterStatsDelta... 
08-28 16:36:25.657  2636  2836 D OplusRpmSubsystemManager: elapsedRealTimeDelta :235980
08-28 16:36:25.657  2636  2836 D OplusRpmSubsystemManager: mRpmSuspendRatioSummay: [ADSP:0.00,ADSP_ISLAND:0.00,APSS:100.00,CDSP:100.00,MPSS:34.99]
08-28 16:36:25.658  2636  2836 D BatteryStatsImplExtImpl: PowerDetails: time=2024-08-28-16-36-25, top=com.yoga_ai.MainActivity, ref_counts=9046324, ref_mode=0, brightness=0, refs_per_sec=0.0, modem_txTimeMs=[0, 0, 0, 0, 0], traffic=[3802590790763,394123018692,13599351429232,2014258869307], ctr_drain=[2242,774,0,0], rpmstat=[ADSP:0.00,ADSP_ISLAND:0.00,APSS:100.00,CDSP:100.00,MPSS:28.28], sap=false, audio=[spk:0, headset:0]
08-28 16:36:25.658  2636  2836 D BatteryStatsImplExtImpl: , modem=[activity:SettleObj{ what=LO date=08-28 16:00:57.969 duration=3625 screenOnRatio=100.03 screenOffRatio=-0.03 power=79 current=191.64 networkType=WIFI dataNetworkType=13 signalStrength=-88 aodState=0 softAp=false charge=false simCount=2 defaultPhone=0 apssSleepC=36719 apssSleepRatio=3.94 mpssSleepC=17391 mpssSleepRatio=64.63 vminSleepC=0 vminSleepRatio=0 vlowSleepC=0 vlowSleepRatio=0 modemPowermA[]=[25.65,25.05,26.16] sleepRatio=65.05 idleRatio=17.74 rxRatio=16.36 5gRxRatio=0 txSumRatio=0.84 txRatio[]=[2.87,3.80,59.21,31.36,2.76] 5gTxRatioSIM1=[20.00,0,0,20.00,0,0,0,60.00] 5gTxRatioSIM2=[0,0,0,0,0,0,0,0] 5gTxSumRatio[]=[0,0] techRatio[]=[0,0,0,0,13.46,4.24,0,0,0] rrcConn10sC[]=[6, 0] rrcConn20sC[]=[4, 0] rrcConnMore20sC[]=[3, 0] rrcConnC[]=[13, 0] csChangedC[]=[0, 0] psChangedC[]=[0, 0] nwSrchC[]=[0, 0] nwSrchRatio[]=[0,0] lteRrcConnRatio[]=[0,0] psRegRatio[]=[0,0] csRegRatio[]=[0,0] psNoRegRatio[]=[0,0] csNoRegRatio[]=[0,0] sigGrid0Ratio[]=[0,0] endcActRatio[]=[0,0] saActRatio[]=[0,0] gpsRatio=0.83 wlanRatio=24.48 qrtrWakeupC={} allWakeupC={} appInWakeupC={} appOutWakeupC={} appWakeupRatio={} appTrafficC={com.whatsapp=122042736, com.yoga_ai=12971623, com.figma.mirror=854243, io.keybase.ossifrage=448081, com.linkedin.android=321286, com.android.chrome=226928, com.facebook.katana=196724, com.android.vending=145544, com.oplus.themestore=97311, com.oplus.statistics.rom=90187, com.UCMobile.intl=86133, com.oplus.vip=80524, com.google.android.youtube=63438, com.facebook.appmanager=55820, com.maertsno.m=55736, com.coloros.phonemanager=53457, com.google.uid.shared=47735, com.nemo.vidmate=39226, com.oppo.quicksearchbox=34437, com.facebook.services=32852, com.oplus.cosa=31627, android.uid.networkstack=31600, com.google.android.googlequicksearchbox=29443, com.qti.qcc=23377, com.whatsapp.w4b=22729, com.heytap.pictorial=18233, com.google.android.apps.messaging=14176, com.google.android.apps.photos=13565, com.pix.arts.CaesarEmpire=9292, com.oplus.uxdesign=8898, com.weevote=80} regReqFbC=[0, 0] regReqTransAcqDbC=[0, 0] saRrcConn10sC[]=[0, 0] saRrcConn20sC[]=[0, 0] saRrcConnMore20sC[]=[0, 0] saRrcConnC[]=[0, 0] lteHoC[]=[0, 0] saHoC[]=[0, 0] saRrcConnRatio[]=[0,0] lteBandRatiosim0[]=[0,0,0,0,0,0,0,0,0] lteBandRatiosim1[]=[0,0,0,0,0,0,0,0,0] nrBandRatiosim0[]=[0,0,0,0,0,0,0,0] nrBandRatiosim1[]=[0,0,0,0,0,0,0,0] sensorStationaryC=0 sensorStationaryT=0 modemStationaryC=0 modemStationaryT=0 cellUpdateC[]=[9, 0] iRatC[]=[0, 0]}]
08-28 16:36:25.658  2636  2836 D BatteryStatsImplExtImpl: , endc=0
08-28 16:36:25.680  2636  2636 D OplusRpmStatsTracker: Battery drained...  PreBatteryLevel=71  BatteryLevel=70
08-28 16:36:25.681  2636  2819 W BroadcastQueue: Permission Denial: receiving Intent { act=android.intent.action.BATTERY_LEVEL_CHANGED flg=0x1000010 (has extras) } to ProcessRecord{a8eb7ec 13736:com.oplus.statistics.rom/u0a348} (pid=13736, uid=10348) requires android.permission.BATTERY_STATS due to sender android (uid 1000)
08-28 16:36:25.681  2636  2636 D OplusPowerMonitor: BATTERY DRAINED ... PreBatteryLevel=71 BatteryLevel=70 StepCurrent=1.0917466888817904 Threshold:60.0 suspendRatio=14.936332446689107
08-28 16:36:25.681  2636  3134 D OplusRpmStatsTracker: triggerUpdate waitUntilUpdated=true reason=battery_level UseRpmhHidlV20=true
08-28 16:36:25.686  2636  3134 D b       : invoke method name:onValues
08-28 16:36:25.686  2636  3134 D b       : Object:java.lang.Integer
08-28 16:36:25.686  2636  3134 D b       : Object:java.util.ArrayList
08-28 16:36:25.686  2636  3134 D OplusRpmStatsTracker: { APSS:1 MPSS:1 MODEM:1 ADSP:1 CDSP:1 TZ:0 SLPI:0 SLPI_ISLAND:0 VMIN:0 AOSD:0 VLOW:0 CXSD:0 26M:0 AP:1 MD:1  }
